Archive member included because of file (symbol)

C:\dev\sdk\teams\support\fixes\s3e\edk\lib\android\libedk.a(IwDebug.o)
                              debug\lsUtilities_platform.os (IwDebugTraceSetTraceChannel)
C:\dev\sdk\teams\support\fixes\s3e\edk\lib\android\libedk.a(edk_helpers.o)
                              debug\lsUtilities_platform.os (s3eEdkThreadRunOnOS)
C:\android-ndk-r8e\sources\cxx-stl\gnu-libstdc++\4.4.3\libs\armeabi\libgnustl_static.a(allocator-inst.o)
                              debug\lsUtilities_platform.os (std::allocator<char>::allocator())
C:\android-ndk-r8e\sources\cxx-stl\gnu-libstdc++\4.4.3\libs\armeabi\libgnustl_static.a(string-inst.o)
                              debug\lsUtilities_platform.os (std::string::c_str() const)
C:\android-ndk-r8e\sources\cxx-stl\gnu-libstdc++\4.4.3\libs\armeabi\libgnustl_static.a(atomicity.o)
                              C:\android-ndk-r8e\sources\cxx-stl\gnu-libstdc++\4.4.3\libs\armeabi\libgnustl_static.a(string-inst.o) (__gnu_cxx::__exchange_and_add(int volatile*, int))
C:\android-ndk-r8e\sources\cxx-stl\gnu-libstdc++\4.4.3\libs\armeabi\libgnustl_static.a(del_op.o)
                              C:\android-ndk-r8e\sources\cxx-stl\gnu-libstdc++\4.4.3\libs\armeabi\libgnustl_static.a(string-inst.o) (operator delete(void*))
C:\android-ndk-r8e\sources\cxx-stl\gnu-libstdc++\4.4.3\libs\armeabi\libgnustl_static.a(eh_alloc.o)
                              C:\android-ndk-r8e\sources\cxx-stl\gnu-libstdc++\4.4.3\libs\armeabi\libgnustl_static.a(atomicity.o) (__cxa_allocate_exception)
C:\android-ndk-r8e\sources\cxx-stl\gnu-libstdc++\4.4.3\libs\armeabi\libgnustl_static.a(eh_arm.o)
                              C:\android-ndk-r8e\sources\cxx-stl\gnu-libstdc++\4.4.3\libs\armeabi\libgnustl_static.a(string-inst.o) (__cxa_end_cleanup)
C:\android-ndk-r8e\sources\cxx-stl\gnu-libstdc++\4.4.3\libs\armeabi\libgnustl_static.a(eh_aux_runtime.o)
                              C:\android-ndk-r8e\sources\cxx-stl\gnu-libstdc++\4.4.3\libs\armeabi\libgnustl_static.a(eh_arm.o) (__cxa_bad_typeid)
C:\android-ndk-r8e\sources\cxx-stl\gnu-libstdc++\4.4.3\libs\armeabi\libgnustl_static.a(eh_call.o)
                              C:\android-ndk-r8e\sources\cxx-stl\gnu-libstdc++\4.4.3\libs\armeabi\libgnustl_static.a(string-inst.o) (__cxa_call_unexpected)
C:\android-ndk-r8e\sources\cxx-stl\gnu-libstdc++\4.4.3\libs\armeabi\libgnustl_static.a(eh_catch.o)
                              C:\android-ndk-r8e\sources\cxx-stl\gnu-libstdc++\4.4.3\libs\armeabi\libgnustl_static.a(eh_call.o) (__cxa_end_catch)
C:\android-ndk-r8e\sources\cxx-stl\gnu-libstdc++\4.4.3\libs\armeabi\libgnustl_static.a(eh_exception.o)
                              C:\android-ndk-r8e\sources\cxx-stl\gnu-libstdc++\4.4.3\libs\armeabi\libgnustl_static.a(atomicity.o) (std::exception::~exception())
C:\android-ndk-r8e\sources\cxx-stl\gnu-libstdc++\4.4.3\libs\armeabi\libgnustl_static.a(eh_globals.o)
                              C:\android-ndk-r8e\sources\cxx-stl\gnu-libstdc++\4.4.3\libs\armeabi\libgnustl_static.a(eh_call.o) (__cxa_get_globals_fast)
C:\android-ndk-r8e\sources\cxx-stl\gnu-libstdc++\4.4.3\libs\armeabi\libgnustl_static.a(eh_personality.o)
                              C:\android-ndk-r8e\sources\cxx-stl\gnu-libstdc++\4.4.3\libs\armeabi\libgnustl_static.a(string-inst.o) (__gxx_personality_v0)
C:\android-ndk-r8e\sources\cxx-stl\gnu-libstdc++\4.4.3\libs\armeabi\libgnustl_static.a(eh_terminate.o)
                              C:\android-ndk-r8e\sources\cxx-stl\gnu-libstdc++\4.4.3\libs\armeabi\libgnustl_static.a(eh_call.o) (__cxxabiv1::__terminate(void (*)()))
C:\android-ndk-r8e\sources\cxx-stl\gnu-libstdc++\4.4.3\libs\armeabi\libgnustl_static.a(eh_throw.o)
                              C:\android-ndk-r8e\sources\cxx-stl\gnu-libstdc++\4.4.3\libs\armeabi\libgnustl_static.a(eh_call.o) (__cxa_rethrow)
C:\android-ndk-r8e\sources\cxx-stl\gnu-libstdc++\4.4.3\libs\armeabi\libgnustl_static.a(eh_unex_handler.o)
                              C:\android-ndk-r8e\sources\cxx-stl\gnu-libstdc++\4.4.3\libs\armeabi\libgnustl_static.a(eh_terminate.o) (__cxxabiv1::__unexpected_handler)
C:\android-ndk-r8e\sources\cxx-stl\gnu-libstdc++\4.4.3\libs\armeabi\libgnustl_static.a(fundamental_type_info.o)
                              C:\android-ndk-r8e\sources\cxx-stl\gnu-libstdc++\4.4.3\libs\armeabi\libgnustl_static.a(eh_arm.o) (typeinfo for void)
C:\android-ndk-r8e\sources\cxx-stl\gnu-libstdc++\4.4.3\libs\armeabi\libgnustl_static.a(guard.o)
                              C:\android-ndk-r8e\sources\cxx-stl\gnu-libstdc++\4.4.3\libs\armeabi\libgnustl_static.a(atomicity.o) (__cxa_guard_release)
C:\android-ndk-r8e\sources\cxx-stl\gnu-libstdc++\4.4.3\libs\armeabi\libgnustl_static.a(new_op.o)
                              C:\android-ndk-r8e\sources\cxx-stl\gnu-libstdc++\4.4.3\libs\armeabi\libgnustl_static.a(string-inst.o) (operator new(unsigned int))
C:\android-ndk-r8e\sources\cxx-stl\gnu-libstdc++\4.4.3\libs\armeabi\libgnustl_static.a(pointer_type_info.o)
[...]
Memory Configuration

Name             Origin             Length             Attributes
*default*        0x00000000         0xffffffff

Linker script and memory map

LOAD C:/android-ndk-r8e/platforms/android-9/arch-arm/usr/lib/crtbegin_so.o
LOAD debug\lsUtilities_platform.os
LOAD debug\lsUtilities.os
LOAD debug\lsUtilities_register.os
LOAD C:\dev\sdk\teams\support\fixes\s3e\edk\lib\android\libedk.a
LOAD C:\dev\sdk\teams\support\fixes\s3e\edk\lib\android/libplaceholderplaceholderplaceholderplaceholderplaceholder.so
LOAD C:\android-ndk-r8e\platforms\android-9\arch-arm\usr\lib/liblog.so
LOAD C:\android-ndk-r8e\sources\cxx-stl\gnu-libstdc++\4.4.3\libs\armeabi\libgnustl_static.a
LOAD c:/android-ndk-r8e/toolchains/arm-linux-androideabi-4.4.3/prebuilt/windows/bin/../lib/gcc/arm-linux-androideabi/4.4.3\libgcc.a
LOAD C:\android-ndk-r8e\platforms\android-9\arch-arm\usr\lib/libstdc++.so
LOAD C:\android-ndk-r8e\platforms\android-9\arch-arm\usr\lib/libm.so
LOAD C:\android-ndk-r8e\platforms\android-9\arch-arm\usr\lib/libc.so
LOAD c:/android-ndk-r8e/toolchains/arm-linux-androideabi-4.4.3/prebuilt/windows/bin/../lib/gcc/arm-linux-androideabi/4.4.3\libgcc.a
LOAD C:\android-ndk-r8e\platforms\android-9\arch-arm\usr\lib/libc.so
LOAD C:\android-ndk-r8e\platforms\android-9\arch-arm\usr\lib/libdl.so
LOAD c:/android-ndk-r8e/toolchains/arm-linux-androideabi-4.4.3/prebuilt/windows/bin/../lib/gcc/arm-linux-androideabi/4.4.3\libgcc.a
LOAD C:/android-ndk-r8e/platforms/android-9/arch-arm/usr/lib/crtend_so.o
                0x000000f4                . = (0x0 + SIZEOF_HEADERS)

.note.gnu.build-id
 *(.note.gnu.build-id)

.hash           0x000000f4      0x9c4
 *(.hash)
 .hash          0x000000f4      0x9c4 C:/android-ndk-r8e/platforms/android-9/arch-arm/usr/lib/crtbegin_so.o

.gnu.hash
 *(.gnu.hash)

.dynsym         0x00000ab8     0x1680
 *(.dynsym)
 .dynsym        0x00000ab8     0x1680 C:/android-ndk-r8e/platforms/android-9/arch-arm/usr/lib/crtbegin_so.o

.dynstr         0x00002138     0x1a93
 *(.dynstr)
 .dynstr        0x00002138     0x1a93 C:/android-ndk-r8e/platforms/android-9/arch-arm/usr/lib/crtbegin_so.o

.gnu.version    0x00003bcc        0x0 load address 0x00003bcb
 *(.gnu.version)
 .gnu.version   0x00000000        0x0 C:/android-ndk-r8e/platforms/android-9/arch-arm/usr/lib/crtbegin_so.o

.gnu.version_d  0x00003bcc        0x0 load address 0x00003bcb
 *(.gnu.version_d)
 .gnu.version_d
                0x00000000        0x0 C:/android-ndk-r8e/platforms/android-9/arch-arm/usr/lib/crtbegin_so.o

.gnu.version_r  0x00003bcc        0x0 load address 0x00003bcb
 *(.gnu.version_r)
 .gnu.version_r
                0x00000000        0x0 C:/android-ndk-r8e/platforms/android-9/arch-arm/usr/lib/crtbegin_so.o

.rel.dyn        0x00003bcc     0x1158
 *(.rel.init)
 *(.rel.text .rel.text.* .rel.gnu.linkonce.t.*)
 *(.rel.fini)
 *(.rel.rodata .rel.rodata.* .rel.gnu.linkonce.r.*)
 *(.rel.data.rel.ro* .rel.gnu.linkonce.d.rel.ro.*)
 .rel.data.rel.ro._ZTIN9__gnu_cxx24__concurrence_lock_errorE
                0x00003bcc       0x18 C:/android-ndk-r8e/platforms/android-9/arch-arm/usr/lib/crtbegin_so.o
 .rel.data.rel.ro._ZTVN9__gnu_cxx24__concurrence_lock_errorE
                0x00003be4       0x20 C:/android-ndk-r8e/platforms/android-9/arch-arm/usr/lib/crtbegin_so.o
 .rel.data.rel.ro._ZTIN9__gnu_cxx26__concurrence_unlock_errorE
                0x00003c04       0x18 C:/android-ndk-r8e/platforms/android-9/arch-arm/usr/lib/crtbegin_so.o
 .rel.data.rel.ro._ZTVN9__gnu_cxx26__concurrence_unlock_errorE
                0x00003c1c       0x20 C:/android-ndk-r8e/platforms/android-9/arch-arm/usr/lib/crtbegin_so.o
 .rel.data.rel.ro._ZTIN10__cxxabiv115__forced_unwindE
                0x00003c3c       0x10 C:/android-ndk-r8e/platforms/android-9/arch-arm/usr/lib/crtbegin_so.o
 .rel.data.rel.ro._ZTISt9exception
                0x00003c4c       0x10 C:/android-ndk-r8e/platforms/android-9/arch-arm/usr/lib/crtbegin_so.o
 .rel.data.rel.ro._ZTVSt13bad_exception
                0x00003c5c       0x20 C:/android-ndk-r8e/platforms/android-9/arch-arm/usr/lib/crtbegin_so.o
 .rel.data.rel.ro._ZTISt13bad_exception
                0x00003c7c       0x18 C:/android-ndk-r8e/platforms/android-9/arch-arm/usr/lib/crtbegin_so.o
 .rel.data.rel.ro._ZTIN10__cxxabiv119__foreign_exceptionE
                0x00003c94       0x10 C:/android-ndk-r8e/platforms/android-9/arch-arm/usr/lib/crtbegin_so.o
 .rel.data.rel.ro._ZTVN10__cxxabiv115__forced_unwindE
                0x00003ca4       0x20 C:/android-ndk-r8e/platforms/android-9/arch-arm/usr/lib/crtbegin_so.o
 .rel.data.rel.ro._ZTVN10__cxxabiv119__foreign_exceptionE
                0x00003cc4       0x20 C:/android-ndk-r8e/platforms/android-9/arch-arm/usr/lib/crtbegin_so.o
 .rel.data.rel.ro._ZTVSt9exception
                0x00003ce4       0x20 C:/android-ndk-r8e/platforms/android-9/arch-arm/usr/lib/crtbegin_so.o
 .rel.data.rel.ro._ZTIPKe
                0x00003d04       0x18 C:/android-ndk-r8e/platforms/android-9/arch-arm/usr/lib/crtbegin_so.o
 .rel.data.rel.ro._ZTIPe
                0x00003d1c       0x18 C:/android-ndk-r8e/platforms/android-9/arch-arm/usr/lib/crtbegin_so.o
 .rel.data.rel.ro._ZTIe
                0x00003d34       0x10 C:/android-ndk-r8e/platforms/android-9/arch-arm/usr/lib/crtbegin_so.o
 .rel.data.rel.ro._ZTIPKd
                0x00003d44       0x18 C:/android-ndk-r8e/platforms/android-9/arch-arm/usr/lib/crtbegin_so.o
 .rel.data.rel.ro._ZTIPd
                0x00003d5c       0x18 C:/android-ndk-r8e/platforms/android-9/arch-arm/usr/lib/crtbegin_so.o
 .rel.data.rel.ro._ZTId
                0x00003d74       0x10 C:/android-ndk-r8e/platforms/android-9/arch-arm/usr/lib/crtbegin_so.o
 .rel.data.rel.ro._ZTIPKf
                0x00003d84       0x18 C:/android-ndk-r8e/platforms/android-9/arch-arm/usr/lib/crtbegin_so.o
 .rel.data.rel.ro._ZTIPf
                0x00003d9c       0x18 C:/android-ndk-r8e/platforms/android-9/arch-arm/usr/lib/crtbegin_so.o
 .rel.data.rel.ro._ZTIf
                0x00003db4       0x10 C:/android-ndk-r8e/platforms/android-9/arch-arm/usr/lib/crtbegin_so.o
 .rel.data.rel.ro._ZTIPKy
                0x00003dc4       0x18 C:/android-ndk-r8e/platforms/android-9/arch-arm/usr/lib/crtbegin_so.o
 .rel.data.rel.ro._ZTIPy
                0x00003ddc       0x18 C:/android-ndk-r8e/platforms/android-9/arch-arm/usr/lib/crtbegin_so.o
 .rel.data.rel.ro._ZTIy
                0x00003df4       0x10 C:/android-ndk-r8e/platforms/android-9/arch-arm/usr/lib/crtbegin_so.o
 .rel.data.rel.ro._ZTIPKx
                0x00003e04       0x18 C:/android-ndk-r8e/platforms/android-9/arch-arm/usr/lib/crtbegin_so.o
 .rel.data.rel.ro._ZTIPx
                0x00003e1c       0x18 C:/android-ndk-r8e/platforms/android-9/arch-arm/usr/lib/crtbegin_so.o
 .rel.data.rel.ro._ZTIx
                0x00003e34       0x10 C:/android-ndk-r8e/platforms/android-9/arch-arm/usr/lib/crtbegin_so.o
 .rel.data.rel.ro._ZTIPKm
                0x00003e44       0x18 C:/android-ndk-r8e/platforms/android-9/arch-arm/usr/lib/crtbegin_so.o
 .rel.data.rel.ro._ZTIPm
                0x00003e5c       0x18 C:/android-ndk-r8e/platforms/android-9/arch-arm/usr/lib/crtbegin_so.o
 .rel.data.rel.ro._ZTIm
                0x00003e74       0x10 C:/android-ndk-r8e/platforms/android-9/arch-arm/usr/lib/crtbegin_so.o
 .rel.data.rel.ro._ZTIPKl
                0x00003e84       0x18 C:/android-ndk-r8e/platforms/android-9/arch-arm/usr/lib/crtbegin_so.o
 .rel.data.rel.ro._ZTIPl
                0x00003e9c       0x18 C:/android-ndk-r8e/platforms/android-9/arch-arm/usr/lib/crtbegin_so.o
 .rel.data.rel.ro._ZTIl
                0x00003eb4       0x10 C:/android-ndk-r8e/platforms/android-9/arch-arm/usr/lib/crtbegin_so.o
 .rel.data.rel.ro._ZTIPKj
                0x00003ec4       0x18 C:/android-ndk-r8e/platforms/android-9/arch-arm/usr/lib/crtbegin_so.o
 .rel.data.rel.ro._ZTIPj
                0x00003edc       0x18 C:/android-ndk-r8e/platforms/android-9/arch-arm/usr/lib/crtbegin_so.o
 .rel.data.rel.ro._ZTIj
                0x00003ef4       0x10 C:/android-ndk-r8e/platforms/android-9/arch-arm/usr/lib/crtbegin_so.o
 .rel.data.rel.ro._ZTIPKi
                0x00003f04       0x18 C:/android-ndk-r8e/platforms/android-9/arch-arm/usr/lib/crtbegin_so.o
 .rel.data.rel.ro._ZTIPi
                0x00003f1c       0x18 C:/android-ndk-r8e/platforms/android-9/arch-arm/usr/lib/crtbegin_so.o
 .rel.data.rel.ro._ZTIi
                0x00003f34       0x10 C:/android-ndk-r8e/platforms/android-9/arch-arm/usr/lib/crtbegin_so.o
 .rel.data.rel.ro._ZTIPKt
                0x00003f44       0x18 C:/android-ndk-r8e/platforms/android-9/arch-arm/usr/lib/crtbegin_so.o
 .rel.data.rel.ro._ZTIPt
                0x00003f5c       0x18 C:/android-ndk-r8e/platforms/android-9/arch-arm/usr/lib/crtbegin_so.o
 .rel.data.rel.ro._ZTIt
                0x00003f74       0x10 C:/android-ndk-r8e/platforms/android-9/arch-arm/usr/lib/crtbegin_so.o
 .rel.data.rel.ro._ZTIPKs
                0x00003f84       0x18 C:/android-ndk-r8e/platforms/android-9/arch-arm/usr/lib/crtbegin_so.o
 .rel.data.rel.ro._ZTIPs
                0x00003f9c       0x18 C:/android-ndk-r8e/platforms/android-9/arch-arm/usr/lib/crtbegin_so.o
 .rel.data.rel.ro._ZTIs
                0x00003fb4       0x10 C:/android-ndk-r8e/platforms/android-9/arch-arm/usr/lib/crtbegin_so.o
 .rel.data.rel.ro._ZTIPKh
                0x00003fc4       0x18 C:/android-ndk-r8e/platforms/android-9/arch-arm/usr/lib/crtbegin_so.o
 .rel.data.rel.ro._ZTIPh
                0x00003fdc       0x18 C:/android-ndk-r8e/platforms/android-9/arch-arm/usr/lib/crtbegin_so.o
 .rel.data.rel.ro._ZTIh
                0x00003ff4       0x10 C:/android-ndk-r8e/platforms/android-9/arch-arm/usr/lib/crtbegin_so.o
 .rel.data.rel.ro._ZTIPKa
                0x00004004       0x18 C:/android-ndk-r8e/platforms/android-9/arch-arm/usr/lib/crtbegin_so.o
 .rel.data.rel.ro._ZTIPa
                0x0000401c       0x18 C:/android-ndk-r8e/platforms/android-9/arch-arm/usr/lib/crtbegin_so.o
 .rel.data.rel.ro._ZTIa
                0x00004034       0x10 C:/android-ndk-r8e/platforms/android-9/arch-arm/usr/lib/crtbegin_so.o
 .rel.data.rel.ro._ZTIPKc
                0x00004044       0x18 C:/android-ndk-r8e/platforms/android-9/arch-arm/usr/lib/crtbegin_so.o
 .rel.data.rel.ro._ZTIPc
                0x0000405c       0x18 C:/android-ndk-r8e/platforms/android-9/arch-arm/usr/lib/crtbegin_so.o
 .rel.data.rel.ro._ZTIc
                0x00004074       0x10 C:/android-ndk-r8e/platforms/android-9/arch-arm/usr/lib/crtbegin_so.o
 .rel.data.rel.ro._ZTIPKDi
                0x00004084       0x18 C:/android-ndk-r8e/platforms/android-9/arch-arm/usr/lib/crtbegin_so.o
 .rel.data.rel.ro._ZTIPDi
                0x0000409c       0x18 C:/android-ndk-r8e/platforms/android-9/arch-arm/usr/lib/crtbegin_so.o
 .rel.data.rel.ro._ZTIDi
                0x000040b4       0x10 C:/android-ndk-r8e/platforms/android-9/arch-arm/usr/lib/crtbegin_so.o
 .rel.data.rel.ro._ZTIPKDs
                0x000040c4       0x18 C:/android-ndk-r8e/platforms/android-9/arch-arm/usr/lib/crtbegin_so.o
 .rel.data.rel.ro._ZTIPDs
                0x000040dc       0x18 C:/android-ndk-r8e/platforms/android-9/arch-arm/usr/lib/crtbegin_so.o
 .rel.data.rel.ro._ZTIDs
                0x000040f4       0x10 C:/android-ndk-r8e/platforms/android-9/arch-arm/usr/lib/crtbegin_so.o
 .rel.data.rel.ro._ZTIPKw
                0x00004104       0x18 C:/android-ndk-r8e/platforms/android-9/arch-arm/usr/lib/crtbegin_so.o
 .rel.data.rel.ro._ZTIPw
                0x0000411c       0x18 C:/android-ndk-r8e/platforms/android-9/arch-arm/usr/lib/crtbegin_so.o
 .rel.data.rel.ro._ZTIw
                0x00004134       0x10 C:/android-ndk-r8e/platforms/android-9/arch-arm/usr/lib/crtbegin_so.o
 .rel.data.rel.ro._ZTIPKb
                0x00004144       0x18 C:/android-ndk-r8e/platforms/android-9/arch-arm/usr/lib/crtbegin_so.o
 .rel.data.rel.ro._ZTIPb
                0x0000415c       0x18 C:/android-ndk-r8e/platforms/android-9/arch-arm/usr/lib/crtbegin_so.o
 .rel.data.rel.ro._ZTIb
                0x00004174       0x10 C:/android-ndk-r8e/platforms/android-9/arch-arm/usr/lib/crtbegin_so.o
 .rel.data.rel.ro._ZTIPKv
                0x00004184       0x18 C:/android-ndk-r8e/platforms/android-9/arch-arm/usr/lib/crtbegin_so.o
 .rel.data.rel.ro._ZTIPv
                0x0000419c       0x18 C:/android-ndk-r8e/platforms/android-9/arch-arm/usr/lib/crtbegin_so.o
 .rel.data.rel.ro._ZTIv
                0x000041b4       0x10 C:/android-ndk-r8e/platforms/android-9/arch-arm/usr/lib/crtbegin_so.o
 .rel.data.rel.ro._ZTVN10__cxxabiv123__fundamental_type_infoE
                0x000041c4       0x38 C:/android-ndk-r8e/platforms/android-9/arch-arm/usr/lib/crtbegin_so.o
 .rel.data.rel.ro._ZTIN10__cxxabiv123__fundamental_type_infoE
                0x000041fc       0x18 C:/android-ndk-r8e/platforms/android-9/arch-arm/usr/lib/crtbegin_so.o
 .rel.data.rel.ro._ZTIN9__gnu_cxx29__concurrence_broadcast_errorE
                0x00004214       0x18 C:/android-ndk-r8e/platforms/android-9/arch-arm/usr/lib/crtbegin_so.o
 .rel.data.rel.ro._ZTVN9__gnu_cxx29__concurrence_broadcast_errorE
                0x0000422c       0x20 C:/android-ndk-r8e/platforms/android-9/arch-arm/usr/lib/crtbegin_so.o
 .rel.data.rel.ro._ZTIN9__gnu_cxx24__concurrence_wait_errorE
                0x0000424c       0x18 C:/android-ndk-r8e/platforms/android-9/arch-arm/usr/lib/crtbegin_so.o
 .rel.data.rel.ro._ZTVN9__gnu_cxx24__concurrence_wait_errorE
                0x00004264       0x20 C:/android-ndk-r8e/platforms/android-9/arch-arm/usr/lib/crtbegin_so.o
 .rel.data.rel.ro._ZTVN9__gnu_cxx20recursive_init_errorE
                0x00000000        0x0 C:/android-ndk-r8e/platforms/android-9/arch-arm/usr/lib/crtbegin_so.o
 .rel.data.rel.ro._ZTIN9__gnu_cxx20recursive_init_errorE
                0x00000000        0x0 C:/android-ndk-r8e/platforms/android-9/arch-arm/usr/lib/crtbegin_so.o
 .rel.data.rel.ro._ZTIN10__cxxabiv119__pointer_type_infoE
                0x00004284       0x18 C:/android-ndk-r8e/platforms/android-9/arch-arm/usr/lib/crtbegin_so.o
 .rel.data.rel.ro._ZTVN10__cxxabiv119__pointer_type_infoE
                0x0000429c       0x40 C:/android-ndk-r8e/platforms/android-9/arch-arm/usr/lib/crtbegin_so.o
 .rel.data.rel.ro._ZTVN10__cxxabiv120__si_class_type_infoE
                0x000042dc       0x50 C:/android-ndk-r8e/platforms/android-9/arch-arm/usr/lib/crtbegin_so.o
 .rel.data.rel.ro._ZTIN10__cxxabiv120__si_class_type_infoE
                0x0000432c       0x18 C:/android-ndk-r8e/platforms/android-9/arch-arm/usr/lib/crtbegin_so.o
 .rel.data.rel.ro._ZTVSt9type_info
                0x00000000        0x0 C:/android-ndk-r8e/platforms/android-9/arch-arm/usr/lib/crtbegin_so.o
 .rel.data.rel.ro._ZTISt9type_info
                0x00004344       0x10 C:/android-ndk-r8e/platforms/android-9/arch-arm/usr/lib/crtbegin_so.o
 .rel.data.rel.ro._ZTISt15underflow_error
                0x00000000        0x0 C:/android-ndk-r8e/platforms/android-9/arch-arm/usr/lib/crtbegin_so.o
 .rel.data.rel.ro._ZTVSt15underflow_error
                0x00000000        0x0 C:/android-ndk-r8e/platforms/android-9/arch-arm/usr/lib/crtbegin_so.o
 .rel.data.rel.ro._ZTISt14overflow_error
                0x00000000        0x0 C:/android-ndk-r8e/platforms/android-9/arch-arm/usr/lib/crtbegin_so.o
 .rel.data.rel.ro._ZTVSt14overflow_error
                0x00000000        0x0 C:/android-ndk-r8e/platforms/android-9/arch-arm/usr/lib/crtbegin_so.o
 .rel.data.rel.ro._ZTISt11range_error
                0x00000000        0x0 C:/android-ndk-r8e/platforms/android-9/arch-arm/usr/lib/crtbegin_so.o
 .rel.data.rel.ro._ZTVSt11range_error
                0x00000000        0x0 C:/android-ndk-r8e/platforms/android-9/arch-arm/usr/lib/crtbegin_so.o
 .rel.data.rel.ro._ZTISt12out_of_range
                0x00000000        0x0 C:/android-ndk-r8e/platforms/android-9/arch-arm/usr/lib/crtbegin_so.o
 .rel.data.rel.ro._ZTVSt12out_of_range
                0x00000000        0x0 C:/android-ndk-r8e/platforms/android-9/arch-arm/usr/lib/crtbegin_so.o
 .rel.data.rel.ro._ZTISt12length_error
                0x00004354       0x18 C:/android-ndk-r8e/platforms/android-9/arch-arm/usr/lib/crtbegin_so.o
 .rel.data.rel.ro._ZTVSt12length_error
                0x0000436c       0x20 C:/android-ndk-r8e/platforms/android-9/arch-arm/usr/lib/crtbegin_so.o
 .rel.data.rel.ro._ZTISt16invalid_argument
                0x00000000        0x0 C:/android-ndk-r8e/platforms/android-9/arch-arm/usr/lib/crtbegin_so.o
 .rel.data.rel.ro._ZTVSt16invalid_argument
                0x00000000        0x0 C:/android-ndk-r8e/platforms/android-9/arch-arm/usr/lib/crtbegin_so.o
 .rel.data.rel.ro._ZTISt12domain_error
                0x00000000        0x0 C:/android-ndk-r8e/platforms/android-9/arch-arm/usr/lib/crtbegin_so.o
 .rel.data.rel.ro._ZTVSt12domain_error
                0x00000000        0x0 C:/android-ndk-r8e/platforms/android-9/arch-arm/usr/lib/crtbegin_so.o
 .rel.data.rel.ro._ZTVNSt8ios_base7failureE
                0x00000000        0x0 C:/android-ndk-r8e/platforms/android-9/arch-arm/usr/lib/crtbegin_so.o
 .rel.data.rel.ro._ZTINSt8ios_base7failureE
                0x00000000        0x0 C:/android-ndk-r8e/platforms/android-9/arch-arm/usr/lib/crtbegin_so.o
 .rel.data.rel.ro._ZTISt13runtime_error
                0x00000000        0x0 C:/android-ndk-r8e/platforms/android-9/arch-arm/usr/lib/crtbegin_so.o
 .rel.data.rel.ro._ZTVSt11logic_error
                0x0000438c       0x20 C:/android-ndk-r8e/platforms/android-9/arch-arm/usr/lib/crtbegin_so.o
 .rel.data.rel.ro._ZTVSt13runtime_error
                0x00000000        0x0 C:/android-ndk-r8e/platforms/android-9/arch-arm/usr/lib/crtbegin_so.o
 .rel.data.rel.ro._ZTISt11logic_error
                0x000043ac       0x18 C:/android-ndk-r8e/platforms/android-9/arch-arm/usr/lib/crtbegin_so.o
 .rel.data.rel.ro._ZTIN12_GLOBAL__N_121system_error_categoryE
                0x000043c4       0x18 C:/android-ndk-r8e/platforms/android-9/arch-arm/usr/lib/crtbegin_so.o
 .rel.data.rel.ro._ZTVSt12system_error
                0x00000000        0x0 C:/android-ndk-r8e/platforms/android-9/arch-arm/usr/lib/crtbegin_so.o
 .rel.data.rel.ro._ZTVSt14error_category
                0x00000000        0x0 C:/android-ndk-r8e/platforms/android-9/arch-arm/usr/lib/crtbegin_so.o
 .rel.data.rel.ro._ZTISt12system_error
                0x00000000        0x0 C:/android-ndk-r8e/platforms/android-9/arch-arm/usr/lib/crtbegin_so.o
 .rel.data.rel.ro._ZTVN12_GLOBAL__N_122generic_error_categoryE
                0x000043dc       0x40 C:/android-ndk-r8e/platforms/android-9/arch-arm/usr/lib/crtbegin_so.o
 .rel.data.rel.ro._ZTISt14error_category
                0x0000441c       0x10 C:/android-ndk-r8e/platforms/android-9/arch-arm/usr/lib/crtbegin_so.o
 .rel.data.rel.ro._ZTIN12_GLOBAL__N_122generic_error_categoryE
                0x0000442c       0x18 C:/android-ndk-r8e/platforms/android-9/arch-arm/usr/lib/crtbegin_so.o
 .rel.data.rel.ro._ZTVN12_GLOBAL__N_121system_error_categoryE
                0x00004444       0x40 C:/android-ndk-r8e/platforms/android-9/arch-arm/usr/lib/crtbegin_so.o
 .rel.data.rel.ro._ZTISt8bad_cast
                0x00004484       0x18 C:/android-ndk-r8e/platforms/android-9/arch-arm/usr/lib/crtbegin_so.o
 .rel.data.rel.ro._ZTVSt8bad_cast
                0x0000449c       0x20 C:/android-ndk-r8e/platforms/android-9/arch-arm/usr/lib/crtbegin_so.o
 .rel.data.rel.ro._ZTVSt10bad_typeid
                0x000044bc       0x20 C:/android-ndk-r8e/platforms/android-9/arch-arm/usr/lib/crtbegin_so.o
 .rel.data.rel.ro._ZTISt10bad_typeid
                0x000044dc       0x18 C:/android-ndk-r8e/platforms/android-9/arch-arm/usr/lib/crtbegin_so.o
 .rel.data.rel.ro._ZTVN10__cxxabiv117__class_type_infoE
                0x000044f4       0x50 C:/android-ndk-r8e/platforms/android-9/arch-arm/usr/lib/crtbegin_so.o
 .rel.data.rel.ro._ZTIN10__cxxabiv117__class_type_infoE
                0x00004544       0x18 C:/android-ndk-r8e/platforms/android-9/arch-arm/usr/lib/crtbegin_so.o
 .rel.data.rel.ro._ZTISt9bad_alloc
                0x0000455c       0x18 C:/android-ndk-r8e/platforms/android-9/arch-arm/usr/lib/crtbegin_so.o
 .rel.data.rel.ro._ZTVSt9bad_alloc
                0x00004574       0x20 C:/android-ndk-r8e/platforms/android-9/arch-arm/usr/lib/crtbegin_so.o
 .rel.data.rel.ro._ZTVN10__cxxabiv117__pbase_type_infoE
                0x00004594       0x40 C:/android-ndk-r8e/platforms/android-9/arch-arm/usr/lib/crtbegin_so.o
 .rel.data.rel.ro._ZTIN10__cxxabiv117__pbase_type_infoE
                0x000045d4       0x18 C:/android-ndk-r8e/platforms/android-9/arch-arm/usr/lib/crtbegin_so.o
 .rel.data.rel.ro.local
                0x000045ec      0x590 C:/android-ndk-r8e/platforms/android-9/arch-arm/usr/lib/crtbegin_so.o
 *(.rel.data .rel.data.* .rel.gnu.linkonce.d.*)
 .rel.data.rel._ZN10__cxxabiv120__unexpected_handlerE
                0x00004b7c        0x8 C:/android-ndk-r8e/platforms/android-9/arch-arm/usr/lib/crtbegin_so.o
 .rel.data.rel._ZN10__cxxabiv119__terminate_handlerE
                0x00004b84        0x8 C:/android-ndk-r8e/platforms/android-9/arch-arm/usr/lib/crtbegin_so.o
 *(.rel.tdata .rel.tdata.* .rel.gnu.linkonce.td.*)
 *(.rel.tbss .rel.tbss.* .rel.gnu.linkonce.tb.*)
 *(.rel.ctors)
 *(.rel.dtors)
 *(.rel.got)
 .rel.got       0x00004b8c      0x170 C:/android-ndk-r8e/platforms/android-9/arch-arm/usr/lib/crtbegin_so.o
 *(.rel.bss .rel.bss.* .rel.gnu.linkonce.b.*)
 .rel.fini_array
                0x00004cfc        0x8 C:/android-ndk-r8e/platforms/android-9/arch-arm/usr/lib/crtbegin_so.o
 .rel.init_array
                0x00004d04       0x20 C:/android-ndk-r8e/platforms/android-9/arch-arm/usr/lib/crtbegin_so.o

.rela.dyn
 *(.rela.init)
 *(.rela.text .rela.text.* .rela.gnu.linkonce.t.*)
 *(.rela.fini)
 *(.rela.rodata .rela.rodata.* .rela.gnu.linkonce.r.*)
 *(.rela.data .rela.data.* .rela.gnu.linkonce.d.*)
 *(.rela.tdata .rela.tdata.* .rela.gnu.linkonce.td.*)
 *(.rela.tbss .rela.tbss.* .rela.gnu.linkonce.tb.*)
 *(.rela.ctors)
 *(.rela.dtors)
 *(.rela.got)
 *(.rela.bss .rela.bss.* .rela.gnu.linkonce.b.*)

.rel.plt        0x00004d24      0x160
 *(.rel.plt)
 .rel.plt       0x00004d24      0x160 C:/android-ndk-r8e/platforms/android-9/arch-arm/usr/lib/crtbegin_so.o

.rela.plt
 *(.rela.plt)

.init
 *(.init)

.plt            0x00004e84      0x224
 *(.plt)
 .plt           0x00004e84      0x224 C:/android-ndk-r8e/platforms/android-9/arch-arm/usr/lib/crtbegin_so.o

.text           0x000050a8     0xbda4
 *(.text .stub .text.* .gnu.linkonce.t.*)
 .text.exit     0x000050a8       0x10 C:/android-ndk-r8e/platforms/android-9/arch-arm/usr/lib/crtbegin_so.o
                0x000050a8                __on_dlclose
 .text._ZN7_JNIEnv9FindClassEPKc
                0x000050b8       0x38 debug\lsUtilities_platform.os
                0x000050b8                _JNIEnv::FindClass(char const*)
 .text._ZN7_JNIEnv17ExceptionOccurredEv
                0x000050f0       0x30 debug\lsUtilities_platform.os
                0x000050f0                _JNIEnv::ExceptionOccurred()
 .text._ZN7_JNIEnv17ExceptionDescribeEv
                0x00005120       0x28 debug\lsUtilities_platform.os
                0x00005120                _JNIEnv::ExceptionDescribe()
 .text._ZN7_JNIEnv14ExceptionClearEv
                0x00005148       0x28 debug\lsUtilities_platform.os
                0x00005148                _JNIEnv::ExceptionClear()
 .text._ZN7_JNIEnv12NewGlobalRefEP8_jobject
                0x00005170       0x38 debug\lsUtilities_platform.os
                0x00005170                _JNIEnv::NewGlobalRef(_jobject*)
 .text._ZN7_JNIEnv15DeleteGlobalRefEP8_jobject
                0x000051a8       0x30 debug\lsUtilities_platform.os
                0x000051a8                _JNIEnv::DeleteGlobalRef(_jobject*)
 .text._ZN7_JNIEnv14DeleteLocalRefEP8_jobject
                0x000051d8       0x30 debug\lsUtilities_platform.os
                0x000051d8                _JNIEnv::DeleteLocalRef(_jobject*)
 .text._ZN7_JNIEnv9NewObjectEP7_jclassP10_jmethodIDz
                0x00005208       0x5c debug\lsUtilities_platform.os
                0x00005208                _JNIEnv::NewObject(_jclass*, _jmethodID*, ...)
 .text._ZN7_JNIEnv11GetMethodIDEP7_jclassPKcS3_
                0x00005264       0x48 debug\lsUtilities_platform.os
                0x00005264                _JNIEnv::GetMethodID(_jclass*, char const*, char const*)
 .text._ZN7_JNIEnv16CallObjectMethodEP8_jobjectP10_jmethodIDz
                0x000052ac       0x5c debug\lsUtilities_platform.os
                0x000052ac                _JNIEnv::CallObjectMethod(_jobject*, _jmethodID*, ...)
 .text._ZN7_JNIEnv13CallIntMethodEP8_jobjectP10_jmethodIDz
                0x00005308       0x5c debug\lsUtilities_platform.os
                0x00005308                _JNIEnv::CallIntMethod(_jobject*, _jmethodID*, ...)
 .text._ZN7_JNIEnv14CallVoidMethodEP8_jobjectP10_jmethodIDz
                0x00005364       0x4c debug\lsUtilities_platform.os
                0x00005364                _JNIEnv::CallVoidMethod(_jobject*, _jmethodID*, ...)
 .text._ZN7_JNIEnv12NewStringUTFEPKc
                0x000053b0       0x38 debug\lsUtilities_platform.os
                0x000053b0                _JNIEnv::NewStringUTF(char const*)
 .text._ZN7_JNIEnv17GetStringUTFCharsEP8_jstringPh
                0x000053e8       0x40 debug\lsUtilities_platform.os
                0x000053e8                _JNIEnv::GetStringUTFChars(_jstring*, unsigned char*)
 .text._ZN7_JNIEnv21ReleaseStringUTFCharsEP8_jstringPKc
                0x00005428       0x38 debug\lsUtilities_platform.os
                0x00005428                _JNIEnv::ReleaseStringUTFChars(_jstring*, char const*)
 .text._ZN7_JavaVM6GetEnvEPPvi
                0x00005460       0x40 debug\lsUtilities_platform.os
                0x00005460                _JavaVM::GetEnv(void**, int)
 .text._ZL15s3eEdkJNIGetEnvv
                0x000054a0       0x44 debug\lsUtilities_platform.os
 .text._ZL27s3eEdkAndroidFindClass_realPKc
                0x000054e4       0xa4 debug\lsUtilities_platform.os
 .text._ZL22s3eEdkAndroidFindClassPKc
                0x00005588       0x38 debug\lsUtilities_platform.os
 .text._Z10getCStringP8_jstring
                0x000055c0       0xf4 debug\lsUtilities_platform.os
                0x000055c0                getCString(_jstring*)
 .text._Z24lsUtilitiesInit_platformv
                0x000056b4      0x4b0 debug\lsUtilities_platform.os
                0x000056b4                lsUtilitiesInit_platform()
 .text._Z29lsUtilitiesTerminate_platformv
                0x00005b64        0x4 debug\lsUtilities_platform.os
                0x00005b64                lsUtilitiesTerminate_platform()
 .text._Z31lsUtilIOSPreventBackup_platformPKc
                0x00005b68       0x68 debug\lsUtilities_platform.os
                0x00005b68                lsUtilIOSPreventBackup_platform(char const*)
 .text._Z38lsUtilInstallExceptionHandler_platformv
                0x00005bd0       0x4c debug\lsUtilities_platform.os
                0x00005bd0                lsUtilInstallExceptionHandler_platform()
 .text._Z40lsUtilUninstallExceptionHandler_platformv
                0x00005c1c       0x4c debug\lsUtilities_platform.os
                0x00005c1c                lsUtilUninstallExceptionHandler_platform()
 .text._Z32lsUtilGetDeviceClassInt_platformv
                0x00005c68       0x5c debug\lsUtilities_platform.os
                0x00005c68                lsUtilGetDeviceClassInt_platform()
 .text._Z35lsUtilGetDeviceClassString_platformv
                0x00005cc4      0x174 debug\lsUtilities_platform.os
                0x00005cc4                lsUtilGetDeviceClassString_platform()
 .text._Z35lsDeviceSetTabletThreshold_platformi
                0x00005e38       0x54 debug\lsUtilities_platform.os
                0x00005e38                lsDeviceSetTabletThreshold_platform(int)
 .text._Z42lsUtilGetDeviceStorageInformation_platformv
                0x00005e8c       0x54 debug\lsUtilities_platform.os
                0x00005e8c                lsUtilGetDeviceStorageInformation_platform()
 .text._Z15lsUtilitiesInitv
                0x00005ee0       0x14 debug\lsUtilities.os
                0x00005ee0                lsUtilitiesInit()
 .text._Z20lsUtilitiesTerminatev
                0x00005ef4        0xc debug\lsUtilities.os
                0x00005ef4                lsUtilitiesTerminate()
 .text.lsUtilIOSPreventBackup
                0x00005f00       0x1c debug\lsUtilities.os
                0x00005f00                lsUtilIOSPreventBackup
 .text.lsUtilInstallExceptionHandler
                0x00005f1c        0xc debug\lsUtilities.os
                0x00005f1c                lsUtilInstallExceptionHandler
 .text.lsUtilUninstallExceptionHandler
                0x00005f28        0xc debug\lsUtilities.os
                0x00005f28                lsUtilUninstallExceptionHandler
 .text.lsUtilGetDeviceClassInt
                0x00005f34       0x14 debug\lsUtilities.os
                0x00005f34                lsUtilGetDeviceClassInt
 .text.lsUtilGetDeviceClassString
                0x00005f48       0x14 debug\lsUtilities.os
                0x00005f48                lsUtilGetDeviceClassString
 .text.lsDeviceSetTabletThreshold
                0x00005f5c       0x1c debug\lsUtilities.os
                0x00005f5c                lsDeviceSetTabletThreshold
 .text.lsUtilGetDeviceStorageInformation
                0x00005f78       0x14 debug\lsUtilities.os
                0x00005f78                lsUtilGetDeviceStorageInformation
 .text._ZL27lsUtilIOSPreventBackup_wrapPKc
                0x00005f8c       0x98 debug\lsUtilities_register.os
 .text._ZL34lsUtilInstallExceptionHandler_wrapv
                0x00006024       0x88 debug\lsUtilities_register.os
 .text._ZL36lsUtilUninstallExceptionHandler_wrapv
                0x000060ac       0x88 debug\lsUtilities_register.os
 .text._ZL28lsUtilGetDeviceClassInt_wrapv
                0x00006134       0x90 debug\lsUtilities_register.os
 .text._ZL31lsUtilGetDeviceClassString_wrapv
                0x000061c4       0x90 debug\lsUtilities_register.os
 .text._ZL31lsDeviceSetTabletThreshold_wrapi
                0x00006254       0x98 debug\lsUtilities_register.os
 .text._ZL38lsUtilGetDeviceStorageInformation_wrapv
                0x000062ec       0x90 debug\lsUtilities_register.os
 .text._Z22lsUtilitiesRegisterExtv
                0x0000637c      0x130 debug\lsUtilities_register.os
                0x0000637c                lsUtilitiesRegisterExt()
 .text.RegisterExt
                0x000064ac        0xc debug\lsUtilities_register.os
                0x000064ac                RegisterExt
 .text.IwDebugTraceSetTraceChannel
                0x000064b8       0x1c C:\dev\sdk\teams\support\fixes\s3e\edk\lib\android\libedk.a(IwDebug.o)
                0x000064b8                IwDebugTraceSetTraceChannel
 .text._GLOBAL__I_D__JenkinsWS_workspace_SupportFixesWin32QuickBinaries_sdk_modules_iwcore_source_IwDebug.cpp
                0x000064d4       0xa4 C:\dev\sdk\teams\support\fixes\s3e\edk\lib\android\libedk.a(IwDebug.o)
 .text.IwDebugTraceIsChannelOn
                0x00006578      0x2b8 C:\dev\sdk\teams\support\fixes\s3e\edk\lib\android\libedk.a(IwDebug.o)
                0x00006578                IwDebugTraceIsChannelOn
 .text.IwDebugTraceLinePrintf
                0x00006830      0x10c C:\dev\sdk\teams\support\fixes\s3e\edk\lib\android\libedk.a(IwDebug.o)
                0x00006830                IwDebugTraceLinePrintf
 .text.s3eEdkThreadRunOnOS
                0x0000693c       0x30 C:\dev\sdk\teams\support\fixes\s3e\edk\lib\android\libedk.a(edk_helpers.o)
                0x0000693c                s3eEdkThreadRunOnOS
 .text._ZNSaIcEC1Ev
                0x0000696c        0x4 C:\android-ndk-r8e\sources\cxx-stl\gnu-libstdc++\4.4.3\libs\armeabi\libgnustl_static.a(allocator-inst.o)
                0x0000696c                std::allocator<char>::allocator()
 .text._ZNSaIcED1Ev
                0x00006970        0x4 C:\android-ndk-r8e\sources\cxx-stl\gnu-libstdc++\4.4.3\libs\armeabi\libgnustl_static.a(allocator-inst.o)
                0x00006970                std::allocator<char>::~allocator()
 .text._ZNKSs5c_strEv
                0x00006974        0x8 C:\android-ndk-r8e\sources\cxx-stl\gnu-libstdc++\4.4.3\libs\armeabi\libgnustl_static.a(string-inst.o)
                0x00006974                std::string::c_str() const
 .text._ZNSs4_Rep10_M_destroyERKSaIcE
                0x0000697c        0x4 C:\android-ndk-r8e\sources\cxx-stl\gnu-libstdc++\4.4.3\libs\armeabi\libgnustl_static.a(string-inst.o)
                0x0000697c                std::string::_Rep::_M_destroy(std::allocator<char> const&)
 .text._ZNSs4_Rep9_S_createEjjRKSaIcE
                0x00006980       0x8c C:\android-ndk-r8e\sources\cxx-stl\gnu-libstdc++\4.4.3\libs\armeabi\libgnustl_static.a(string-inst.o)
                0x00006980                std::string::_Rep::_S_create(unsigned int, unsigned int, std::allocator<char> const&)
 .text._ZNSs12_S_constructIPKcEEPcT_S3_RKSaIcESt20forward_iterator_tag
                0x00006a0c       0xb4 C:\android-ndk-r8e\sources\cxx-stl\gnu-libstdc++\4.4.3\libs\armeabi\libgnustl_static.a(string-inst.o)
                0x00006a0c                char* std::string::_S_construct<char const*>(char const*, char const*, std::allocator<char> const&, std::forward_iterator_tag)
 .text._ZNSsC1EPKcRKSaIcE
                0x00006ac0       0x40 C:\android-ndk-r8e\sources\cxx-stl\gnu-libstdc++\4.4.3\libs\armeabi\libgnustl_static.a(string-inst.o)
                0x00006ac0                std::basic_string<char, std::char_traits<char>, std::allocator<char> >::basic_string(char const*, std::allocator<char> const&)
 .text._ZNSsD1Ev
                0x00006b00       0x50 C:\android-ndk-r8e\sources\cxx-stl\gnu-libstdc++\4.4.3\libs\armeabi\libgnustl_static.a(string-inst.o)
                0x00006b00                std::basic_string<char, std::char_traits<char>, std::allocator<char> >::~basic_string()
 .text._ZNSs4_Rep8_M_cloneERKSaIcEj
                0x00006b50       0xa0 C:\android-ndk-r8e\sources\cxx-stl\gnu-libstdc++\4.4.3\libs\armeabi\libgnustl_static.a(string-inst.o)
                0x00006b50                std::string::_Rep::_M_clone(std::allocator<char> const&, unsigned int)
 .text._ZNSsC1ERKSs
                0x00006bf0       0x88 C:\android-ndk-r8e\sources\cxx-stl\gnu-libstdc++\4.4.3\libs\armeabi\libgnustl_static.a(string-inst.o)
                0x00006bf0                std::basic_string<char, std::char_traits<char>, std::allocator<char> >::basic_string(std::string const&)
 .text._ZNK9__gnu_cxx24__concurrence_lock_error4whatEv
                0x00006c78       0x10 C:\android-ndk-r8e\sources\cxx-stl\gnu-libstdc++\4.4.3\libs\armeabi\libgnustl_static.a(atomicity.o)
                0x00006c78                __gnu_cxx::__concurrence_lock_error::what() const
 .text._ZNK9__gnu_cxx26__concurrence_unlock_error4whatEv
                0x00006c88       0x10 C:\android-ndk-r8e\sources\cxx-stl\gnu-libstdc++\4.4.3\libs\armeabi\libgnustl_static.a(atomicity.o)
                0x00006c88                __gnu_cxx::__concurrence_unlock_error::what() const
 .text._ZN9__gnu_cxx24__concurrence_lock_errorD1Ev
                0x00006c98       0x28 C:\android-ndk-r8e\sources\cxx-stl\gnu-libstdc++\4.4.3\libs\armeabi\libgnustl_static.a(atomicity.o)
                0x00006c98                __gnu_cxx::__concurrence_lock_error::~__concurrence_lock_error()
 .text._ZN9__gnu_cxx26__concurrence_unlock_errorD1Ev
                0x00006cc0       0x28 C:\android-ndk-r8e\sources\cxx-stl\gnu-libstdc++\4.4.3\libs\armeabi\libgnustl_static.a(atomicity.o)
                0x00006cc0                __gnu_cxx::__concurrence_unlock_error::~__concurrence_unlock_error()
 .text._ZN9__gnu_cxx18__exchange_and_addEPVii
                0x00006ce8      0x124 C:\android-ndk-r8e\sources\cxx-stl\gnu-libstdc++\4.4.3\libs\armeabi\libgnustl_static.a(atomicity.o)
                0x00006ce8                __gnu_cxx::__exchange_and_add(int volatile*, int)
 .text._ZN9__gnu_cxx12__atomic_addEPVii
                0x00006e0c        0x4 C:\android-ndk-r8e\sources\cxx-stl\gnu-libstdc++\4.4.3\libs\armeabi\libgnustl_static.a(atomicity.o)
                0x00006e0c                __gnu_cxx::__atomic_add(int volatile*, int)
 .text._ZN9__gnu_cxx26__concurrence_unlock_errorD0Ev
                0x00006e10       0x30 C:\android-ndk-r8e\sources\cxx-stl\gnu-libstdc++\4.4.3\libs\armeabi\libgnustl_static.a(atomicity.o)
                0x00006e10                __gnu_cxx::__concurrence_unlock_error::~__concurrence_unlock_error()
 .text._ZN9__gnu_cxx24__concurrence_lock_errorD0Ev
                0x00006e40       0x30 C:\android-ndk-r8e\sources\cxx-stl\gnu-libstdc++\4.4.3\libs\armeabi\libgnustl_static.a(atomicity.o)
                0x00006e40                __gnu_cxx::__concurrence_lock_error::~__concurrence_lock_error()
 .text._ZdlPv   0x00006e70        0xc C:\android-ndk-r8e\sources\cxx-stl\gnu-libstdc++\4.4.3\libs\armeabi\libgnustl_static.a(del_op.o)
                0x00006e70                operator delete(void*)
 .text._GLOBAL__I_eh_alloc.cc
                0x00006e7c       0x28 C:\android-ndk-r8e\sources\cxx-stl\gnu-libstdc++\4.4.3\libs\armeabi\libgnustl_static.a(eh_alloc.o)
 .text._ZN9__gnu_cxx13__scoped_lockD1Ev
                0x00006ea4       0x68 C:\android-ndk-r8e\sources\cxx-stl\gnu-libstdc++\4.4.3\libs\armeabi\libgnustl_static.a(eh_alloc.o)
                0x00006ea4                __gnu_cxx::__scoped_lock::~__scoped_lock()
 .text.__cxa_free_dependent_exception
                0x00006f0c      0x124 C:\android-ndk-r8e\sources\cxx-stl\gnu-libstdc++\4.4.3\libs\armeabi\libgnustl_static.a(eh_alloc.o)
                0x00006f0c                __cxa_free_dependent_exception
 .text.__cxa_free_exception
                0x00007030      0x11c C:\android-ndk-r8e\sources\cxx-stl\gnu-libstdc++\4.4.3\libs\armeabi\libgnustl_static.a(eh_alloc.o)
                0x00007030                __cxa_free_exception
 .text.__cxa_allocate_dependent_exception
                0x0000714c      0x18c C:\android-ndk-r8e\sources\cxx-stl\gnu-libstdc++\4.4.3\libs\armeabi\libgnustl_static.a(eh_alloc.o)
                0x0000714c                __cxa_allocate_dependent_exception
 .text.__cxa_allocate_exception
                0x000072d8      0x18c C:\android-ndk-r8e\sources\cxx-stl\gnu-libstdc++\4.4.3\libs\armeabi\libgnustl_static.a(eh_alloc.o)
                0x000072d8                __cxa_allocate_exception
 .text          0x00007464       0x10 C:\android-ndk-r8e\sources\cxx-stl\gnu-libstdc++\4.4.3\libs\armeabi\libgnustl_static.a(eh_arm.o)
                0x00007464                __cxa_end_cleanup
 .text.__cxa_type_match
                0x00007474      0x1ac C:\android-ndk-r8e\sources\cxx-stl\gnu-libstdc++\4.4.3\libs\armeabi\libgnustl_static.a(eh_arm.o)
                0x00007474                __cxa_type_match
 .text.__cxa_begin_cleanup
                0x00007620       0xb4 C:\android-ndk-r8e\sources\cxx-stl\gnu-libstdc++\4.4.3\libs\armeabi\libgnustl_static.a(eh_arm.o)
                0x00007620                __cxa_begin_cleanup
 .text.__gnu_end_cleanup
                0x000076d4       0xb4 C:\android-ndk-r8e\sources\cxx-stl\gnu-libstdc++\4.4.3\libs\armeabi\libgnustl_static.a(eh_arm.o)
                0x000076d4                __gnu_end_cleanup
 .text.__cxa_bad_typeid
                0x00007788       0x48 C:\android-ndk-r8e\sources\cxx-stl\gnu-libstdc++\4.4.3\libs\armeabi\libgnustl_static.a(eh_aux_runtime.o)
                0x00007788                __cxa_bad_typeid
 .text.__cxa_bad_cast
                0x000077d0       0x48 C:\android-ndk-r8e\sources\cxx-stl\gnu-libstdc++\4.4.3\libs\armeabi\libgnustl_static.a(eh_aux_runtime.o)
                0x000077d0                __cxa_bad_cast
 .text.__cxa_call_terminate
                0x00007818       0x7c C:\android-ndk-r8e\sources\cxx-stl\gnu-libstdc++\4.4.3\libs\armeabi\libgnustl_static.a(eh_call.o)
                0x00007818                __cxa_call_terminate
 .text.__cxa_call_unexpected
                0x00007894      0x1d0 C:\android-ndk-r8e\sources\cxx-stl\gnu-libstdc++\4.4.3\libs\armeabi\libgnustl_static.a(eh_call.o)
                0x00007894                __cxa_call_unexpected
 .text.__cxa_get_exception_ptr
                0x00007a64        0x8 C:\android-ndk-r8e\sources\cxx-stl\gnu-libstdc++\4.4.3\libs\armeabi\libgnustl_static.a(eh_catch.o)
                0x00007a64                __cxa_get_exception_ptr
 .text._ZSt18uncaught_exceptionv
                0x00007a6c       0x18 C:\android-ndk-r8e\sources\cxx-stl\gnu-libstdc++\4.4.3\libs\armeabi\libgnustl_static.a(eh_catch.o)
                0x00007a6c                std::uncaught_exception()
 .text.__cxa_end_catch
                0x00007a84       0xdc C:\android-ndk-r8e\sources\cxx-stl\gnu-libstdc++\4.4.3\libs\armeabi\libgnustl_static.a(eh_catch.o)
                0x00007a84                __cxa_end_catch
 .text.__cxa_begin_catch
                0x00007b60       0xdc C:\android-ndk-r8e\sources\cxx-stl\gnu-libstdc++\4.4.3\libs\armeabi\libgnustl_static.a(eh_catch.o)
                0x00007b60                __cxa_begin_catch
 .text._ZNSt9exceptionD2Ev
                0x00007c3c        0x4 C:\android-ndk-r8e\sources\cxx-stl\gnu-libstdc++\4.4.3\libs\armeabi\libgnustl_static.a(eh_exception.o)
                0x00007c3c                std::exception::~exception()
 .text._ZNSt9exceptionD1Ev
                0x00007c40        0x4 C:\android-ndk-r8e\sources\cxx-stl\gnu-libstdc++\4.4.3\libs\armeabi\libgnustl_static.a(eh_exception.o)
                0x00007c40                std::exception::~exception()
 .text._ZNSt13bad_exceptionD2Ev
                0x00007c44       0x34 C:\android-ndk-r8e\sources\cxx-stl\gnu-libstdc++\4.4.3\libs\armeabi\libgnustl_static.a(eh_exception.o)
                0x00007c44                std::bad_exception::~bad_exception()
 .text._ZNSt13bad_exceptionD1Ev
                0x00007c78       0x34 C:\android-ndk-r8e\sources\cxx-stl\gnu-libstdc++\4.4.3\libs\armeabi\libgnustl_static.a(eh_exception.o)
                0x00007c78                std::bad_exception::~bad_exception()
 .text._ZN10__cxxabiv115__forced_unwindD2Ev
                0x00007cac        0x4 C:\android-ndk-r8e\sources\cxx-stl\gnu-libstdc++\4.4.3\libs\armeabi\libgnustl_static.a(eh_exception.o)
                0x00007cac                __cxxabiv1::__forced_unwind::~__forced_unwind()
 .text._ZN10__cxxabiv115__forced_unwindD1Ev
                0x00007cb0        0x4 C:\android-ndk-r8e\sources\cxx-stl\gnu-libstdc++\4.4.3\libs\armeabi\libgnustl_static.a(eh_exception.o)
                0x00007cb0                __cxxabiv1::__forced_unwind::~__forced_unwind()
 .text._ZN10__cxxabiv119__foreign_exceptionD2Ev
                0x00007cb4        0x4 C:\android-ndk-r8e\sources\cxx-stl\gnu-libstdc++\4.4.3\libs\armeabi\libgnustl_static.a(eh_exception.o)
                0x00007cb4                __cxxabiv1::__foreign_exception::~__foreign_exception()
 .text._ZN10__cxxabiv119__foreign_exceptionD1Ev
                0x00007cb8        0x4 C:\android-ndk-r8e\sources\cxx-stl\gnu-libstdc++\4.4.3\libs\armeabi\libgnustl_static.a(eh_exception.o)
                0x00007cb8                __cxxabiv1::__foreign_exception::~__foreign_exception()
 .text._ZNKSt9exception4whatEv
                0x00007cbc       0x10 C:\android-ndk-r8e\sources\cxx-stl\gnu-libstdc++\4.4.3\libs\armeabi\libgnustl_static.a(eh_exception.o)
                0x00007cbc                std::exception::what() const
 .text._ZNKSt13bad_exception4whatEv
                0x00007ccc       0x10 C:\android-ndk-r8e\sources\cxx-stl\gnu-libstdc++\4.4.3\libs\armeabi\libgnustl_static.a(eh_exception.o)
                0x00007ccc                std::bad_exception::what() const
 .text._ZN10__cxxabiv119__foreign_exceptionD0Ev
                0x00007cdc       0x1c C:\android-ndk-r8e\sources\cxx-stl\gnu-libstdc++\4.4.3\libs\armeabi\libgnustl_static.a(eh_exception.o)
                0x00007cdc                __cxxabiv1::__foreign_exception::~__foreign_exception()
 .text._ZN10__cxxabiv115__forced_unwindD0Ev
                0x00007cf8       0x1c C:\android-ndk-r8e\sources\cxx-stl\gnu-libstdc++\4.4.3\libs\armeabi\libgnustl_static.a(eh_exception.o)
                0x00007cf8                __cxxabiv1::__forced_unwind::~__forced_unwind()
 .text._ZNSt9exceptionD0Ev
                0x00007d14       0x1c C:\android-ndk-r8e\sources\cxx-stl\gnu-libstdc++\4.4.3\libs\armeabi\libgnustl_static.a(eh_exception.o)
                0x00007d14                std::exception::~exception()
 .text._ZNSt13bad_exceptionD0Ev
                0x00007d30       0x1c C:\android-ndk-r8e\sources\cxx-stl\gnu-libstdc++\4.4.3\libs\armeabi\libgnustl_static.a(eh_exception.o)
                0x00007d30                std::bad_exception::~bad_exception()
 .text._GLOBAL__I_eh_globals.cc
                0x00007d4c       0x5c C:\android-ndk-r8e\sources\cxx-stl\gnu-libstdc++\4.4.3\libs\armeabi\libgnustl_static.a(eh_globals.o)
 .text._ZL15eh_globals_dtorPv
                0x00007da8       0x38 C:\android-ndk-r8e\sources\cxx-stl\gnu-libstdc++\4.4.3\libs\armeabi\libgnustl_static.a(eh_globals.o)
 .text._ZN17__eh_globals_initD1Ev
                0x00007de0       0x34 C:\android-ndk-r8e\sources\cxx-stl\gnu-libstdc++\4.4.3\libs\armeabi\libgnustl_static.a(eh_globals.o)
                0x00007de0                __eh_globals_init::~__eh_globals_init()
 .text.__cxa_get_globals_fast
                0x00007e14       0x48 C:\android-ndk-r8e\sources\cxx-stl\gnu-libstdc++\4.4.3\libs\armeabi\libgnustl_static.a(eh_globals.o)
                0x00007e14                __cxa_get_globals_fast
 .text.__cxa_get_globals
                0x00007e5c       0x90 C:\android-ndk-r8e\sources\cxx-stl\gnu-libstdc++\4.4.3\libs\armeabi\libgnustl_static.a(eh_globals.o)
                0x00007e5c                __cxa_get_globals
 .text._ZL12read_sleb128PKhPl
                0x00007eec       0x44 C:\android-ndk-r8e\sources\cxx-stl\gnu-libstdc++\4.4.3\libs\armeabi\libgnustl_static.a(eh_personality.o)
 .text._ZL21base_of_encoded_valuehP15_Unwind_Context
                0x00007f30       0x78 C:\android-ndk-r8e\sources\cxx-stl\gnu-libstdc++\4.4.3\libs\armeabi\libgnustl_static.a(eh_personality.o)
 .text._ZL17parse_lsda_headerP15_Unwind_ContextPKhP16lsda_header_info
                0x00007fa8      0x214 C:\android-ndk-r8e\sources\cxx-stl\gnu-libstdc++\4.4.3\libs\armeabi\libgnustl_static.a(eh_personality.o)
 .text.__gxx_personality_v0
                0x000081bc      0x9d4 C:\android-ndk-r8e\sources\cxx-stl\gnu-libstdc++\4.4.3\libs\armeabi\libgnustl_static.a(eh_personality.o)
                0x000081bc                __gxx_personality_v0
 .text._ZSt13set_terminatePFvvE
                0x00008b90       0x2c C:\android-ndk-r8e\sources\cxx-stl\gnu-libstdc++\4.4.3\libs\armeabi\libgnustl_static.a(eh_terminate.o)
                0x00008b90                std::set_terminate(void (*)())
 .text._ZSt14set_unexpectedPFvvE
                0x00008bbc       0x2c C:\android-ndk-r8e\sources\cxx-stl\gnu-libstdc++\4.4.3\libs\armeabi\libgnustl_static.a(eh_terminate.o)
                0x00008bbc                std::set_unexpected(void (*)())
 .text._ZN10__cxxabiv111__terminateEPFvvE
                0x00008be8       0x28 C:\android-ndk-r8e\sources\cxx-stl\gnu-libstdc++\4.4.3\libs\armeabi\libgnustl_static.a(eh_terminate.o)
                0x00008be8                __cxxabiv1::__terminate(void (*)())
 .text._ZSt9terminatev
                0x00008c10       0x1c C:\android-ndk-r8e\sources\cxx-stl\gnu-libstdc++\4.4.3\libs\armeabi\libgnustl_static.a(eh_terminate.o)
                0x00008c10                std::terminate()
 .text._ZN10__cxxabiv112__unexpectedEPFvvE
                0x00008c2c       0x10 C:\android-ndk-r8e\sources\cxx-stl\gnu-libstdc++\4.4.3\libs\armeabi\libgnustl_static.a(eh_terminate.o)
                0x00008c2c                __cxxabiv1::__unexpected(void (*)())
 .text._ZSt10unexpectedv
                0x00008c3c       0x1c C:\android-ndk-r8e\sources\cxx-stl\gnu-libstdc++\4.4.3\libs\armeabi\libgnustl_static.a(eh_terminate.o)
                0x00008c3c                std::unexpected()
 .text.__cxa_rethrow
                0x00008c58       0xb8 C:\android-ndk-r8e\sources\cxx-stl\gnu-libstdc++\4.4.3\libs\armeabi\libgnustl_static.a(eh_throw.o)
                0x00008c58                __cxa_rethrow
 .text.__cxa_throw
                0x00008d10       0xa4 C:\android-ndk-r8e\sources\cxx-stl\gnu-libstdc++\4.4.3\libs\armeabi\libgnustl_static.a(eh_throw.o)
                0x00008d10                __cxa_throw
 .text._ZL23__gxx_exception_cleanup19_Unwind_Reason_CodeP21_Unwind_Control_Block
                0x00008db4       0x44 C:\android-ndk-r8e\sources\cxx-stl\gnu-libstdc++\4.4.3\libs\armeabi\libgnustl_static.a(eh_throw.o)
 .text._ZN10__cxxabiv123__fundamental_type_infoD1Ev
                0x00008df8       0x34 C:\android-ndk-r8e\sources\cxx-stl\gnu-libstdc++\4.4.3\libs\armeabi\libgnustl_static.a(fundamental_type_info.o)
                0x00008df8                __cxxabiv1::__fundamental_type_info::~__fundamental_type_info()
 .text._ZN10__cxxabiv123__fundamental_type_infoD0Ev
                0x00008e2c       0x1c C:\android-ndk-r8e\sources\cxx-stl\gnu-libstdc++\4.4.3\libs\armeabi\libgnustl_static.a(fundamental_type_info.o)
                0x00008e2c                __cxxabiv1::__fundamental_type_info::~__fundamental_type_info()
 .text._ZN10__cxxabiv123__fundamental_type_infoD2Ev
                0x00008e48       0x34 C:\android-ndk-r8e\sources\cxx-stl\gnu-libstdc++\4.4.3\libs\armeabi\libgnustl_static.a(fundamental_type_info.o)
                0x00008e48                __cxxabiv1::__fundamental_type_info::~__fundamental_type_info()
 .text._ZNK9__gnu_cxx29__concurrence_broadcast_error4whatEv
                0x00008e7c       0x10 C:\android-ndk-r8e\sources\cxx-stl\gnu-libstdc++\4.4.3\libs\armeabi\libgnustl_static.a(guard.o)
                0x00008e7c                __gnu_cxx::__concurrence_broadcast_error::what() const
 .text._ZNK9__gnu_cxx24__concurrence_wait_error4whatEv
                0x00008e8c       0x10 C:\android-ndk-r8e\sources\cxx-stl\gnu-libstdc++\4.4.3\libs\armeabi\libgnustl_static.a(guard.o)
                0x00008e8c                __gnu_cxx::__concurrence_wait_error::what() const
 .text._ZN12_GLOBAL__N_1L4initEv
                0x00008e9c       0x38 C:\android-ndk-r8e\sources\cxx-stl\gnu-libstdc++\4.4.3\libs\armeabi\libgnustl_static.a(guard.o)
 .text._ZN12_GLOBAL__N_1L16init_static_condEv
                0x00008ed4       0x38 C:\android-ndk-r8e\sources\cxx-stl\gnu-libstdc++\4.4.3\libs\armeabi\libgnustl_static.a(guard.o)
 .text._ZN9__gnu_cxx29__concurrence_broadcast_errorD1Ev
                0x00008f0c       0x28 C:\android-ndk-r8e\sources\cxx-stl\gnu-libstdc++\4.4.3\libs\armeabi\libgnustl_static.a(guard.o)
                0x00008f0c                __gnu_cxx::__concurrence_broadcast_error::~__concurrence_broadcast_error()
 .text._ZN9__gnu_cxx24__concurrence_wait_errorD1Ev
                0x00008f34       0x28 C:\android-ndk-r8e\sources\cxx-stl\gnu-libstdc++\4.4.3\libs\armeabi\libgnustl_static.a(guard.o)
                0x00008f34                __gnu_cxx::__concurrence_wait_error::~__concurrence_wait_error()
 .text._ZN12_GLOBAL__N_113mutex_wrapperD1Ev
                0x00008f5c       0x6c C:\android-ndk-r8e\sources\cxx-stl\gnu-libstdc++\4.4.3\libs\armeabi\libgnustl_static.a(guard.o)
 .text._ZN9__gnu_cxx29__concurrence_broadcast_errorD0Ev
                0x00008fc8       0x30 C:\android-ndk-r8e\sources\cxx-stl\gnu-libstdc++\4.4.3\libs\armeabi\libgnustl_static.a(guard.o)
                0x00008fc8                __gnu_cxx::__concurrence_broadcast_error::~__concurrence_broadcast_error()
 .text._ZN9__gnu_cxx24__concurrence_wait_errorD0Ev
                0x00008ff8       0x30 C:\android-ndk-r8e\sources\cxx-stl\gnu-libstdc++\4.4.3\libs\armeabi\libgnustl_static.a(guard.o)
                0x00008ff8                __gnu_cxx::__concurrence_wait_error::~__concurrence_wait_error()
 .text.__cxa_guard_abort
                0x00009028      0x168 C:\android-ndk-r8e\sources\cxx-stl\gnu-libstdc++\4.4.3\libs\armeabi\libgnustl_static.a(guard.o)
                0x00009028                __cxa_guard_abort
 .text.__cxa_guard_release
                0x00009190      0x16c C:\android-ndk-r8e\sources\cxx-stl\gnu-libstdc++\4.4.3\libs\armeabi\libgnustl_static.a(guard.o)
                0x00009190                __cxa_guard_release
 .text.__cxa_guard_acquire
                0x000092fc      0x1e8 C:\android-ndk-r8e\sources\cxx-stl\gnu-libstdc++\4.4.3\libs\armeabi\libgnustl_static.a(guard.o)
                0x000092fc                __cxa_guard_acquire
 .text._Znwj    0x000094e4       0xb4 C:\android-ndk-r8e\sources\cxx-stl\gnu-libstdc++\4.4.3\libs\armeabi\libgnustl_static.a(new_op.o)
                0x000094e4                operator new(unsigned int)
 .text._ZNK10__cxxabiv119__pointer_type_info14__is_pointer_pEv
                0x00009598        0x8 C:\android-ndk-r8e\sources\cxx-stl\gnu-libstdc++\4.4.3\libs\armeabi\libgnustl_static.a(pointer_type_info.o)
                0x00009598                __cxxabiv1::__pointer_type_info::__is_pointer_p() const
 .text._ZNK10__cxxabiv119__pointer_type_info15__pointer_catchEPKNS_17__pbase_type_infoEPPvj
                0x000095a0       0x88 C:\android-ndk-r8e\sources\cxx-stl\gnu-libstdc++\4.4.3\libs\armeabi\libgnustl_static.a(pointer_type_info.o)
                0x000095a0                __cxxabiv1::__pointer_type_info::__pointer_catch(__cxxabiv1::__pbase_type_info const*, void**, unsigned int) const
 .text._ZN10__cxxabiv119__pointer_type_infoD1Ev
                0x00009628       0x34 C:\android-ndk-r8e\sources\cxx-stl\gnu-libstdc++\4.4.3\libs\armeabi\libgnustl_static.a(pointer_type_info.o)
                0x00009628                __cxxabiv1::__pointer_type_info::~__pointer_type_info()
 .text._ZN10__cxxabiv119__pointer_type_infoD0Ev
                0x0000965c       0x1c C:\android-ndk-r8e\sources\cxx-stl\gnu-libstdc++\4.4.3\libs\armeabi\libgnustl_static.a(pointer_type_info.o)
                0x0000965c                __cxxabiv1::__pointer_type_info::~__pointer_type_info()
 .text._ZN10__cxxabiv119__pointer_type_infoD2Ev
                0x00009678       0x34 C:\android-ndk-r8e\sources\cxx-stl\gnu-libstdc++\4.4.3\libs\armeabi\libgnustl_static.a(pointer_type_info.o)
                0x00009678                __cxxabiv1::__pointer_type_info::~__pointer_type_info()
 .text.__cxa_pure_virtual
                0x000096ac       0x20 C:\android-ndk-r8e\sources\cxx-stl\gnu-libstdc++\4.4.3\libs\armeabi\libgnustl_static.a(pure.o)
                0x000096ac                __cxa_pure_virtual
 .text._ZNK10__cxxabiv120__si_class_type_info11__do_upcastEPKNS_17__class_type_infoEPKvRNS1_15__upcast_resultE
                0x000096cc       0x48 C:\android-ndk-r8e\sources\cxx-stl\gnu-libstdc++\4.4.3\libs\armeabi\libgnustl_static.a(si_class_type_info.o)
                0x000096cc                __cxxabiv1::__si_class_type_info::__do_upcast(__cxxabiv1::__class_type_info const*, void const*, __cxxabiv1::__class_type_info::__upcast_result&) const
 .text._ZNK10__cxxabiv120__si_class_type_info12__do_dyncastEiNS_17__class_type_info10__sub_kindEPKS1_PKvS4_S6_RNS1_16__dyncast_resultE
                0x00009714       0xd0 C:\android-ndk-r8e\sources\cxx-stl\gnu-libstdc++\4.4.3\libs\armeabi\libgnustl_static.a(si_class_type_info.o)
                0x00009714                __cxxabiv1::__si_class_type_info::__do_dyncast(int, __cxxabiv1::__class_type_info::__sub_kind, __cxxabiv1::__class_type_info const*, void const*, __cxxabiv1::__class_type_info const*, void const*, __cxxabiv1::__class_type_info::__dyncast_result&) const
 .text._ZNK10__cxxabiv120__si_class_type_info20__do_find_public_srcEiPKvPKNS_17__class_type_infoES2_
                0x000097e4       0x68 C:\android-ndk-r8e\sources\cxx-stl\gnu-libstdc++\4.4.3\libs\armeabi\libgnustl_static.a(si_class_type_info.o)
                0x000097e4                __cxxabiv1::__si_class_type_info::__do_find_public_src(int, void const*, __cxxabiv1::__class_type_info const*, void const*) const
 .text._ZN10__cxxabiv120__si_class_type_infoD1Ev
                0x0000984c       0x34 C:\android-ndk-r8e\sources\cxx-stl\gnu-libstdc++\4.4.3\libs\armeabi\libgnustl_static.a(si_class_type_info.o)
                0x0000984c                __cxxabiv1::__si_class_type_info::~__si_class_type_info()
 .text._ZN10__cxxabiv120__si_class_type_infoD0Ev
                0x00009880       0x1c C:\android-ndk-r8e\sources\cxx-stl\gnu-libstdc++\4.4.3\libs\armeabi\libgnustl_static.a(si_class_type_info.o)
                0x00009880                __cxxabiv1::__si_class_type_info::~__si_class_type_info()
 .text._ZN10__cxxabiv120__si_class_type_infoD2Ev
                0x0000989c       0x34 C:\android-ndk-r8e\sources\cxx-stl\gnu-libstdc++\4.4.3\libs\armeabi\libgnustl_static.a(si_class_type_info.o)
                0x0000989c                __cxxabiv1::__si_class_type_info::~__si_class_type_info()
 .text._ZNSt9type_infoD2Ev
                0x000098d0        0x4 C:\android-ndk-r8e\sources\cxx-stl\gnu-libstdc++\4.4.3\libs\armeabi\libgnustl_static.a(tinfo.o)
                0x000098d0                std::type_info::~type_info()
 .text._ZNKSt9type_info14__is_pointer_pEv
                0x000098d4        0x8 C:\android-ndk-r8e\sources\cxx-stl\gnu-libstdc++\4.4.3\libs\armeabi\libgnustl_static.a(tinfo.o)
                0x000098d4                std::type_info::__is_pointer_p() const
 .text._ZNKSt9type_info15__is_function_pEv
                0x000098dc        0x8 C:\android-ndk-r8e\sources\cxx-stl\gnu-libstdc++\4.4.3\libs\armeabi\libgnustl_static.a(tinfo.o)
                0x000098dc                std::type_info::__is_function_p() const
 .text._ZNKSt9type_info11__do_upcastEPKN10__cxxabiv117__class_type_infoEPPv
                0x000098e4        0x8 C:\android-ndk-r8e\sources\cxx-stl\gnu-libstdc++\4.4.3\libs\armeabi\libgnustl_static.a(tinfo.o)
                0x000098e4                std::type_info::__do_upcast(__cxxabiv1::__class_type_info const*, void**) const
 .text._ZNKSt9type_infoeqERKS_
                0x000098ec       0x54 C:\android-ndk-r8e\sources\cxx-stl\gnu-libstdc++\4.4.3\libs\armeabi\libgnustl_static.a(tinfo.o)
                0x000098ec                std::type_info::operator==(std::type_info const&) const
 .text._ZNKSt9type_info10__do_catchEPKS_PPvj
                0x00009940        0x4 C:\android-ndk-r8e\sources\cxx-stl\gnu-libstdc++\4.4.3\libs\armeabi\libgnustl_static.a(tinfo.o)
                0x00009940                std::type_info::__do_catch(std::type_info const*, void**, unsigned int) const
 .text._ZNSt12length_errorD1Ev
                0x00009944       0x2c C:\android-ndk-r8e\sources\cxx-stl\gnu-libstdc++\4.4.3\libs\armeabi\libgnustl_static.a(functexcept.o)
                0x00009944                std::length_error::~length_error()
 .text._ZNSt12length_errorD0Ev
                0x00009970       0x34 C:\android-ndk-r8e\sources\cxx-stl\gnu-libstdc++\4.4.3\libs\armeabi\libgnustl_static.a(functexcept.o)
                0x00009970                std::length_error::~length_error()
 .text._ZSt20__throw_length_errorPKc
                0x000099a4       0xcc C:\android-ndk-r8e\sources\cxx-stl\gnu-libstdc++\4.4.3\libs\armeabi\libgnustl_static.a(functexcept.o)
                0x000099a4                std::__throw_length_error(char const*)
 .text._ZSt19__throw_logic_errorPKc
                0x00009a70       0xcc C:\android-ndk-r8e\sources\cxx-stl\gnu-libstdc++\4.4.3\libs\armeabi\libgnustl_static.a(functexcept.o)
                0x00009a70                std::__throw_logic_error(char const*)
 .text._ZNKSt11logic_error4whatEv
                0x00009b3c        0x8 C:\android-ndk-r8e\sources\cxx-stl\gnu-libstdc++\4.4.3\libs\armeabi\libgnustl_static.a(stdexcept.o)
                0x00009b3c                std::logic_error::what() const
 .text._ZNSt11logic_errorC1ERKSs
                0x00009b44       0x3c C:\android-ndk-r8e\sources\cxx-stl\gnu-libstdc++\4.4.3\libs\armeabi\libgnustl_static.a(stdexcept.o)
                0x00009b44                std::logic_error::logic_error(std::string const&)
 .text._ZNSt11logic_errorC2ERKSs
                0x00009b80       0x3c C:\android-ndk-r8e\sources\cxx-stl\gnu-libstdc++\4.4.3\libs\armeabi\libgnustl_static.a(stdexcept.o)
                0x00009b80                std::logic_error::logic_error(std::string const&)
 .text._ZNSt12length_errorC1ERKSs
                0x00009bbc       0x28 C:\android-ndk-r8e\sources\cxx-stl\gnu-libstdc++\4.4.3\libs\armeabi\libgnustl_static.a(stdexcept.o)
                0x00009bbc                std::length_error::length_error(std::string const&)
 .text._ZNSt11logic_errorD1Ev
                0x00009be4       0x9c C:\android-ndk-r8e\sources\cxx-stl\gnu-libstdc++\4.4.3\libs\armeabi\libgnustl_static.a(stdexcept.o)
                0x00009be4                std::logic_error::~logic_error()
 .text._ZNSt11logic_errorD0Ev
                0x00009c80       0x1c C:\android-ndk-r8e\sources\cxx-stl\gnu-libstdc++\4.4.3\libs\armeabi\libgnustl_static.a(stdexcept.o)
                0x00009c80                std::logic_error::~logic_error()
 .text._ZNSt11logic_errorD2Ev
                0x00009c9c       0x9c C:\android-ndk-r8e\sources\cxx-stl\gnu-libstdc++\4.4.3\libs\armeabi\libgnustl_static.a(stdexcept.o)
                0x00009c9c                std::logic_error::~logic_error()
 .text._ZNK12_GLOBAL__N_122generic_error_category4nameEv
                0x00009d38       0x10 C:\android-ndk-r8e\sources\cxx-stl\gnu-libstdc++\4.4.3\libs\armeabi\libgnustl_static.a(system_error.o)
 .text._ZNK12_GLOBAL__N_121system_error_category4nameEv
                0x00009d48       0x10 C:\android-ndk-r8e\sources\cxx-stl\gnu-libstdc++\4.4.3\libs\armeabi\libgnustl_static.a(system_error.o)
 .text._ZNKSt14error_category23default_error_conditionEi
                0x00009d58        0xc C:\android-ndk-r8e\sources\cxx-stl\gnu-libstdc++\4.4.3\libs\armeabi\libgnustl_static.a(system_error.o)
                0x00009d58                std::error_category::default_error_condition(int) const
 .text._ZNKSt14error_category10equivalentEiRKSt15error_condition
                0x00009d64       0x5c C:\android-ndk-r8e\sources\cxx-stl\gnu-libstdc++\4.4.3\libs\armeabi\libgnustl_static.a(system_error.o)
                0x00009d64                std::error_category::equivalent(int, std::error_condition const&) const
 .text._ZNKSt14error_category10equivalentERKSt10error_codei
                0x00009dc0       0x24 C:\android-ndk-r8e\sources\cxx-stl\gnu-libstdc++\4.4.3\libs\armeabi\libgnustl_static.a(system_error.o)
                0x00009dc0                std::error_category::equivalent(std::error_code const&, int) const
 .text._ZN12_GLOBAL__N_122generic_error_categoryD1Ev
                0x00009de4        0x4 C:\android-ndk-r8e\sources\cxx-stl\gnu-libstdc++\4.4.3\libs\armeabi\libgnustl_static.a(system_error.o)
 .text._ZN12_GLOBAL__N_121system_error_categoryD1Ev
                0x00009de8        0x4 C:\android-ndk-r8e\sources\cxx-stl\gnu-libstdc++\4.4.3\libs\armeabi\libgnustl_static.a(system_error.o)
 .text._ZN12_GLOBAL__N_121system_error_categoryD0Ev
                0x00009dec       0x14 C:\android-ndk-r8e\sources\cxx-stl\gnu-libstdc++\4.4.3\libs\armeabi\libgnustl_static.a(system_error.o)
 .text._ZN12_GLOBAL__N_122generic_error_categoryD0Ev
                0x00009e00       0x14 C:\android-ndk-r8e\sources\cxx-stl\gnu-libstdc++\4.4.3\libs\armeabi\libgnustl_static.a(system_error.o)
 .text._GLOBAL__I_system_error.cc
                0x00009e14       0x7c C:\android-ndk-r8e\sources\cxx-stl\gnu-libstdc++\4.4.3\libs\armeabi\libgnustl_static.a(system_error.o)
 .text._ZNK12_GLOBAL__N_122generic_error_category7messageEi
                0x00009e90       0x34 C:\android-ndk-r8e\sources\cxx-stl\gnu-libstdc++\4.4.3\libs\armeabi\libgnustl_static.a(system_error.o)
 .text._ZNK12_GLOBAL__N_121system_error_category7messageEi
                0x00009ec4       0x34 C:\android-ndk-r8e\sources\cxx-stl\gnu-libstdc++\4.4.3\libs\armeabi\libgnustl_static.a(system_error.o)
 .text.__aeabi_atexit
                0x00009ef8       0x10 C:\android-ndk-r8e\sources\cxx-stl\gnu-libstdc++\4.4.3\libs\armeabi\libgnustl_static.a(atexit_arm.o)
                0x00009ef8                __aeabi_atexit
 .text._ZNKSt8bad_cast4whatEv
                0x00009f08       0x10 C:\android-ndk-r8e\sources\cxx-stl\gnu-libstdc++\4.4.3\libs\armeabi\libgnustl_static.a(bad_cast.o)
                0x00009f08                std::bad_cast::what() const
 .text._ZNSt8bad_castD1Ev
                0x00009f18       0x34 C:\android-ndk-r8e\sources\cxx-stl\gnu-libstdc++\4.4.3\libs\armeabi\libgnustl_static.a(bad_cast.o)
                0x00009f18                std::bad_cast::~bad_cast()
 .text._ZNSt8bad_castD0Ev
                0x00009f4c       0x1c C:\android-ndk-r8e\sources\cxx-stl\gnu-libstdc++\4.4.3\libs\armeabi\libgnustl_static.a(bad_cast.o)
                0x00009f4c                std::bad_cast::~bad_cast()
 .text._ZNSt8bad_castD2Ev
                0x00009f68       0x34 C:\android-ndk-r8e\sources\cxx-stl\gnu-libstdc++\4.4.3\libs\armeabi\libgnustl_static.a(bad_cast.o)
                0x00009f68                std::bad_cast::~bad_cast()
 .text._ZNKSt10bad_typeid4whatEv
                0x00009f9c       0x10 C:\android-ndk-r8e\sources\cxx-stl\gnu-libstdc++\4.4.3\libs\armeabi\libgnustl_static.a(bad_typeid.o)
                0x00009f9c                std::bad_typeid::what() const
 .text._ZNSt10bad_typeidD1Ev
                0x00009fac       0x34 C:\android-ndk-r8e\sources\cxx-stl\gnu-libstdc++\4.4.3\libs\armeabi\libgnustl_static.a(bad_typeid.o)
                0x00009fac                std::bad_typeid::~bad_typeid()
 .text._ZNSt10bad_typeidD0Ev
                0x00009fe0       0x1c C:\android-ndk-r8e\sources\cxx-stl\gnu-libstdc++\4.4.3\libs\armeabi\libgnustl_static.a(bad_typeid.o)
                0x00009fe0                std::bad_typeid::~bad_typeid()
 .text._ZNSt10bad_typeidD2Ev
                0x00009ffc       0x34 C:\android-ndk-r8e\sources\cxx-stl\gnu-libstdc++\4.4.3\libs\armeabi\libgnustl_static.a(bad_typeid.o)
                0x00009ffc                std::bad_typeid::~bad_typeid()
 .text._ZNK10__cxxabiv117__class_type_info11__do_upcastEPKS0_PPv
                0x0000a030       0x5c C:\android-ndk-r8e\sources\cxx-stl\gnu-libstdc++\4.4.3\libs\armeabi\libgnustl_static.a(class_type_info.o)
                0x0000a030                __cxxabiv1::__class_type_info::__do_upcast(__cxxabiv1::__class_type_info const*, void**) const
 .text._ZNK10__cxxabiv117__class_type_info20__do_find_public_srcEiPKvPKS0_S2_
                0x0000a08c       0x14 C:\android-ndk-r8e\sources\cxx-stl\gnu-libstdc++\4.4.3\libs\armeabi\libgnustl_static.a(class_type_info.o)
                0x0000a08c                __cxxabiv1::__class_type_info::__do_find_public_src(int, void const*, __cxxabiv1::__class_type_info const*, void const*) const
 .text._ZNK10__cxxabiv117__class_type_info11__do_upcastEPKS0_PKvRNS0_15__upcast_resultE
                0x0000a0a0       0x34 C:\android-ndk-r8e\sources\cxx-stl\gnu-libstdc++\4.4.3\libs\armeabi\libgnustl_static.a(class_type_info.o)
                0x0000a0a0                __cxxabiv1::__class_type_info::__do_upcast(__cxxabiv1::__class_type_info const*, void const*, __cxxabiv1::__class_type_info::__upcast_result&) const
 .text._ZNK10__cxxabiv117__class_type_info12__do_dyncastEiNS0_10__sub_kindEPKS0_PKvS3_S5_RNS0_16__dyncast_resultE
                0x0000a0d4       0x6c C:\android-ndk-r8e\sources\cxx-stl\gnu-libstdc++\4.4.3\libs\armeabi\libgnustl_static.a(class_type_info.o)
                0x0000a0d4                __cxxabiv1::__class_type_info::__do_dyncast(int, __cxxabiv1::__class_type_info::__sub_kind, __cxxabiv1::__class_type_info const*, void const*, __cxxabiv1::__class_type_info const*, void const*, __cxxabiv1::__class_type_info::__dyncast_result&) const
 .text._ZNK10__cxxabiv117__class_type_info10__do_catchEPKSt9type_infoPPvj
                0x0000a140       0x48 C:\android-ndk-r8e\sources\cxx-stl\gnu-libstdc++\4.4.3\libs\armeabi\libgnustl_static.a(class_type_info.o)
                0x0000a140                __cxxabiv1::__class_type_info::__do_catch(std::type_info const*, void**, unsigned int) const
 .text._ZN10__cxxabiv117__class_type_infoD1Ev
                0x0000a188       0x34 C:\android-ndk-r8e\sources\cxx-stl\gnu-libstdc++\4.4.3\libs\armeabi\libgnustl_static.a(class_type_info.o)
                0x0000a188                __cxxabiv1::__class_type_info::~__class_type_info()
 .text._ZN10__cxxabiv117__class_type_infoD0Ev
                0x0000a1bc       0x1c C:\android-ndk-r8e\sources\cxx-stl\gnu-libstdc++\4.4.3\libs\armeabi\libgnustl_static.a(class_type_info.o)
                0x0000a1bc                __cxxabiv1::__class_type_info::~__class_type_info()
 .text._ZN10__cxxabiv117__class_type_infoD2Ev
                0x0000a1d8       0x34 C:\android-ndk-r8e\sources\cxx-stl\gnu-libstdc++\4.4.3\libs\armeabi\libgnustl_static.a(class_type_info.o)
                0x0000a1d8                __cxxabiv1::__class_type_info::~__class_type_info()
 .text._ZSt15set_new_handlerPFvvE
                0x0000a20c       0x1c C:\android-ndk-r8e\sources\cxx-stl\gnu-libstdc++\4.4.3\libs\armeabi\libgnustl_static.a(new_handler.o)
                0x0000a20c                std::set_new_handler(void (*)())
 .text._ZNKSt9bad_alloc4whatEv
                0x0000a228       0x10 C:\android-ndk-r8e\sources\cxx-stl\gnu-libstdc++\4.4.3\libs\armeabi\libgnustl_static.a(new_handler.o)
                0x0000a228                std::bad_alloc::what() const
 .text._ZNSt9bad_allocD1Ev
                0x0000a238       0x34 C:\android-ndk-r8e\sources\cxx-stl\gnu-libstdc++\4.4.3\libs\armeabi\libgnustl_static.a(new_handler.o)
                0x0000a238                std::bad_alloc::~bad_alloc()
 .text._ZNSt9bad_allocD0Ev
                0x0000a26c       0x1c C:\android-ndk-r8e\sources\cxx-stl\gnu-libstdc++\4.4.3\libs\armeabi\libgnustl_static.a(new_handler.o)
                0x0000a26c                std::bad_alloc::~bad_alloc()
 .text._ZNSt9bad_allocD2Ev
                0x0000a288       0x34 C:\android-ndk-r8e\sources\cxx-stl\gnu-libstdc++\4.4.3\libs\armeabi\libgnustl_static.a(new_handler.o)
                0x0000a288                std::bad_alloc::~bad_alloc()
 .text._ZNK10__cxxabiv117__pbase_type_info15__pointer_catchEPKS0_PPvj
                0x0000a2bc       0x24 C:\android-ndk-r8e\sources\cxx-stl\gnu-libstdc++\4.4.3\libs\armeabi\libgnustl_static.a(pbase_type_info.o)
                0x0000a2bc                __cxxabiv1::__pbase_type_info::__pointer_catch(__cxxabiv1::__pbase_type_info const*, void**, unsigned int) const
 .text._ZNK10__cxxabiv117__pbase_type_info10__do_catchEPKSt9type_infoPPvj
                0x0000a2e0       0x94 C:\android-ndk-r8e\sources\cxx-stl\gnu-libstdc++\4.4.3\libs\armeabi\libgnustl_static.a(pbase_type_info.o)
                0x0000a2e0                __cxxabiv1::__pbase_type_info::__do_catch(std::type_info const*, void**, unsigned int) const
 .text._ZN10__cxxabiv117__pbase_type_infoD1Ev
                0x0000a374       0x34 C:\android-ndk-r8e\sources\cxx-stl\gnu-libstdc++\4.4.3\libs\armeabi\libgnustl_static.a(pbase_type_info.o)
                0x0000a374                __cxxabiv1::__pbase_type_info::~__pbase_type_info()
 .text._ZN10__cxxabiv117__pbase_type_infoD0Ev
                0x0000a3a8       0x1c C:\android-ndk-r8e\sources\cxx-stl\gnu-libstdc++\4.4.3\libs\armeabi\libgnustl_static.a(pbase_type_info.o)
                0x0000a3a8                __cxxabiv1::__pbase_type_info::~__pbase_type_info()
 .text._ZN10__cxxabiv117__pbase_type_infoD2Ev
                0x0000a3c4       0x34 C:\android-ndk-r8e\sources\cxx-stl\gnu-libstdc++\4.4.3\libs\armeabi\libgnustl_static.a(pbase_type_info.o)
                0x0000a3c4                __cxxabiv1::__pbase_type_info::~__pbase_type_info()
 .text._ZN9__gnu_cxx27__verbose_terminate_handlerEv
                0x0000a3f8      0x1c4 C:\android-ndk-r8e\sources\cxx-stl\gnu-libstdc++\4.4.3\libs\armeabi\libgnustl_static.a(vterminate.o)
                0x0000a3f8                __gnu_cxx::__verbose_terminate_handler()
 .text          0x0000a5bc     0x4974 C:\android-ndk-r8e\sources\cxx-stl\gnu-libstdc++\4.4.3\libs\armeabi\libgnustl_static.a(cp-demangle.o)
                0x0000e308                __cxa_demangle
                0x0000e2d4                __gcclibcxx_demangle_callback
 .text.__cxa_current_exception_type
                0x0000ef30       0x2c C:\android-ndk-r8e\sources\cxx-stl\gnu-libstdc++\4.4.3\libs\armeabi\libgnustl_static.a(eh_type.o)
                0x0000ef30                __cxa_current_exception_type
 .text          0x0000ef5c       0x1c c:/android-ndk-r8e/toolchains/arm-linux-androideabi-4.4.3/prebuilt/windows/bin/../lib/gcc/arm-linux-androideabi/4.4.3\libgcc.a(_aeabi_ldivmod.o)
                0x0000ef5c                __aeabi_ldivmod
 .text          0x0000ef78       0x88 c:/android-ndk-r8e/toolchains/arm-linux-androideabi-4.4.3/prebuilt/windows/bin/../lib/gcc/arm-linux-androideabi/4.4.3\libgcc.a(bpabi.o)
                0x0000ef78                __gnu_uldivmod_helper
                0x0000efbc                __gnu_ldivmod_helper
 .text          0x0000f000      0xec4 c:/android-ndk-r8e/toolchains/arm-linux-androideabi-4.4.3/prebuilt/windows/bin/../lib/gcc/arm-linux-androideabi/4.4.3\libgcc.a(unwind-arm.o)
                0x0000fa28                __gnu_Unwind_RaiseException
                0x0000f580                __aeabi_unwind_cpp_pr0
                0x0000f0b0                _Unwind_GetCFA
                0x0000f04c                _Unwind_VRS_Set
                0x0000f7c4                __gnu_Unwind_Backtrace
                0x0000fb58                _Unwind_VRS_Pop
                0x0000f570                __aeabi_unwind_cpp_pr2
                0x0000f0bc                _Unwind_DeleteException
                0x0000f0b8                _Unwind_Complete
                0x0000faec                __gnu_Unwind_Resume
                0x0000f9b4                __gnu_Unwind_ForcedUnwind
                0x0000facc                __gnu_Unwind_Resume_or_Rethrow
                0x0000f000                _Unwind_VRS_Get
                0x0000f578                __aeabi_unwind_cpp_pr1
 .text          0x0000fec4      0x1a8 c:/android-ndk-r8e/toolchains/arm-linux-androideabi-4.4.3/prebuilt/windows/bin/../lib/gcc/arm-linux-androideabi/4.4.3\libgcc.a(libunwind.o)
                0x00010024                ___Unwind_ForcedUnwind
                0x0000fee0                __gnu_Unwind_Save_VFP
                0x00010000                _Unwind_Resume_or_Rethrow
                0x00010000                ___Unwind_Resume_or_Rethrow
                0x00010048                _Unwind_Backtrace
                0x0000fec4                __restore_core_regs
                0x0000ff00                __gnu_Unwind_Save_VFP_D_16_to_31
                0x0000fef0                __gnu_Unwind_Save_VFP_D
                0x00010048                ___Unwind_Backtrace
                0x0000ffb8                ___Unwind_RaiseException
                0x0000ffdc                ___Unwind_Resume
                0x0000ff08                __gnu_Unwind_Restore_WMMXD
                0x0000fed8                __gnu_Unwind_Restore_VFP
                0x0000ffdc                _Unwind_Resume
                0x0000fee8                __gnu_Unwind_Restore_VFP_D
                0x0000fef8                __gnu_Unwind_Restore_VFP_D_16_to_31
                0x0000ffb8                _Unwind_RaiseException
                0x0000fec4                restore_core_regs
                0x0000ffa4                __gnu_Unwind_Save_WMMXC
                0x0000ff90                __gnu_Unwind_Restore_WMMXC
                0x00010024                _Unwind_ForcedUnwind
                0x0000ff4c                __gnu_Unwind_Save_WMMXD
 .text          0x0001006c      0x484 c:/android-ndk-r8e/toolchains/arm-linux-androideabi-4.4.3/prebuilt/windows/bin/../lib/gcc/arm-linux-androideabi/4.4.3\libgcc.a(pr-support.o)
                0x0001010c                _Unwind_GetRegionStart
                0x00010138                __gnu_unwind_execute
                0x000100c4                _Unwind_GetTextRelBase
                0x000100d4                _Unwind_GetLanguageSpecificData
                0x000104b0                __gnu_unwind_frame
                0x000100cc                _Unwind_GetDataRelBase
 .text          0x000104f0      0x47c c:/android-ndk-r8e/toolchains/arm-linux-androideabi-4.4.3/prebuilt/windows/bin/../lib/gcc/arm-linux-androideabi/4.4.3\libgcc.a(_divdi3.o)
                0x000104f0                __divdi3
 .text          0x0001096c      0x40c c:/android-ndk-r8e/toolchains/arm-linux-androideabi-4.4.3/prebuilt/windows/bin/../lib/gcc/arm-linux-androideabi/4.4.3\libgcc.a(_udivdi3.o)
                0x0001096c                __udivdi3
 .text          0x00010d78       0xc4 c:/android-ndk-r8e/toolchains/arm-linux-androideabi-4.4.3/prebuilt/windows/bin/../lib/gcc/arm-linux-androideabi/4.4.3\libgcc.a(_udivsi3.o)
                0x00010d78                __udivsi3
                0x00010d78                __aeabi_uidiv
                0x00010e24                __aeabi_uidivmod
 .text          0x00010e3c       0x10 c:/android-ndk-r8e/toolchains/arm-linux-androideabi-4.4.3/prebuilt/windows/bin/../lib/gcc/arm-linux-androideabi/4.4.3\libgcc.a(_dvmd_lnx.o)
                0x00010e3c                __div0
 *(.gnu.warning)
 *(.glue_7t)
 .glue_7t       0x00000000        0x0 linker stubs
 *(.glue_7)
 .glue_7        0x00000000        0x0 linker stubs
 *(.vfp11_veneer)
 .vfp11_veneer  0x00000000        0x0 linker stubs
 *(.v4_bx)
 .v4_bx         0x00000000        0x0 linker stubs

.fini
 *(.fini)
                0x00010e4c                PROVIDE (__etext, .)
                0x00010e4c                PROVIDE (_etext, .)
                0x00010e4c                PROVIDE (etext, .)

.rodata         0x00010e4c     0x11e8
 *(.rodata .rodata.* .gnu.linkonce.r.*)
 .rodata        0x00010e4c      0x190 debug\lsUtilities_platform.os
 .rodata        0x00010fdc      0x20c debug\lsUtilities_register.os
 .rodata.str1.4
                0x000111e8      0x118 C:\dev\sdk\teams\support\fixes\s3e\edk\lib\android\libedk.a(IwDebug.o)
                                0x120 (size before relaxing)
 .rodata.str1.4
                0x00011300      0x161 C:\android-ndk-r8e\sources\cxx-stl\gnu-libstdc++\4.4.3\libs\armeabi\libgnustl_static.a(string-inst.o)
                                0x164 (size before relaxing)
 *fill*         0x00011461        0x3 00
 .rodata._ZTSN9__gnu_cxx24__concurrence_lock_errorE
                0x00011464       0x28 C:\android-ndk-r8e\sources\cxx-stl\gnu-libstdc++\4.4.3\libs\armeabi\libgnustl_static.a(atomicity.o)
                0x00011464                typeinfo name for __gnu_cxx::__concurrence_lock_error
 .rodata._ZTSN9__gnu_cxx26__concurrence_unlock_errorE
                0x0001148c       0x2c C:\android-ndk-r8e\sources\cxx-stl\gnu-libstdc++\4.4.3\libs\armeabi\libgnustl_static.a(atomicity.o)
                0x0001148c                typeinfo name for __gnu_cxx::__concurrence_unlock_error
 .rodata.str1.4
                0x000114b8       0x4a C:\android-ndk-r8e\sources\cxx-stl\gnu-libstdc++\4.4.3\libs\armeabi\libgnustl_static.a(atomicity.o)
                                 0x4c (size before relaxing)
 *fill*         0x00011502        0x2 00
 .rodata._ZTSN10__cxxabiv115__forced_unwindE
                0x00011504       0x20 C:\android-ndk-r8e\sources\cxx-stl\gnu-libstdc++\4.4.3\libs\armeabi\libgnustl_static.a(eh_exception.o)
                0x00011504                typeinfo name for __cxxabiv1::__forced_unwind
 .rodata._ZTSN10__cxxabiv119__foreign_exceptionE
                0x00011524       0x24 C:\android-ndk-r8e\sources\cxx-stl\gnu-libstdc++\4.4.3\libs\armeabi\libgnustl_static.a(eh_exception.o)
                0x00011524                typeinfo name for __cxxabiv1::__foreign_exception
 .rodata.str1.4
                0x00011548       0x23 C:\android-ndk-r8e\sources\cxx-stl\gnu-libstdc++\4.4.3\libs\armeabi\libgnustl_static.a(eh_exception.o)
                                 0x24 (size before relaxing)
 *fill*         0x0001156b        0x1 00
 .rodata._ZTSSt9exception
                0x0001156c       0x10 C:\android-ndk-r8e\sources\cxx-stl\gnu-libstdc++\4.4.3\libs\armeabi\libgnustl_static.a(eh_exception.o)
                0x0001156c                typeinfo name for std::exception
 .rodata._ZTSSt13bad_exception
                0x0001157c       0x14 C:\android-ndk-r8e\sources\cxx-stl\gnu-libstdc++\4.4.3\libs\armeabi\libgnustl_static.a(eh_exception.o)
                0x0001157c                typeinfo name for std::bad_exception
 .rodata._ZTSPKe
                0x00011590        0x4 C:\android-ndk-r8e\sources\cxx-stl\gnu-libstdc++\4.4.3\libs\armeabi\libgnustl_static.a(fundamental_type_info.o)
                0x00011590                typeinfo name for long double const*
 .rodata._ZTSPe
                0x00011594        0x4 C:\android-ndk-r8e\sources\cxx-stl\gnu-libstdc++\4.4.3\libs\armeabi\libgnustl_static.a(fundamental_type_info.o)
                0x00011594                typeinfo name for long double*
 .rodata._ZTSe  0x00011598        0x4 C:\android-ndk-r8e\sources\cxx-stl\gnu-libstdc++\4.4.3\libs\armeabi\libgnustl_static.a(fundamental_type_info.o)
                0x00011598                typeinfo name for long double
 .rodata._ZTSPKd
                0x0001159c        0x4 C:\android-ndk-r8e\sources\cxx-stl\gnu-libstdc++\4.4.3\libs\armeabi\libgnustl_static.a(fundamental_type_info.o)
                0x0001159c                typeinfo name for double const*
 .rodata._ZTSPd
                0x000115a0        0x4 C:\android-ndk-r8e\sources\cxx-stl\gnu-libstdc++\4.4.3\libs\armeabi\libgnustl_static.a(fundamental_type_info.o)
                0x000115a0                typeinfo name for double*
 .rodata._ZTSd  0x000115a4        0x4 C:\android-ndk-r8e\sources\cxx-stl\gnu-libstdc++\4.4.3\libs\armeabi\libgnustl_static.a(fundamental_type_info.o)
                0x000115a4                typeinfo name for double
 .rodata._ZTSPKf
                0x000115a8        0x4 C:\android-ndk-r8e\sources\cxx-stl\gnu-libstdc++\4.4.3\libs\armeabi\libgnustl_static.a(fundamental_type_info.o)
                0x000115a8                typeinfo name for float const*
 .rodata._ZTSPf
                0x000115ac        0x4 C:\android-ndk-r8e\sources\cxx-stl\gnu-libstdc++\4.4.3\libs\armeabi\libgnustl_static.a(fundamental_type_info.o)
                0x000115ac                typeinfo name for float*
 .rodata._ZTSf  0x000115b0        0x4 C:\android-ndk-r8e\sources\cxx-stl\gnu-libstdc++\4.4.3\libs\armeabi\libgnustl_static.a(fundamental_type_info.o)
                0x000115b0                typeinfo name for float
 .rodata._ZTSPKy
                0x000115b4        0x4 C:\android-ndk-r8e\sources\cxx-stl\gnu-libstdc++\4.4.3\libs\armeabi\libgnustl_static.a(fundamental_type_info.o)
                0x000115b4                typeinfo name for unsigned long long const*
 .rodata._ZTSPy
                0x000115b8        0x4 C:\android-ndk-r8e\sources\cxx-stl\gnu-libstdc++\4.4.3\libs\armeabi\libgnustl_static.a(fundamental_type_info.o)
                0x000115b8                typeinfo name for unsigned long long*
 .rodata._ZTSy  0x000115bc        0x4 C:\android-ndk-r8e\sources\cxx-stl\gnu-libstdc++\4.4.3\libs\armeabi\libgnustl_static.a(fundamental_type_info.o)
                0x000115bc                typeinfo name for unsigned long long
 .rodata._ZTSPKx
                0x000115c0        0x4 C:\android-ndk-r8e\sources\cxx-stl\gnu-libstdc++\4.4.3\libs\armeabi\libgnustl_static.a(fundamental_type_info.o)
                0x000115c0                typeinfo name for long long const*
 .rodata._ZTSPx
                0x000115c4        0x4 C:\android-ndk-r8e\sources\cxx-stl\gnu-libstdc++\4.4.3\libs\armeabi\libgnustl_static.a(fundamental_type_info.o)
                0x000115c4                typeinfo name for long long*
 .rodata._ZTSx  0x000115c8        0x4 C:\android-ndk-r8e\sources\cxx-stl\gnu-libstdc++\4.4.3\libs\armeabi\libgnustl_static.a(fundamental_type_info.o)
                0x000115c8                typeinfo name for long long
 .rodata._ZTSPKm
                0x000115cc        0x4 C:\android-ndk-r8e\sources\cxx-stl\gnu-libstdc++\4.4.3\libs\armeabi\libgnustl_static.a(fundamental_type_info.o)
                0x000115cc                typeinfo name for unsigned long const*
 .rodata._ZTSPm
                0x000115d0        0x4 C:\android-ndk-r8e\sources\cxx-stl\gnu-libstdc++\4.4.3\libs\armeabi\libgnustl_static.a(fundamental_type_info.o)
                0x000115d0                typeinfo name for unsigned long*
 .rodata._ZTSm  0x000115d4        0x4 C:\android-ndk-r8e\sources\cxx-stl\gnu-libstdc++\4.4.3\libs\armeabi\libgnustl_static.a(fundamental_type_info.o)
                0x000115d4                typeinfo name for unsigned long
 .rodata._ZTSPKl
                0x000115d8        0x4 C:\android-ndk-r8e\sources\cxx-stl\gnu-libstdc++\4.4.3\libs\armeabi\libgnustl_static.a(fundamental_type_info.o)
                0x000115d8                typeinfo name for long const*
 .rodata._ZTSPl
                0x000115dc        0x4 C:\android-ndk-r8e\sources\cxx-stl\gnu-libstdc++\4.4.3\libs\armeabi\libgnustl_static.a(fundamental_type_info.o)
                0x000115dc                typeinfo name for long*
 .rodata._ZTSl  0x000115e0        0x4 C:\android-ndk-r8e\sources\cxx-stl\gnu-libstdc++\4.4.3\libs\armeabi\libgnustl_static.a(fundamental_type_info.o)
                0x000115e0                typeinfo name for long
 .rodata._ZTSPKj
                0x000115e4        0x4 C:\android-ndk-r8e\sources\cxx-stl\gnu-libstdc++\4.4.3\libs\armeabi\libgnustl_static.a(fundamental_type_info.o)
                0x000115e4                typeinfo name for unsigned int const*
 .rodata._ZTSPj
                0x000115e8        0x4 C:\android-ndk-r8e\sources\cxx-stl\gnu-libstdc++\4.4.3\libs\armeabi\libgnustl_static.a(fundamental_type_info.o)
                0x000115e8                typeinfo name for unsigned int*
 .rodata._ZTSj  0x000115ec        0x4 C:\android-ndk-r8e\sources\cxx-stl\gnu-libstdc++\4.4.3\libs\armeabi\libgnustl_static.a(fundamental_type_info.o)
                0x000115ec                typeinfo name for unsigned int
 .rodata._ZTSPKi
                0x000115f0        0x4 C:\android-ndk-r8e\sources\cxx-stl\gnu-libstdc++\4.4.3\libs\armeabi\libgnustl_static.a(fundamental_type_info.o)
                0x000115f0                typeinfo name for int const*
 .rodata._ZTSPi
                0x000115f4        0x4 C:\android-ndk-r8e\sources\cxx-stl\gnu-libstdc++\4.4.3\libs\armeabi\libgnustl_static.a(fundamental_type_info.o)
                0x000115f4                typeinfo name for int*
 .rodata._ZTSi  0x000115f8        0x4 C:\android-ndk-r8e\sources\cxx-stl\gnu-libstdc++\4.4.3\libs\armeabi\libgnustl_static.a(fundamental_type_info.o)
                0x000115f8                typeinfo name for int
 .rodata._ZTSPKt
                0x000115fc        0x4 C:\android-ndk-r8e\sources\cxx-stl\gnu-libstdc++\4.4.3\libs\armeabi\libgnustl_static.a(fundamental_type_info.o)
                0x000115fc                typeinfo name for unsigned short const*
 .rodata._ZTSPt
                0x00011600        0x4 C:\android-ndk-r8e\sources\cxx-stl\gnu-libstdc++\4.4.3\libs\armeabi\libgnustl_static.a(fundamental_type_info.o)
                0x00011600                typeinfo name for unsigned short*
 .rodata._ZTSt  0x00011604        0x4 C:\android-ndk-r8e\sources\cxx-stl\gnu-libstdc++\4.4.3\libs\armeabi\libgnustl_static.a(fundamental_type_info.o)
                0x00011604                typeinfo name for unsigned short
 .rodata._ZTSPKs
                0x00011608        0x4 C:\android-ndk-r8e\sources\cxx-stl\gnu-libstdc++\4.4.3\libs\armeabi\libgnustl_static.a(fundamental_type_info.o)
                0x00011608                typeinfo name for short const*
 .rodata._ZTSPs
                0x0001160c        0x4 C:\android-ndk-r8e\sources\cxx-stl\gnu-libstdc++\4.4.3\libs\armeabi\libgnustl_static.a(fundamental_type_info.o)
                0x0001160c                typeinfo name for short*
 .rodata._ZTSs  0x00011610        0x4 C:\android-ndk-r8e\sources\cxx-stl\gnu-libstdc++\4.4.3\libs\armeabi\libgnustl_static.a(fundamental_type_info.o)
                0x00011610                typeinfo name for short
 .rodata._ZTSPKh
                0x00011614        0x4 C:\android-ndk-r8e\sources\cxx-stl\gnu-libstdc++\4.4.3\libs\armeabi\libgnustl_static.a(fundamental_type_info.o)
                0x00011614                typeinfo name for unsigned char const*
 .rodata._ZTSPh
                0x00011618        0x4 C:\android-ndk-r8e\sources\cxx-stl\gnu-libstdc++\4.4.3\libs\armeabi\libgnustl_static.a(fundamental_type_info.o)
                0x00011618                typeinfo name for unsigned char*
 .rodata._ZTSh  0x0001161c        0x4 C:\android-ndk-r8e\sources\cxx-stl\gnu-libstdc++\4.4.3\libs\armeabi\libgnustl_static.a(fundamental_type_info.o)
                0x0001161c                typeinfo name for unsigned char
 .rodata._ZTSPKa
                0x00011620        0x4 C:\android-ndk-r8e\sources\cxx-stl\gnu-libstdc++\4.4.3\libs\armeabi\libgnustl_static.a(fundamental_type_info.o)
                0x00011620                typeinfo name for signed char const*
 .rodata._ZTSPa
                0x00011624        0x4 C:\android-ndk-r8e\sources\cxx-stl\gnu-libstdc++\4.4.3\libs\armeabi\libgnustl_static.a(fundamental_type_info.o)
                0x00011624                typeinfo name for signed char*
 .rodata._ZTSa  0x00011628        0x4 C:\android-ndk-r8e\sources\cxx-stl\gnu-libstdc++\4.4.3\libs\armeabi\libgnustl_static.a(fundamental_type_info.o)
                0x00011628                typeinfo name for signed char
 .rodata._ZTSPKc
                0x0001162c        0x4 C:\android-ndk-r8e\sources\cxx-stl\gnu-libstdc++\4.4.3\libs\armeabi\libgnustl_static.a(fundamental_type_info.o)
                0x0001162c                typeinfo name for char const*
 .rodata._ZTSPc
                0x00011630        0x4 C:\android-ndk-r8e\sources\cxx-stl\gnu-libstdc++\4.4.3\libs\armeabi\libgnustl_static.a(fundamental_type_info.o)
                0x00011630                typeinfo name for char*
 .rodata._ZTSc  0x00011634        0x4 C:\android-ndk-r8e\sources\cxx-stl\gnu-libstdc++\4.4.3\libs\armeabi\libgnustl_static.a(fundamental_type_info.o)
                0x00011634                typeinfo name for char
 .rodata._ZTSPKDi
                0x00011638        0x8 C:\android-ndk-r8e\sources\cxx-stl\gnu-libstdc++\4.4.3\libs\armeabi\libgnustl_static.a(fundamental_type_info.o)
                0x00011638                _ZTSPKDi
 .rodata._ZTSPDi
                0x00011640        0x4 C:\android-ndk-r8e\sources\cxx-stl\gnu-libstdc++\4.4.3\libs\armeabi\libgnustl_static.a(fundamental_type_info.o)
                0x00011640                _ZTSPDi
 .rodata._ZTSDi
                0x00011644        0x4 C:\android-ndk-r8e\sources\cxx-stl\gnu-libstdc++\4.4.3\libs\armeabi\libgnustl_static.a(fundamental_type_info.o)
                0x00011644                _ZTSDi
 .rodata._ZTSPKDs
                0x00011648        0x8 C:\android-ndk-r8e\sources\cxx-stl\gnu-libstdc++\4.4.3\libs\armeabi\libgnustl_static.a(fundamental_type_info.o)
                0x00011648                _ZTSPKDs
 .rodata._ZTSPDs
                0x00011650        0x4 C:\android-ndk-r8e\sources\cxx-stl\gnu-libstdc++\4.4.3\libs\armeabi\libgnustl_static.a(fundamental_type_info.o)
                0x00011650                _ZTSPDs
 .rodata._ZTSDs
                0x00011654        0x4 C:\android-ndk-r8e\sources\cxx-stl\gnu-libstdc++\4.4.3\libs\armeabi\libgnustl_static.a(fundamental_type_info.o)
                0x00011654                _ZTSDs
 .rodata._ZTSPKw
                0x00011658        0x4 C:\android-ndk-r8e\sources\cxx-stl\gnu-libstdc++\4.4.3\libs\armeabi\libgnustl_static.a(fundamental_type_info.o)
                0x00011658                typeinfo name for wchar_t const*
 .rodata._ZTSPw
                0x0001165c        0x4 C:\android-ndk-r8e\sources\cxx-stl\gnu-libstdc++\4.4.3\libs\armeabi\libgnustl_static.a(fundamental_type_info.o)
                0x0001165c                typeinfo name for wchar_t*
 .rodata._ZTSw  0x00011660        0x4 C:\android-ndk-r8e\sources\cxx-stl\gnu-libstdc++\4.4.3\libs\armeabi\libgnustl_static.a(fundamental_type_info.o)
                0x00011660                typeinfo name for wchar_t
 .rodata._ZTSPKb
                0x00011664        0x4 C:\android-ndk-r8e\sources\cxx-stl\gnu-libstdc++\4.4.3\libs\armeabi\libgnustl_static.a(fundamental_type_info.o)
                0x00011664                typeinfo name for bool const*
 .rodata._ZTSPb
                0x00011668        0x4 C:\android-ndk-r8e\sources\cxx-stl\gnu-libstdc++\4.4.3\libs\armeabi\libgnustl_static.a(fundamental_type_info.o)
                0x00011668                typeinfo name for bool*
 .rodata._ZTSb  0x0001166c        0x4 C:\android-ndk-r8e\sources\cxx-stl\gnu-libstdc++\4.4.3\libs\armeabi\libgnustl_static.a(fundamental_type_info.o)
                0x0001166c                typeinfo name for bool
 .rodata._ZTSPKv
                0x00011670        0x4 C:\android-ndk-r8e\sources\cxx-stl\gnu-libstdc++\4.4.3\libs\armeabi\libgnustl_static.a(fundamental_type_info.o)
                0x00011670                typeinfo name for void const*
 .rodata._ZTSPv
                0x00011674        0x4 C:\android-ndk-r8e\sources\cxx-stl\gnu-libstdc++\4.4.3\libs\armeabi\libgnustl_static.a(fundamental_type_info.o)
                0x00011674                typeinfo name for void*
 .rodata._ZTSv  0x00011678        0x4 C:\android-ndk-r8e\sources\cxx-stl\gnu-libstdc++\4.4.3\libs\armeabi\libgnustl_static.a(fundamental_type_info.o)
                0x00011678                typeinfo name for void
 .rodata._ZTSN10__cxxabiv123__fundamental_type_infoE
                0x0001167c       0x28 C:\android-ndk-r8e\sources\cxx-stl\gnu-libstdc++\4.4.3\libs\armeabi\libgnustl_static.a(fundamental_type_info.o)
                0x0001167c                typeinfo name for __cxxabiv1::__fundamental_type_info
 .rodata._ZTSN9__gnu_cxx29__concurrence_broadcast_errorE
                0x000116a4       0x2c C:\android-ndk-r8e\sources\cxx-stl\gnu-libstdc++\4.4.3\libs\armeabi\libgnustl_static.a(guard.o)
                0x000116a4                typeinfo name for __gnu_cxx::__concurrence_broadcast_error
 .rodata._ZTSN9__gnu_cxx24__concurrence_wait_errorE
                0x000116d0       0x28 C:\android-ndk-r8e\sources\cxx-stl\gnu-libstdc++\4.4.3\libs\armeabi\libgnustl_static.a(guard.o)
                0x000116d0                typeinfo name for __gnu_cxx::__concurrence_wait_error
 .rodata.str1.4
                0x000116f8       0x50 C:\android-ndk-r8e\sources\cxx-stl\gnu-libstdc++\4.4.3\libs\armeabi\libgnustl_static.a(guard.o)
                                 0x9c (size before relaxing)