Archive member included because of file (symbol)

C:\dev\sdk\teams\support\fixes\s3e\edk\lib\android\libedk.a(edk_helpers.o)
                              release\lsUtilities_platform.os (s3eEdkThreadRunOnOS)
C:\android-ndk-r8e\sources\cxx-stl\gnu-libstdc++\4.4.3\libs\armeabi\libgnustl_static.a(string-inst.o)
                              release\lsUtilities_platform.os (std::string::_Rep::_S_empty_rep_storage)
C:\android-ndk-r8e\sources\cxx-stl\gnu-libstdc++\4.4.3\libs\armeabi\libgnustl_static.a(atomicity.o)
                              release\lsUtilities_platform.os (__gnu_cxx::__exchange_and_add(int volatile*, int))
C:\android-ndk-r8e\sources\cxx-stl\gnu-libstdc++\4.4.3\libs\armeabi\libgnustl_static.a(del_op.o)
                              C:\android-ndk-r8e\sources\cxx-stl\gnu-libstdc++\4.4.3\libs\armeabi\libgnustl_static.a(string-inst.o) (operator delete(void*))
C:\android-ndk-r8e\sources\cxx-stl\gnu-libstdc++\4.4.3\libs\armeabi\libgnustl_static.a(eh_alloc.o)
                              C:\android-ndk-r8e\sources\cxx-stl\gnu-libstdc++\4.4.3\libs\armeabi\libgnustl_static.a(atomicity.o) (__cxa_allocate_exception)
C:\android-ndk-r8e\sources\cxx-stl\gnu-libstdc++\4.4.3\libs\armeabi\libgnustl_static.a(eh_arm.o)
                              C:\android-ndk-r8e\sources\cxx-stl\gnu-libstdc++\4.4.3\libs\armeabi\libgnustl_static.a(string-inst.o) (__cxa_end_cleanup)
C:\android-ndk-r8e\sources\cxx-stl\gnu-libstdc++\4.4.3\libs\armeabi\libgnustl_static.a(eh_aux_runtime.o)
                              C:\android-ndk-r8e\sources\cxx-stl\gnu-libstdc++\4.4.3\libs\armeabi\libgnustl_static.a(eh_arm.o) (__cxa_bad_typeid)
C:\android-ndk-r8e\sources\cxx-stl\gnu-libstdc++\4.4.3\libs\armeabi\libgnustl_static.a(eh_call.o)
                              C:\android-ndk-r8e\sources\cxx-stl\gnu-libstdc++\4.4.3\libs\armeabi\libgnustl_static.a(string-inst.o) (__cxa_call_unexpected)
C:\android-ndk-r8e\sources\cxx-stl\gnu-libstdc++\4.4.3\libs\armeabi\libgnustl_static.a(eh_catch.o)
                              C:\android-ndk-r8e\sources\cxx-stl\gnu-libstdc++\4.4.3\libs\armeabi\libgnustl_static.a(eh_call.o) (__cxa_end_catch)
C:\android-ndk-r8e\sources\cxx-stl\gnu-libstdc++\4.4.3\libs\armeabi\libgnustl_static.a(eh_exception.o)
                              C:\android-ndk-r8e\sources\cxx-stl\gnu-libstdc++\4.4.3\libs\armeabi\libgnustl_static.a(atomicity.o) (std::exception::~exception())
C:\android-ndk-r8e\sources\cxx-stl\gnu-libstdc++\4.4.3\libs\armeabi\libgnustl_static.a(eh_globals.o)
                              C:\android-ndk-r8e\sources\cxx-stl\gnu-libstdc++\4.4.3\libs\armeabi\libgnustl_static.a(eh_call.o) (__cxa_get_globals_fast)
C:\android-ndk-r8e\sources\cxx-stl\gnu-libstdc++\4.4.3\libs\armeabi\libgnustl_static.a(eh_personality.o)
                              C:\android-ndk-r8e\sources\cxx-stl\gnu-libstdc++\4.4.3\libs\armeabi\libgnustl_static.a(string-inst.o) (__gxx_personality_v0)
C:\android-ndk-r8e\sources\cxx-stl\gnu-libstdc++\4.4.3\libs\armeabi\libgnustl_static.a(eh_terminate.o)
                              C:\android-ndk-r8e\sources\cxx-stl\gnu-libstdc++\4.4.3\libs\armeabi\libgnustl_static.a(eh_call.o) (__cxxabiv1::__terminate(void (*)()))
C:\android-ndk-r8e\sources\cxx-stl\gnu-libstdc++\4.4.3\libs\armeabi\libgnustl_static.a(eh_throw.o)
                              C:\android-ndk-r8e\sources\cxx-stl\gnu-libstdc++\4.4.3\libs\armeabi\libgnustl_static.a(eh_call.o) (__cxa_rethrow)
C:\android-ndk-r8e\sources\cxx-stl\gnu-libstdc++\4.4.3\libs\armeabi\libgnustl_static.a(eh_unex_handler.o)
                              C:\android-ndk-r8e\sources\cxx-stl\gnu-libstdc++\4.4.3\libs\armeabi\libgnustl_static.a(eh_terminate.o) (__cxxabiv1::__unexpected_handler)
C:\android-ndk-r8e\sources\cxx-stl\gnu-libstdc++\4.4.3\libs\armeabi\libgnustl_static.a(fundamental_type_info.o)
                              C:\android-ndk-r8e\sources\cxx-stl\gnu-libstdc++\4.4.3\libs\armeabi\libgnustl_static.a(eh_arm.o) (typeinfo for void)
C:\android-ndk-r8e\sources\cxx-stl\gnu-libstdc++\4.4.3\libs\armeabi\libgnustl_static.a(guard.o)
                              C:\android-ndk-r8e\sources\cxx-stl\gnu-libstdc++\4.4.3\libs\armeabi\libgnustl_static.a(atomicity.o) (__cxa_guard_release)
C:\android-ndk-r8e\sources\cxx-stl\gnu-libstdc++\4.4.3\libs\armeabi\libgnustl_static.a(new_op.o)
                              C:\android-ndk-r8e\sources\cxx-stl\gnu-libstdc++\4.4.3\libs\armeabi\libgnustl_static.a(string-inst.o) (operator new(unsigned int))
C:\android-ndk-r8e\sources\cxx-stl\gnu-libstdc++\4.4.3\libs\armeabi\libgnustl_static.a(pointer_type_info.o)
                              C:\android-ndk-r8e\sources\cxx-stl\gnu-libstdc++\4.4.3\libs\armeabi\libgnustl_static.a(fundamental_type_info.o) (vtable for __cxxabiv1::__pointer_type_info)
C:\android-ndk-r8e\sources\cxx-stl\gnu-libstdc++\4.4.3\libs\armeabi\libgnustl_static.a(pure.o)
[...]
Memory Configuration

Name             Origin             Length             Attributes
*default*        0x00000000         0xffffffff

Linker script and memory map

LOAD C:/android-ndk-r8e/platforms/android-9/arch-arm/usr/lib/crtbegin_so.o
LOAD release\lsUtilities_platform.os
LOAD release\lsUtilities.os
LOAD release\lsUtilities_register.os
LOAD C:\dev\sdk\teams\support\fixes\s3e\edk\lib\android\libedk.a
LOAD C:\dev\sdk\teams\support\fixes\s3e\edk\lib\android/libplaceholderplaceholderplaceholderplaceholderplaceholder.so
LOAD C:\android-ndk-r8e\platforms\android-9\arch-arm\usr\lib/liblog.so
LOAD C:\android-ndk-r8e\sources\cxx-stl\gnu-libstdc++\4.4.3\libs\armeabi\libgnustl_static.a
LOAD c:/android-ndk-r8e/toolchains/arm-linux-androideabi-4.4.3/prebuilt/windows/bin/../lib/gcc/arm-linux-androideabi/4.4.3\libgcc.a
LOAD C:\android-ndk-r8e\platforms\android-9\arch-arm\usr\lib/libstdc++.so
LOAD C:\android-ndk-r8e\platforms\android-9\arch-arm\usr\lib/libm.so
LOAD C:\android-ndk-r8e\platforms\android-9\arch-arm\usr\lib/libc.so
LOAD c:/android-ndk-r8e/toolchains/arm-linux-androideabi-4.4.3/prebuilt/windows/bin/../lib/gcc/arm-linux-androideabi/4.4.3\libgcc.a
LOAD C:\android-ndk-r8e\platforms\android-9\arch-arm\usr\lib/libc.so
LOAD C:\android-ndk-r8e\platforms\android-9\arch-arm\usr\lib/libdl.so
LOAD c:/android-ndk-r8e/toolchains/arm-linux-androideabi-4.4.3/prebuilt/windows/bin/../lib/gcc/arm-linux-androideabi/4.4.3\libgcc.a
LOAD C:/android-ndk-r8e/platforms/android-9/arch-arm/usr/lib/crtend_so.o
                0x000000f4                . = (0x0 + SIZEOF_HEADERS)

.note.gnu.build-id
 *(.note.gnu.build-id)

.hash           0x000000f4      0x968
 *(.hash)
 .hash          0x000000f4      0x968 C:/android-ndk-r8e/platforms/android-9/arch-arm/usr/lib/crtbegin_so.o

.gnu.hash
 *(.gnu.hash)

.dynsym         0x00000a5c     0x1510
 *(.dynsym)
 .dynsym        0x00000a5c     0x1510 C:/android-ndk-r8e/platforms/android-9/arch-arm/usr/lib/crtbegin_so.o

.dynstr         0x00001f6c     0x196b
 *(.dynstr)
 .dynstr        0x00001f6c     0x196b C:/android-ndk-r8e/platforms/android-9/arch-arm/usr/lib/crtbegin_so.o

.gnu.version    0x000038d8        0x0 load address 0x000038d7
 *(.gnu.version)
 .gnu.version   0x00000000        0x0 C:/android-ndk-r8e/platforms/android-9/arch-arm/usr/lib/crtbegin_so.o

.gnu.version_d  0x000038d8        0x0 load address 0x000038d7
 *(.gnu.version_d)
 .gnu.version_d
                0x00000000        0x0 C:/android-ndk-r8e/platforms/android-9/arch-arm/usr/lib/crtbegin_so.o

.gnu.version_r  0x000038d8        0x0 load address 0x000038d7
 *(.gnu.version_r)
 .gnu.version_r
                0x00000000        0x0 C:/android-ndk-r8e/platforms/android-9/arch-arm/usr/lib/crtbegin_so.o

.rel.dyn        0x000038d8     0x1150
 *(.rel.init)
 *(.rel.text .rel.text.* .rel.gnu.linkonce.t.*)
 *(.rel.fini)
 *(.rel.rodata .rel.rodata.* .rel.gnu.linkonce.r.*)
 *(.rel.data.rel.ro* .rel.gnu.linkonce.d.rel.ro.*)
 .rel.data.rel.ro._ZTIN9__gnu_cxx24__concurrence_lock_errorE
                0x000038d8       0x18 C:/android-ndk-r8e/platforms/android-9/arch-arm/usr/lib/crtbegin_so.o
 .rel.data.rel.ro._ZTVN9__gnu_cxx24__concurrence_lock_errorE
                0x000038f0       0x20 C:/android-ndk-r8e/platforms/android-9/arch-arm/usr/lib/crtbegin_so.o
 .rel.data.rel.ro._ZTIN9__gnu_cxx26__concurrence_unlock_errorE
                0x00003910       0x18 C:/android-ndk-r8e/platforms/android-9/arch-arm/usr/lib/crtbegin_so.o
 .rel.data.rel.ro._ZTVN9__gnu_cxx26__concurrence_unlock_errorE
                0x00003928       0x20 C:/android-ndk-r8e/platforms/android-9/arch-arm/usr/lib/crtbegin_so.o
 .rel.data.rel.ro._ZTIN10__cxxabiv115__forced_unwindE
                0x00003948       0x10 C:/android-ndk-r8e/platforms/android-9/arch-arm/usr/lib/crtbegin_so.o
 .rel.data.rel.ro._ZTISt9exception
                0x00003958       0x10 C:/android-ndk-r8e/platforms/android-9/arch-arm/usr/lib/crtbegin_so.o
 .rel.data.rel.ro._ZTVSt13bad_exception
                0x00003968       0x20 C:/android-ndk-r8e/platforms/android-9/arch-arm/usr/lib/crtbegin_so.o
 .rel.data.rel.ro._ZTISt13bad_exception
                0x00003988       0x18 C:/android-ndk-r8e/platforms/android-9/arch-arm/usr/lib/crtbegin_so.o
 .rel.data.rel.ro._ZTIN10__cxxabiv119__foreign_exceptionE
                0x000039a0       0x10 C:/android-ndk-r8e/platforms/android-9/arch-arm/usr/lib/crtbegin_so.o
 .rel.data.rel.ro._ZTVN10__cxxabiv115__forced_unwindE
                0x000039b0       0x20 C:/android-ndk-r8e/platforms/android-9/arch-arm/usr/lib/crtbegin_so.o
 .rel.data.rel.ro._ZTVN10__cxxabiv119__foreign_exceptionE
                0x000039d0       0x20 C:/android-ndk-r8e/platforms/android-9/arch-arm/usr/lib/crtbegin_so.o
 .rel.data.rel.ro._ZTVSt9exception
                0x000039f0       0x20 C:/android-ndk-r8e/platforms/android-9/arch-arm/usr/lib/crtbegin_so.o
 .rel.data.rel.ro._ZTIPKe
                0x00003a10       0x18 C:/android-ndk-r8e/platforms/android-9/arch-arm/usr/lib/crtbegin_so.o
 .rel.data.rel.ro._ZTIPe
                0x00003a28       0x18 C:/android-ndk-r8e/platforms/android-9/arch-arm/usr/lib/crtbegin_so.o
 .rel.data.rel.ro._ZTIe
                0x00003a40       0x10 C:/android-ndk-r8e/platforms/android-9/arch-arm/usr/lib/crtbegin_so.o
 .rel.data.rel.ro._ZTIPKd
                0x00003a50       0x18 C:/android-ndk-r8e/platforms/android-9/arch-arm/usr/lib/crtbegin_so.o
 .rel.data.rel.ro._ZTIPd
                0x00003a68       0x18 C:/android-ndk-r8e/platforms/android-9/arch-arm/usr/lib/crtbegin_so.o
 .rel.data.rel.ro._ZTId
                0x00003a80       0x10 C:/android-ndk-r8e/platforms/android-9/arch-arm/usr/lib/crtbegin_so.o
 .rel.data.rel.ro._ZTIPKf
                0x00003a90       0x18 C:/android-ndk-r8e/platforms/android-9/arch-arm/usr/lib/crtbegin_so.o
 .rel.data.rel.ro._ZTIPf
                0x00003aa8       0x18 C:/android-ndk-r8e/platforms/android-9/arch-arm/usr/lib/crtbegin_so.o
 .rel.data.rel.ro._ZTIf
                0x00003ac0       0x10 C:/android-ndk-r8e/platforms/android-9/arch-arm/usr/lib/crtbegin_so.o
 .rel.data.rel.ro._ZTIPKy
                0x00003ad0       0x18 C:/android-ndk-r8e/platforms/android-9/arch-arm/usr/lib/crtbegin_so.o
 .rel.data.rel.ro._ZTIPy
                0x00003ae8       0x18 C:/android-ndk-r8e/platforms/android-9/arch-arm/usr/lib/crtbegin_so.o
 .rel.data.rel.ro._ZTIy
                0x00003b00       0x10 C:/android-ndk-r8e/platforms/android-9/arch-arm/usr/lib/crtbegin_so.o
 .rel.data.rel.ro._ZTIPKx
                0x00003b10       0x18 C:/android-ndk-r8e/platforms/android-9/arch-arm/usr/lib/crtbegin_so.o
 .rel.data.rel.ro._ZTIPx
                0x00003b28       0x18 C:/android-ndk-r8e/platforms/android-9/arch-arm/usr/lib/crtbegin_so.o
 .rel.data.rel.ro._ZTIx
                0x00003b40       0x10 C:/android-ndk-r8e/platforms/android-9/arch-arm/usr/lib/crtbegin_so.o
 .rel.data.rel.ro._ZTIPKm
                0x00003b50       0x18 C:/android-ndk-r8e/platforms/android-9/arch-arm/usr/lib/crtbegin_so.o
 .rel.data.rel.ro._ZTIPm
                0x00003b68       0x18 C:/android-ndk-r8e/platforms/android-9/arch-arm/usr/lib/crtbegin_so.o
 .rel.data.rel.ro._ZTIm
                0x00003b80       0x10 C:/android-ndk-r8e/platforms/android-9/arch-arm/usr/lib/crtbegin_so.o
 .rel.data.rel.ro._ZTIPKl
                0x00003b90       0x18 C:/android-ndk-r8e/platforms/android-9/arch-arm/usr/lib/crtbegin_so.o
 .rel.data.rel.ro._ZTIPl
                0x00003ba8       0x18 C:/android-ndk-r8e/platforms/android-9/arch-arm/usr/lib/crtbegin_so.o
 .rel.data.rel.ro._ZTIl
                0x00003bc0       0x10 C:/android-ndk-r8e/platforms/android-9/arch-arm/usr/lib/crtbegin_so.o
 .rel.data.rel.ro._ZTIPKj
                0x00003bd0       0x18 C:/android-ndk-r8e/platforms/android-9/arch-arm/usr/lib/crtbegin_so.o
 .rel.data.rel.ro._ZTIPj
                0x00003be8       0x18 C:/android-ndk-r8e/platforms/android-9/arch-arm/usr/lib/crtbegin_so.o
 .rel.data.rel.ro._ZTIj
                0x00003c00       0x10 C:/android-ndk-r8e/platforms/android-9/arch-arm/usr/lib/crtbegin_so.o
 .rel.data.rel.ro._ZTIPKi
                0x00003c10       0x18 C:/android-ndk-r8e/platforms/android-9/arch-arm/usr/lib/crtbegin_so.o
 .rel.data.rel.ro._ZTIPi
                0x00003c28       0x18 C:/android-ndk-r8e/platforms/android-9/arch-arm/usr/lib/crtbegin_so.o
 .rel.data.rel.ro._ZTIi
                0x00003c40       0x10 C:/android-ndk-r8e/platforms/android-9/arch-arm/usr/lib/crtbegin_so.o
 .rel.data.rel.ro._ZTIPKt
                0x00003c50       0x18 C:/android-ndk-r8e/platforms/android-9/arch-arm/usr/lib/crtbegin_so.o
 .rel.data.rel.ro._ZTIPt
                0x00003c68       0x18 C:/android-ndk-r8e/platforms/android-9/arch-arm/usr/lib/crtbegin_so.o
 .rel.data.rel.ro._ZTIt
                0x00003c80       0x10 C:/android-ndk-r8e/platforms/android-9/arch-arm/usr/lib/crtbegin_so.o
 .rel.data.rel.ro._ZTIPKs
                0x00003c90       0x18 C:/android-ndk-r8e/platforms/android-9/arch-arm/usr/lib/crtbegin_so.o
 .rel.data.rel.ro._ZTIPs
                0x00003ca8       0x18 C:/android-ndk-r8e/platforms/android-9/arch-arm/usr/lib/crtbegin_so.o
 .rel.data.rel.ro._ZTIs
                0x00003cc0       0x10 C:/android-ndk-r8e/platforms/android-9/arch-arm/usr/lib/crtbegin_so.o
 .rel.data.rel.ro._ZTIPKh
                0x00003cd0       0x18 C:/android-ndk-r8e/platforms/android-9/arch-arm/usr/lib/crtbegin_so.o
 .rel.data.rel.ro._ZTIPh
                0x00003ce8       0x18 C:/android-ndk-r8e/platforms/android-9/arch-arm/usr/lib/crtbegin_so.o
 .rel.data.rel.ro._ZTIh
                0x00003d00       0x10 C:/android-ndk-r8e/platforms/android-9/arch-arm/usr/lib/crtbegin_so.o
 .rel.data.rel.ro._ZTIPKa
                0x00003d10       0x18 C:/android-ndk-r8e/platforms/android-9/arch-arm/usr/lib/crtbegin_so.o
 .rel.data.rel.ro._ZTIPa
                0x00003d28       0x18 C:/android-ndk-r8e/platforms/android-9/arch-arm/usr/lib/crtbegin_so.o
 .rel.data.rel.ro._ZTIa
                0x00003d40       0x10 C:/android-ndk-r8e/platforms/android-9/arch-arm/usr/lib/crtbegin_so.o
 .rel.data.rel.ro._ZTIPKc
                0x00003d50       0x18 C:/android-ndk-r8e/platforms/android-9/arch-arm/usr/lib/crtbegin_so.o
 .rel.data.rel.ro._ZTIPc
                0x00003d68       0x18 C:/android-ndk-r8e/platforms/android-9/arch-arm/usr/lib/crtbegin_so.o
 .rel.data.rel.ro._ZTIc
                0x00003d80       0x10 C:/android-ndk-r8e/platforms/android-9/arch-arm/usr/lib/crtbegin_so.o
 .rel.data.rel.ro._ZTIPKDi
                0x00003d90       0x18 C:/android-ndk-r8e/platforms/android-9/arch-arm/usr/lib/crtbegin_so.o
 .rel.data.rel.ro._ZTIPDi
                0x00003da8       0x18 C:/android-ndk-r8e/platforms/android-9/arch-arm/usr/lib/crtbegin_so.o
 .rel.data.rel.ro._ZTIDi
                0x00003dc0       0x10 C:/android-ndk-r8e/platforms/android-9/arch-arm/usr/lib/crtbegin_so.o
 .rel.data.rel.ro._ZTIPKDs
                0x00003dd0       0x18 C:/android-ndk-r8e/platforms/android-9/arch-arm/usr/lib/crtbegin_so.o
 .rel.data.rel.ro._ZTIPDs
                0x00003de8       0x18 C:/android-ndk-r8e/platforms/android-9/arch-arm/usr/lib/crtbegin_so.o
 .rel.data.rel.ro._ZTIDs
                0x00003e00       0x10 C:/android-ndk-r8e/platforms/android-9/arch-arm/usr/lib/crtbegin_so.o
 .rel.data.rel.ro._ZTIPKw
                0x00003e10       0x18 C:/android-ndk-r8e/platforms/android-9/arch-arm/usr/lib/crtbegin_so.o
 .rel.data.rel.ro._ZTIPw
                0x00003e28       0x18 C:/android-ndk-r8e/platforms/android-9/arch-arm/usr/lib/crtbegin_so.o
 .rel.data.rel.ro._ZTIw
                0x00003e40       0x10 C:/android-ndk-r8e/platforms/android-9/arch-arm/usr/lib/crtbegin_so.o
 .rel.data.rel.ro._ZTIPKb
                0x00003e50       0x18 C:/android-ndk-r8e/platforms/android-9/arch-arm/usr/lib/crtbegin_so.o
 .rel.data.rel.ro._ZTIPb
                0x00003e68       0x18 C:/android-ndk-r8e/platforms/android-9/arch-arm/usr/lib/crtbegin_so.o
 .rel.data.rel.ro._ZTIb
                0x00003e80       0x10 C:/android-ndk-r8e/platforms/android-9/arch-arm/usr/lib/crtbegin_so.o
 .rel.data.rel.ro._ZTIPKv
                0x00003e90       0x18 C:/android-ndk-r8e/platforms/android-9/arch-arm/usr/lib/crtbegin_so.o
 .rel.data.rel.ro._ZTIPv
                0x00003ea8       0x18 C:/android-ndk-r8e/platforms/android-9/arch-arm/usr/lib/crtbegin_so.o
 .rel.data.rel.ro._ZTIv
                0x00003ec0       0x10 C:/android-ndk-r8e/platforms/android-9/arch-arm/usr/lib/crtbegin_so.o
 .rel.data.rel.ro._ZTVN10__cxxabiv123__fundamental_type_infoE
                0x00003ed0       0x38 C:/android-ndk-r8e/platforms/android-9/arch-arm/usr/lib/crtbegin_so.o
 .rel.data.rel.ro._ZTIN10__cxxabiv123__fundamental_type_infoE
                0x00003f08       0x18 C:/android-ndk-r8e/platforms/android-9/arch-arm/usr/lib/crtbegin_so.o
 .rel.data.rel.ro._ZTIN9__gnu_cxx29__concurrence_broadcast_errorE
                0x00003f20       0x18 C:/android-ndk-r8e/platforms/android-9/arch-arm/usr/lib/crtbegin_so.o
 .rel.data.rel.ro._ZTVN9__gnu_cxx29__concurrence_broadcast_errorE
                0x00003f38       0x20 C:/android-ndk-r8e/platforms/android-9/arch-arm/usr/lib/crtbegin_so.o
 .rel.data.rel.ro._ZTIN9__gnu_cxx24__concurrence_wait_errorE
                0x00003f58       0x18 C:/android-ndk-r8e/platforms/android-9/arch-arm/usr/lib/crtbegin_so.o
 .rel.data.rel.ro._ZTVN9__gnu_cxx24__concurrence_wait_errorE
                0x00003f70       0x20 C:/android-ndk-r8e/platforms/android-9/arch-arm/usr/lib/crtbegin_so.o
 .rel.data.rel.ro._ZTVN9__gnu_cxx20recursive_init_errorE
                0x00000000        0x0 C:/android-ndk-r8e/platforms/android-9/arch-arm/usr/lib/crtbegin_so.o
 .rel.data.rel.ro._ZTIN9__gnu_cxx20recursive_init_errorE
                0x00000000        0x0 C:/android-ndk-r8e/platforms/android-9/arch-arm/usr/lib/crtbegin_so.o
 .rel.data.rel.ro._ZTIN10__cxxabiv119__pointer_type_infoE
                0x00003f90       0x18 C:/android-ndk-r8e/platforms/android-9/arch-arm/usr/lib/crtbegin_so.o
 .rel.data.rel.ro._ZTVN10__cxxabiv119__pointer_type_infoE
                0x00003fa8       0x40 C:/android-ndk-r8e/platforms/android-9/arch-arm/usr/lib/crtbegin_so.o
 .rel.data.rel.ro._ZTVN10__cxxabiv120__si_class_type_infoE
                0x00003fe8       0x50 C:/android-ndk-r8e/platforms/android-9/arch-arm/usr/lib/crtbegin_so.o
 .rel.data.rel.ro._ZTIN10__cxxabiv120__si_class_type_infoE
                0x00004038       0x18 C:/android-ndk-r8e/platforms/android-9/arch-arm/usr/lib/crtbegin_so.o
 .rel.data.rel.ro._ZTVSt9type_info
                0x00000000        0x0 C:/android-ndk-r8e/platforms/android-9/arch-arm/usr/lib/crtbegin_so.o
 .rel.data.rel.ro._ZTISt9type_info
                0x00004050       0x10 C:/android-ndk-r8e/platforms/android-9/arch-arm/usr/lib/crtbegin_so.o
 .rel.data.rel.ro._ZTISt15underflow_error
                0x00000000        0x0 C:/android-ndk-r8e/platforms/android-9/arch-arm/usr/lib/crtbegin_so.o
 .rel.data.rel.ro._ZTVSt15underflow_error
                0x00000000        0x0 C:/android-ndk-r8e/platforms/android-9/arch-arm/usr/lib/crtbegin_so.o
 .rel.data.rel.ro._ZTISt14overflow_error
                0x00000000        0x0 C:/android-ndk-r8e/platforms/android-9/arch-arm/usr/lib/crtbegin_so.o
 .rel.data.rel.ro._ZTVSt14overflow_error
                0x00000000        0x0 C:/android-ndk-r8e/platforms/android-9/arch-arm/usr/lib/crtbegin_so.o
 .rel.data.rel.ro._ZTISt11range_error
                0x00000000        0x0 C:/android-ndk-r8e/platforms/android-9/arch-arm/usr/lib/crtbegin_so.o
 .rel.data.rel.ro._ZTVSt11range_error
                0x00000000        0x0 C:/android-ndk-r8e/platforms/android-9/arch-arm/usr/lib/crtbegin_so.o
 .rel.data.rel.ro._ZTISt12out_of_range
                0x00000000        0x0 C:/android-ndk-r8e/platforms/android-9/arch-arm/usr/lib/crtbegin_so.o
 .rel.data.rel.ro._ZTVSt12out_of_range
                0x00000000        0x0 C:/android-ndk-r8e/platforms/android-9/arch-arm/usr/lib/crtbegin_so.o
 .rel.data.rel.ro._ZTISt12length_error
                0x00004060       0x18 C:/android-ndk-r8e/platforms/android-9/arch-arm/usr/lib/crtbegin_so.o
 .rel.data.rel.ro._ZTVSt12length_error
                0x00004078       0x20 C:/android-ndk-r8e/platforms/android-9/arch-arm/usr/lib/crtbegin_so.o
 .rel.data.rel.ro._ZTISt16invalid_argument
                0x00000000        0x0 C:/android-ndk-r8e/platforms/android-9/arch-arm/usr/lib/crtbegin_so.o
 .rel.data.rel.ro._ZTVSt16invalid_argument
                0x00000000        0x0 C:/android-ndk-r8e/platforms/android-9/arch-arm/usr/lib/crtbegin_so.o
 .rel.data.rel.ro._ZTISt12domain_error
                0x00000000        0x0 C:/android-ndk-r8e/platforms/android-9/arch-arm/usr/lib/crtbegin_so.o
 .rel.data.rel.ro._ZTVSt12domain_error
                0x00000000        0x0 C:/android-ndk-r8e/platforms/android-9/arch-arm/usr/lib/crtbegin_so.o
 .rel.data.rel.ro._ZTVNSt8ios_base7failureE
                0x00000000        0x0 C:/android-ndk-r8e/platforms/android-9/arch-arm/usr/lib/crtbegin_so.o
 .rel.data.rel.ro._ZTINSt8ios_base7failureE
                0x00000000        0x0 C:/android-ndk-r8e/platforms/android-9/arch-arm/usr/lib/crtbegin_so.o
 .rel.data.rel.ro._ZTISt13runtime_error
                0x00000000        0x0 C:/android-ndk-r8e/platforms/android-9/arch-arm/usr/lib/crtbegin_so.o
 .rel.data.rel.ro._ZTVSt11logic_error
                0x00004098       0x20 C:/android-ndk-r8e/platforms/android-9/arch-arm/usr/lib/crtbegin_so.o
 .rel.data.rel.ro._ZTVSt13runtime_error
                0x00000000        0x0 C:/android-ndk-r8e/platforms/android-9/arch-arm/usr/lib/crtbegin_so.o
 .rel.data.rel.ro._ZTISt11logic_error
                0x000040b8       0x18 C:/android-ndk-r8e/platforms/android-9/arch-arm/usr/lib/crtbegin_so.o
 .rel.data.rel.ro._ZTIN12_GLOBAL__N_121system_error_categoryE
                0x000040d0       0x18 C:/android-ndk-r8e/platforms/android-9/arch-arm/usr/lib/crtbegin_so.o
 .rel.data.rel.ro._ZTVSt12system_error
                0x00000000        0x0 C:/android-ndk-r8e/platforms/android-9/arch-arm/usr/lib/crtbegin_so.o
 .rel.data.rel.ro._ZTVSt14error_category
                0x00000000        0x0 C:/android-ndk-r8e/platforms/android-9/arch-arm/usr/lib/crtbegin_so.o
 .rel.data.rel.ro._ZTISt12system_error
                0x00000000        0x0 C:/android-ndk-r8e/platforms/android-9/arch-arm/usr/lib/crtbegin_so.o
 .rel.data.rel.ro._ZTVN12_GLOBAL__N_122generic_error_categoryE
                0x000040e8       0x40 C:/android-ndk-r8e/platforms/android-9/arch-arm/usr/lib/crtbegin_so.o
 .rel.data.rel.ro._ZTISt14error_category
                0x00004128       0x10 C:/android-ndk-r8e/platforms/android-9/arch-arm/usr/lib/crtbegin_so.o
 .rel.data.rel.ro._ZTIN12_GLOBAL__N_122generic_error_categoryE
                0x00004138       0x18 C:/android-ndk-r8e/platforms/android-9/arch-arm/usr/lib/crtbegin_so.o
 .rel.data.rel.ro._ZTVN12_GLOBAL__N_121system_error_categoryE
                0x00004150       0x40 C:/android-ndk-r8e/platforms/android-9/arch-arm/usr/lib/crtbegin_so.o
 .rel.data.rel.ro._ZTISt8bad_cast
                0x00004190       0x18 C:/android-ndk-r8e/platforms/android-9/arch-arm/usr/lib/crtbegin_so.o
 .rel.data.rel.ro._ZTVSt8bad_cast
                0x000041a8       0x20 C:/android-ndk-r8e/platforms/android-9/arch-arm/usr/lib/crtbegin_so.o
 .rel.data.rel.ro._ZTVSt10bad_typeid
                0x000041c8       0x20 C:/android-ndk-r8e/platforms/android-9/arch-arm/usr/lib/crtbegin_so.o
 .rel.data.rel.ro._ZTISt10bad_typeid
                0x000041e8       0x18 C:/android-ndk-r8e/platforms/android-9/arch-arm/usr/lib/crtbegin_so.o
 .rel.data.rel.ro._ZTVN10__cxxabiv117__class_type_infoE
                0x00004200       0x50 C:/android-ndk-r8e/platforms/android-9/arch-arm/usr/lib/crtbegin_so.o
 .rel.data.rel.ro._ZTIN10__cxxabiv117__class_type_infoE
                0x00004250       0x18 C:/android-ndk-r8e/platforms/android-9/arch-arm/usr/lib/crtbegin_so.o
 .rel.data.rel.ro._ZTISt9bad_alloc
                0x00004268       0x18 C:/android-ndk-r8e/platforms/android-9/arch-arm/usr/lib/crtbegin_so.o
 .rel.data.rel.ro._ZTVSt9bad_alloc
                0x00004280       0x20 C:/android-ndk-r8e/platforms/android-9/arch-arm/usr/lib/crtbegin_so.o
 .rel.data.rel.ro._ZTVN10__cxxabiv117__pbase_type_infoE
                0x000042a0       0x40 C:/android-ndk-r8e/platforms/android-9/arch-arm/usr/lib/crtbegin_so.o
 .rel.data.rel.ro._ZTIN10__cxxabiv117__pbase_type_infoE
                0x000042e0       0x18 C:/android-ndk-r8e/platforms/android-9/arch-arm/usr/lib/crtbegin_so.o
 .rel.data.rel.ro.local
                0x000042f8      0x590 C:/android-ndk-r8e/platforms/android-9/arch-arm/usr/lib/crtbegin_so.o
 *(.rel.data .rel.data.* .rel.gnu.linkonce.d.*)
 .rel.data.rel._ZN10__cxxabiv120__unexpected_handlerE
                0x00004888        0x8 C:/android-ndk-r8e/platforms/android-9/arch-arm/usr/lib/crtbegin_so.o
 .rel.data.rel._ZN10__cxxabiv119__terminate_handlerE
                0x00004890        0x8 C:/android-ndk-r8e/platforms/android-9/arch-arm/usr/lib/crtbegin_so.o
 *(.rel.tdata .rel.tdata.* .rel.gnu.linkonce.td.*)
 *(.rel.tbss .rel.tbss.* .rel.gnu.linkonce.tb.*)
 *(.rel.ctors)
 *(.rel.dtors)
 *(.rel.got)
 .rel.got       0x00004898      0x170 C:/android-ndk-r8e/platforms/android-9/arch-arm/usr/lib/crtbegin_so.o
 *(.rel.bss .rel.bss.* .rel.gnu.linkonce.b.*)
 .rel.fini_array
                0x00004a08        0x8 C:/android-ndk-r8e/platforms/android-9/arch-arm/usr/lib/crtbegin_so.o
 .rel.init_array
                0x00004a10       0x18 C:/android-ndk-r8e/platforms/android-9/arch-arm/usr/lib/crtbegin_so.o

.rela.dyn
 *(.rela.init)
 *(.rela.text .rela.text.* .rela.gnu.linkonce.t.*)
 *(.rela.fini)
 *(.rela.rodata .rela.rodata.* .rela.gnu.linkonce.r.*)
 *(.rela.data .rela.data.* .rela.gnu.linkonce.d.*)
 *(.rela.tdata .rela.tdata.* .rela.gnu.linkonce.td.*)
 *(.rela.tbss .rela.tbss.* .rela.gnu.linkonce.tb.*)
 *(.rela.ctors)
 *(.rela.dtors)
 *(.rela.got)
 *(.rela.bss .rela.bss.* .rela.gnu.linkonce.b.*)

.rel.plt        0x00004a28      0x118
 *(.rel.plt)
 .rel.plt       0x00004a28      0x118 C:/android-ndk-r8e/platforms/android-9/arch-arm/usr/lib/crtbegin_so.o

.rela.plt
 *(.rela.plt)

.init
 *(.init)

.plt            0x00004b40      0x1b8
 *(.plt)
 .plt           0x00004b40      0x1b8 C:/android-ndk-r8e/platforms/android-9/arch-arm/usr/lib/crtbegin_so.o

.text           0x00004cf8     0xa450
 *(.text .stub .text.* .gnu.linkonce.t.*)
 .text.exit     0x00004cf8       0x10 C:/android-ndk-r8e/platforms/android-9/arch-arm/usr/lib/crtbegin_so.o
                0x00004cf8                __on_dlclose
 .text._Z29lsUtilitiesTerminate_platformv
                0x00004d08        0x4 release\lsUtilities_platform.os
                0x00004d08                lsUtilitiesTerminate_platform()
 .text._ZN7_JNIEnv14CallVoidMethodEP8_jobjectP10_jmethodIDz
                0x00004d0c       0x34 release\lsUtilities_platform.os
                0x00004d0c                _JNIEnv::CallVoidMethod(_jobject*, _jmethodID*, ...)
 .text._ZN7_JNIEnv16CallObjectMethodEP8_jobjectP10_jmethodIDz
                0x00004d40       0x34 release\lsUtilities_platform.os
                0x00004d40                _JNIEnv::CallObjectMethod(_jobject*, _jmethodID*, ...)
 .text._ZN7_JNIEnv13CallIntMethodEP8_jobjectP10_jmethodIDz
                0x00004d74       0x34 release\lsUtilities_platform.os
                0x00004d74                _JNIEnv::CallIntMethod(_jobject*, _jmethodID*, ...)
 .text._ZN7_JNIEnv9NewObjectEP7_jclassP10_jmethodIDz
                0x00004da8       0x34 release\lsUtilities_platform.os
                0x00004da8                _JNIEnv::NewObject(_jclass*, _jmethodID*, ...)
 .text._Z24lsUtilitiesInit_platformv
                0x00004ddc      0x2d0 release\lsUtilities_platform.os
                0x00004ddc                lsUtilitiesInit_platform()
 .text._Z42lsUtilGetDeviceStorageInformation_platformv
                0x000050ac       0x54 release\lsUtilities_platform.os
                0x000050ac                lsUtilGetDeviceStorageInformation_platform()
 .text._Z32lsUtilGetDeviceClassInt_platformv
                0x00005100       0x50 release\lsUtilities_platform.os
                0x00005100                lsUtilGetDeviceClassInt_platform()
 .text._Z35lsDeviceSetTabletThreshold_platformi
                0x00005150       0x58 release\lsUtilities_platform.os
                0x00005150                lsDeviceSetTabletThreshold_platform(int)
 .text._Z38lsUtilInstallExceptionHandler_platformv
                0x000051a8       0x50 release\lsUtilities_platform.os
                0x000051a8                lsUtilInstallExceptionHandler_platform()
 .text._Z40lsUtilUninstallExceptionHandler_platformv
                0x000051f8       0x50 release\lsUtilities_platform.os
                0x000051f8                lsUtilUninstallExceptionHandler_platform()
 .text._Z31lsUtilIOSPreventBackup_platformPKc
                0x00005248       0x70 release\lsUtilities_platform.os
                0x00005248                lsUtilIOSPreventBackup_platform(char const*)
 .text._ZL27s3eEdkAndroidFindClass_realPKc
                0x000052b8       0xb8 release\lsUtilities_platform.os
 .text._Z35lsUtilGetDeviceClassString_platformv
                0x00005370      0x140 release\lsUtilities_platform.os
                0x00005370                lsUtilGetDeviceClassString_platform()
 .text.lsUtilGetDeviceStorageInformation
                0x000054b0        0x4 release\lsUtilities.os
                0x000054b0                lsUtilGetDeviceStorageInformation
 .text.lsDeviceSetTabletThreshold
                0x000054b4        0x4 release\lsUtilities.os
                0x000054b4                lsDeviceSetTabletThreshold
 .text.lsUtilGetDeviceClassString
                0x000054b8        0x4 release\lsUtilities.os
                0x000054b8                lsUtilGetDeviceClassString
 .text.lsUtilGetDeviceClassInt
                0x000054bc        0x4 release\lsUtilities.os
                0x000054bc                lsUtilGetDeviceClassInt
 .text.lsUtilUninstallExceptionHandler
                0x000054c0        0x4 release\lsUtilities.os
                0x000054c0                lsUtilUninstallExceptionHandler
 .text.lsUtilInstallExceptionHandler
                0x000054c4        0x4 release\lsUtilities.os
                0x000054c4                lsUtilInstallExceptionHandler
 .text.lsUtilIOSPreventBackup
                0x000054c8        0x4 release\lsUtilities.os
                0x000054c8                lsUtilIOSPreventBackup
 .text._Z20lsUtilitiesTerminatev
                0x000054cc        0x4 release\lsUtilities.os
                0x000054cc                lsUtilitiesTerminate()
 .text._Z15lsUtilitiesInitv
                0x000054d0        0x4 release\lsUtilities.os
                0x000054d0                lsUtilitiesInit()
 .text._ZL38lsUtilGetDeviceStorageInformation_wrapv
                0x000054d4       0x14 release\lsUtilities_register.os
 .text._ZL31lsDeviceSetTabletThreshold_wrapi
                0x000054e8       0x18 release\lsUtilities_register.os
 .text._ZL31lsUtilGetDeviceClassString_wrapv
                0x00005500       0x14 release\lsUtilities_register.os
 .text._ZL28lsUtilGetDeviceClassInt_wrapv
                0x00005514       0x14 release\lsUtilities_register.os
 .text._ZL36lsUtilUninstallExceptionHandler_wrapv
                0x00005528       0x14 release\lsUtilities_register.os
 .text._ZL34lsUtilInstallExceptionHandler_wrapv
                0x0000553c       0x14 release\lsUtilities_register.os
 .text._ZL27lsUtilIOSPreventBackup_wrapPKc
                0x00005550       0x18 release\lsUtilities_register.os
 .text.RegisterExt
                0x00005568       0xe0 release\lsUtilities_register.os
                0x00005568                RegisterExt
 .text.s3eEdkThreadRunOnOS
                0x00005648       0x30 C:\dev\sdk\teams\support\fixes\s3e\edk\lib\android\libedk.a(edk_helpers.o)
                0x00005648                s3eEdkThreadRunOnOS
 .text._ZNSs4_Rep10_M_destroyERKSaIcE
                0x00005678        0x4 C:\android-ndk-r8e\sources\cxx-stl\gnu-libstdc++\4.4.3\libs\armeabi\libgnustl_static.a(string-inst.o)
                0x00005678                std::string::_Rep::_M_destroy(std::allocator<char> const&)
 .text._ZNSs4_Rep9_S_createEjjRKSaIcE
                0x0000567c       0x8c C:\android-ndk-r8e\sources\cxx-stl\gnu-libstdc++\4.4.3\libs\armeabi\libgnustl_static.a(string-inst.o)
                0x0000567c                std::string::_Rep::_S_create(unsigned int, unsigned int, std::allocator<char> const&)
 .text._ZNSs12_S_constructIPKcEEPcT_S3_RKSaIcESt20forward_iterator_tag
                0x00005708       0xb4 C:\android-ndk-r8e\sources\cxx-stl\gnu-libstdc++\4.4.3\libs\armeabi\libgnustl_static.a(string-inst.o)
                0x00005708                char* std::string::_S_construct<char const*>(char const*, char const*, std::allocator<char> const&, std::forward_iterator_tag)
 .text._ZNSsC1EPKcRKSaIcE
                0x000057bc       0x40 C:\android-ndk-r8e\sources\cxx-stl\gnu-libstdc++\4.4.3\libs\armeabi\libgnustl_static.a(string-inst.o)
                0x000057bc                std::basic_string<char, std::char_traits<char>, std::allocator<char> >::basic_string(char const*, std::allocator<char> const&)
 .text._ZNSsD1Ev
                0x000057fc       0x50 C:\android-ndk-r8e\sources\cxx-stl\gnu-libstdc++\4.4.3\libs\armeabi\libgnustl_static.a(string-inst.o)
                0x000057fc                std::basic_string<char, std::char_traits<char>, std::allocator<char> >::~basic_string()
 .text._ZNSs4_Rep8_M_cloneERKSaIcEj
                0x0000584c       0xa0 C:\android-ndk-r8e\sources\cxx-stl\gnu-libstdc++\4.4.3\libs\armeabi\libgnustl_static.a(string-inst.o)
                0x0000584c                std::string::_Rep::_M_clone(std::allocator<char> const&, unsigned int)
 .text._ZNSsC1ERKSs
                0x000058ec       0x88 C:\android-ndk-r8e\sources\cxx-stl\gnu-libstdc++\4.4.3\libs\armeabi\libgnustl_static.a(string-inst.o)
                0x000058ec                std::basic_string<char, std::char_traits<char>, std::allocator<char> >::basic_string(std::string const&)
 .text._ZNK9__gnu_cxx24__concurrence_lock_error4whatEv
                0x00005974       0x10 C:\android-ndk-r8e\sources\cxx-stl\gnu-libstdc++\4.4.3\libs\armeabi\libgnustl_static.a(atomicity.o)
                0x00005974                __gnu_cxx::__concurrence_lock_error::what() const
 .text._ZNK9__gnu_cxx26__concurrence_unlock_error4whatEv
                0x00005984       0x10 C:\android-ndk-r8e\sources\cxx-stl\gnu-libstdc++\4.4.3\libs\armeabi\libgnustl_static.a(atomicity.o)
                0x00005984                __gnu_cxx::__concurrence_unlock_error::what() const
 .text._ZN9__gnu_cxx24__concurrence_lock_errorD1Ev
                0x00005994       0x28 C:\android-ndk-r8e\sources\cxx-stl\gnu-libstdc++\4.4.3\libs\armeabi\libgnustl_static.a(atomicity.o)
                0x00005994                __gnu_cxx::__concurrence_lock_error::~__concurrence_lock_error()
 .text._ZN9__gnu_cxx26__concurrence_unlock_errorD1Ev
                0x000059bc       0x28 C:\android-ndk-r8e\sources\cxx-stl\gnu-libstdc++\4.4.3\libs\armeabi\libgnustl_static.a(atomicity.o)
                0x000059bc                __gnu_cxx::__concurrence_unlock_error::~__concurrence_unlock_error()
 .text._ZN9__gnu_cxx18__exchange_and_addEPVii
                0x000059e4      0x124 C:\android-ndk-r8e\sources\cxx-stl\gnu-libstdc++\4.4.3\libs\armeabi\libgnustl_static.a(atomicity.o)
                0x000059e4                __gnu_cxx::__exchange_and_add(int volatile*, int)
 .text._ZN9__gnu_cxx12__atomic_addEPVii
                0x00005b08        0x4 C:\android-ndk-r8e\sources\cxx-stl\gnu-libstdc++\4.4.3\libs\armeabi\libgnustl_static.a(atomicity.o)
                0x00005b08                __gnu_cxx::__atomic_add(int volatile*, int)
 .text._ZN9__gnu_cxx26__concurrence_unlock_errorD0Ev
                0x00005b0c       0x30 C:\android-ndk-r8e\sources\cxx-stl\gnu-libstdc++\4.4.3\libs\armeabi\libgnustl_static.a(atomicity.o)
                0x00005b0c                __gnu_cxx::__concurrence_unlock_error::~__concurrence_unlock_error()
 .text._ZN9__gnu_cxx24__concurrence_lock_errorD0Ev
                0x00005b3c       0x30 C:\android-ndk-r8e\sources\cxx-stl\gnu-libstdc++\4.4.3\libs\armeabi\libgnustl_static.a(atomicity.o)
                0x00005b3c                __gnu_cxx::__concurrence_lock_error::~__concurrence_lock_error()
 .text._ZdlPv   0x00005b6c        0xc C:\android-ndk-r8e\sources\cxx-stl\gnu-libstdc++\4.4.3\libs\armeabi\libgnustl_static.a(del_op.o)
                0x00005b6c                operator delete(void*)
 .text._GLOBAL__I_eh_alloc.cc
                0x00005b78       0x28 C:\android-ndk-r8e\sources\cxx-stl\gnu-libstdc++\4.4.3\libs\armeabi\libgnustl_static.a(eh_alloc.o)
 .text._ZN9__gnu_cxx13__scoped_lockD1Ev
                0x00005ba0       0x68 C:\android-ndk-r8e\sources\cxx-stl\gnu-libstdc++\4.4.3\libs\armeabi\libgnustl_static.a(eh_alloc.o)
                0x00005ba0                __gnu_cxx::__scoped_lock::~__scoped_lock()
 .text.__cxa_free_dependent_exception
                0x00005c08      0x124 C:\android-ndk-r8e\sources\cxx-stl\gnu-libstdc++\4.4.3\libs\armeabi\libgnustl_static.a(eh_alloc.o)
                0x00005c08                __cxa_free_dependent_exception
 .text.__cxa_free_exception
                0x00005d2c      0x11c C:\android-ndk-r8e\sources\cxx-stl\gnu-libstdc++\4.4.3\libs\armeabi\libgnustl_static.a(eh_alloc.o)
                0x00005d2c                __cxa_free_exception
 .text.__cxa_allocate_dependent_exception
                0x00005e48      0x18c C:\android-ndk-r8e\sources\cxx-stl\gnu-libstdc++\4.4.3\libs\armeabi\libgnustl_static.a(eh_alloc.o)
                0x00005e48                __cxa_allocate_dependent_exception
 .text.__cxa_allocate_exception
                0x00005fd4      0x18c C:\android-ndk-r8e\sources\cxx-stl\gnu-libstdc++\4.4.3\libs\armeabi\libgnustl_static.a(eh_alloc.o)
                0x00005fd4                __cxa_allocate_exception
 .text          0x00006160       0x10 C:\android-ndk-r8e\sources\cxx-stl\gnu-libstdc++\4.4.3\libs\armeabi\libgnustl_static.a(eh_arm.o)
                0x00006160                __cxa_end_cleanup
 .text.__cxa_type_match
                0x00006170      0x1ac C:\android-ndk-r8e\sources\cxx-stl\gnu-libstdc++\4.4.3\libs\armeabi\libgnustl_static.a(eh_arm.o)
                0x00006170                __cxa_type_match
 .text.__cxa_begin_cleanup
                0x0000631c       0xb4 C:\android-ndk-r8e\sources\cxx-stl\gnu-libstdc++\4.4.3\libs\armeabi\libgnustl_static.a(eh_arm.o)
                0x0000631c                __cxa_begin_cleanup
 .text.__gnu_end_cleanup
                0x000063d0       0xb4 C:\android-ndk-r8e\sources\cxx-stl\gnu-libstdc++\4.4.3\libs\armeabi\libgnustl_static.a(eh_arm.o)
                0x000063d0                __gnu_end_cleanup
 .text.__cxa_bad_typeid
                0x00006484       0x48 C:\android-ndk-r8e\sources\cxx-stl\gnu-libstdc++\4.4.3\libs\armeabi\libgnustl_static.a(eh_aux_runtime.o)
                0x00006484                __cxa_bad_typeid
 .text.__cxa_bad_cast
                0x000064cc       0x48 C:\android-ndk-r8e\sources\cxx-stl\gnu-libstdc++\4.4.3\libs\armeabi\libgnustl_static.a(eh_aux_runtime.o)
                0x000064cc                __cxa_bad_cast
 .text.__cxa_call_terminate
                0x00006514       0x7c C:\android-ndk-r8e\sources\cxx-stl\gnu-libstdc++\4.4.3\libs\armeabi\libgnustl_static.a(eh_call.o)
                0x00006514                __cxa_call_terminate
 .text.__cxa_call_unexpected
                0x00006590      0x1d0 C:\android-ndk-r8e\sources\cxx-stl\gnu-libstdc++\4.4.3\libs\armeabi\libgnustl_static.a(eh_call.o)
                0x00006590                __cxa_call_unexpected
 .text.__cxa_get_exception_ptr
                0x00006760        0x8 C:\android-ndk-r8e\sources\cxx-stl\gnu-libstdc++\4.4.3\libs\armeabi\libgnustl_static.a(eh_catch.o)
                0x00006760                __cxa_get_exception_ptr
 .text._ZSt18uncaught_exceptionv
                0x00006768       0x18 C:\android-ndk-r8e\sources\cxx-stl\gnu-libstdc++\4.4.3\libs\armeabi\libgnustl_static.a(eh_catch.o)
                0x00006768                std::uncaught_exception()
 .text.__cxa_end_catch
                0x00006780       0xdc C:\android-ndk-r8e\sources\cxx-stl\gnu-libstdc++\4.4.3\libs\armeabi\libgnustl_static.a(eh_catch.o)
                0x00006780                __cxa_end_catch
 .text.__cxa_begin_catch
                0x0000685c       0xdc C:\android-ndk-r8e\sources\cxx-stl\gnu-libstdc++\4.4.3\libs\armeabi\libgnustl_static.a(eh_catch.o)
                0x0000685c                __cxa_begin_catch
 .text._ZNSt9exceptionD2Ev
                0x00006938        0x4 C:\android-ndk-r8e\sources\cxx-stl\gnu-libstdc++\4.4.3\libs\armeabi\libgnustl_static.a(eh_exception.o)
                0x00006938                std::exception::~exception()
 .text._ZNSt9exceptionD1Ev
                0x0000693c        0x4 C:\android-ndk-r8e\sources\cxx-stl\gnu-libstdc++\4.4.3\libs\armeabi\libgnustl_static.a(eh_exception.o)
                0x0000693c                std::exception::~exception()
 .text._ZNSt13bad_exceptionD2Ev
                0x00006940       0x34 C:\android-ndk-r8e\sources\cxx-stl\gnu-libstdc++\4.4.3\libs\armeabi\libgnustl_static.a(eh_exception.o)
                0x00006940                std::bad_exception::~bad_exception()
 .text._ZNSt13bad_exceptionD1Ev
                0x00006974       0x34 C:\android-ndk-r8e\sources\cxx-stl\gnu-libstdc++\4.4.3\libs\armeabi\libgnustl_static.a(eh_exception.o)
                0x00006974                std::bad_exception::~bad_exception()
 .text._ZN10__cxxabiv115__forced_unwindD2Ev
                0x000069a8        0x4 C:\android-ndk-r8e\sources\cxx-stl\gnu-libstdc++\4.4.3\libs\armeabi\libgnustl_static.a(eh_exception.o)
                0x000069a8                __cxxabiv1::__forced_unwind::~__forced_unwind()
 .text._ZN10__cxxabiv115__forced_unwindD1Ev
                0x000069ac        0x4 C:\android-ndk-r8e\sources\cxx-stl\gnu-libstdc++\4.4.3\libs\armeabi\libgnustl_static.a(eh_exception.o)
                0x000069ac                __cxxabiv1::__forced_unwind::~__forced_unwind()
 .text._ZN10__cxxabiv119__foreign_exceptionD2Ev
                0x000069b0        0x4 C:\android-ndk-r8e\sources\cxx-stl\gnu-libstdc++\4.4.3\libs\armeabi\libgnustl_static.a(eh_exception.o)
                0x000069b0                __cxxabiv1::__foreign_exception::~__foreign_exception()
 .text._ZN10__cxxabiv119__foreign_exceptionD1Ev
                0x000069b4        0x4 C:\android-ndk-r8e\sources\cxx-stl\gnu-libstdc++\4.4.3\libs\armeabi\libgnustl_static.a(eh_exception.o)
                0x000069b4                __cxxabiv1::__foreign_exception::~__foreign_exception()
 .text._ZNKSt9exception4whatEv
                0x000069b8       0x10 C:\android-ndk-r8e\sources\cxx-stl\gnu-libstdc++\4.4.3\libs\armeabi\libgnustl_static.a(eh_exception.o)
                0x000069b8                std::exception::what() const
 .text._ZNKSt13bad_exception4whatEv
                0x000069c8       0x10 C:\android-ndk-r8e\sources\cxx-stl\gnu-libstdc++\4.4.3\libs\armeabi\libgnustl_static.a(eh_exception.o)
                0x000069c8                std::bad_exception::what() const
 .text._ZN10__cxxabiv119__foreign_exceptionD0Ev
                0x000069d8       0x1c C:\android-ndk-r8e\sources\cxx-stl\gnu-libstdc++\4.4.3\libs\armeabi\libgnustl_static.a(eh_exception.o)
                0x000069d8                __cxxabiv1::__foreign_exception::~__foreign_exception()
 .text._ZN10__cxxabiv115__forced_unwindD0Ev
                0x000069f4       0x1c C:\android-ndk-r8e\sources\cxx-stl\gnu-libstdc++\4.4.3\libs\armeabi\libgnustl_static.a(eh_exception.o)
                0x000069f4                __cxxabiv1::__forced_unwind::~__forced_unwind()
 .text._ZNSt9exceptionD0Ev
                0x00006a10       0x1c C:\android-ndk-r8e\sources\cxx-stl\gnu-libstdc++\4.4.3\libs\armeabi\libgnustl_static.a(eh_exception.o)
                0x00006a10                std::exception::~exception()
 .text._ZNSt13bad_exceptionD0Ev
                0x00006a2c       0x1c C:\android-ndk-r8e\sources\cxx-stl\gnu-libstdc++\4.4.3\libs\armeabi\libgnustl_static.a(eh_exception.o)
                0x00006a2c                std::bad_exception::~bad_exception()
 .text._GLOBAL__I_eh_globals.cc
                0x00006a48       0x5c C:\android-ndk-r8e\sources\cxx-stl\gnu-libstdc++\4.4.3\libs\armeabi\libgnustl_static.a(eh_globals.o)
 .text._ZL15eh_globals_dtorPv
                0x00006aa4       0x38 C:\android-ndk-r8e\sources\cxx-stl\gnu-libstdc++\4.4.3\libs\armeabi\libgnustl_static.a(eh_globals.o)
 .text._ZN17__eh_globals_initD1Ev
                0x00006adc       0x34 C:\android-ndk-r8e\sources\cxx-stl\gnu-libstdc++\4.4.3\libs\armeabi\libgnustl_static.a(eh_globals.o)
                0x00006adc                __eh_globals_init::~__eh_globals_init()
 .text.__cxa_get_globals_fast
                0x00006b10       0x48 C:\android-ndk-r8e\sources\cxx-stl\gnu-libstdc++\4.4.3\libs\armeabi\libgnustl_static.a(eh_globals.o)
                0x00006b10                __cxa_get_globals_fast
 .text.__cxa_get_globals
                0x00006b58       0x90 C:\android-ndk-r8e\sources\cxx-stl\gnu-libstdc++\4.4.3\libs\armeabi\libgnustl_static.a(eh_globals.o)
                0x00006b58                __cxa_get_globals
 .text._ZL12read_sleb128PKhPl
                0x00006be8       0x44 C:\android-ndk-r8e\sources\cxx-stl\gnu-libstdc++\4.4.3\libs\armeabi\libgnustl_static.a(eh_personality.o)
 .text._ZL21base_of_encoded_valuehP15_Unwind_Context
                0x00006c2c       0x78 C:\android-ndk-r8e\sources\cxx-stl\gnu-libstdc++\4.4.3\libs\armeabi\libgnustl_static.a(eh_personality.o)
 .text._ZL17parse_lsda_headerP15_Unwind_ContextPKhP16lsda_header_info
                0x00006ca4      0x214 C:\android-ndk-r8e\sources\cxx-stl\gnu-libstdc++\4.4.3\libs\armeabi\libgnustl_static.a(eh_personality.o)
 .text.__gxx_personality_v0
                0x00006eb8      0x9d4 C:\android-ndk-r8e\sources\cxx-stl\gnu-libstdc++\4.4.3\libs\armeabi\libgnustl_static.a(eh_personality.o)
                0x00006eb8                __gxx_personality_v0
 .text._ZSt13set_terminatePFvvE
                0x0000788c       0x2c C:\android-ndk-r8e\sources\cxx-stl\gnu-libstdc++\4.4.3\libs\armeabi\libgnustl_static.a(eh_terminate.o)
                0x0000788c                std::set_terminate(void (*)())
 .text._ZSt14set_unexpectedPFvvE
                0x000078b8       0x2c C:\android-ndk-r8e\sources\cxx-stl\gnu-libstdc++\4.4.3\libs\armeabi\libgnustl_static.a(eh_terminate.o)
                0x000078b8                std::set_unexpected(void (*)())
 .text._ZN10__cxxabiv111__terminateEPFvvE
                0x000078e4       0x28 C:\android-ndk-r8e\sources\cxx-stl\gnu-libstdc++\4.4.3\libs\armeabi\libgnustl_static.a(eh_terminate.o)
                0x000078e4                __cxxabiv1::__terminate(void (*)())
 .text._ZSt9terminatev
                0x0000790c       0x1c C:\android-ndk-r8e\sources\cxx-stl\gnu-libstdc++\4.4.3\libs\armeabi\libgnustl_static.a(eh_terminate.o)
                0x0000790c                std::terminate()
 .text._ZN10__cxxabiv112__unexpectedEPFvvE
                0x00007928       0x10 C:\android-ndk-r8e\sources\cxx-stl\gnu-libstdc++\4.4.3\libs\armeabi\libgnustl_static.a(eh_terminate.o)
                0x00007928                __cxxabiv1::__unexpected(void (*)())
 .text._ZSt10unexpectedv
                0x00007938       0x1c C:\android-ndk-r8e\sources\cxx-stl\gnu-libstdc++\4.4.3\libs\armeabi\libgnustl_static.a(eh_terminate.o)
                0x00007938                std::unexpected()
 .text.__cxa_rethrow
                0x00007954       0xb8 C:\android-ndk-r8e\sources\cxx-stl\gnu-libstdc++\4.4.3\libs\armeabi\libgnustl_static.a(eh_throw.o)
                0x00007954                __cxa_rethrow
 .text.__cxa_throw
                0x00007a0c       0xa4 C:\android-ndk-r8e\sources\cxx-stl\gnu-libstdc++\4.4.3\libs\armeabi\libgnustl_static.a(eh_throw.o)
                0x00007a0c                __cxa_throw
 .text._ZL23__gxx_exception_cleanup19_Unwind_Reason_CodeP21_Unwind_Control_Block
                0x00007ab0       0x44 C:\android-ndk-r8e\sources\cxx-stl\gnu-libstdc++\4.4.3\libs\armeabi\libgnustl_static.a(eh_throw.o)
 .text._ZN10__cxxabiv123__fundamental_type_infoD1Ev
                0x00007af4       0x34 C:\android-ndk-r8e\sources\cxx-stl\gnu-libstdc++\4.4.3\libs\armeabi\libgnustl_static.a(fundamental_type_info.o)
                0x00007af4                __cxxabiv1::__fundamental_type_info::~__fundamental_type_info()
 .text._ZN10__cxxabiv123__fundamental_type_infoD0Ev
                0x00007b28       0x1c C:\android-ndk-r8e\sources\cxx-stl\gnu-libstdc++\4.4.3\libs\armeabi\libgnustl_static.a(fundamental_type_info.o)
                0x00007b28                __cxxabiv1::__fundamental_type_info::~__fundamental_type_info()
 .text._ZN10__cxxabiv123__fundamental_type_infoD2Ev
                0x00007b44       0x34 C:\android-ndk-r8e\sources\cxx-stl\gnu-libstdc++\4.4.3\libs\armeabi\libgnustl_static.a(fundamental_type_info.o)
                0x00007b44                __cxxabiv1::__fundamental_type_info::~__fundamental_type_info()
 .text._ZNK9__gnu_cxx29__concurrence_broadcast_error4whatEv
                0x00007b78       0x10 C:\android-ndk-r8e\sources\cxx-stl\gnu-libstdc++\4.4.3\libs\armeabi\libgnustl_static.a(guard.o)
                0x00007b78                __gnu_cxx::__concurrence_broadcast_error::what() const
 .text._ZNK9__gnu_cxx24__concurrence_wait_error4whatEv
                0x00007b88       0x10 C:\android-ndk-r8e\sources\cxx-stl\gnu-libstdc++\4.4.3\libs\armeabi\libgnustl_static.a(guard.o)
                0x00007b88                __gnu_cxx::__concurrence_wait_error::what() const
 .text._ZN12_GLOBAL__N_1L4initEv
                0x00007b98       0x38 C:\android-ndk-r8e\sources\cxx-stl\gnu-libstdc++\4.4.3\libs\armeabi\libgnustl_static.a(guard.o)
 .text._ZN12_GLOBAL__N_1L16init_static_condEv
                0x00007bd0       0x38 C:\android-ndk-r8e\sources\cxx-stl\gnu-libstdc++\4.4.3\libs\armeabi\libgnustl_static.a(guard.o)
 .text._ZN9__gnu_cxx29__concurrence_broadcast_errorD1Ev
                0x00007c08       0x28 C:\android-ndk-r8e\sources\cxx-stl\gnu-libstdc++\4.4.3\libs\armeabi\libgnustl_static.a(guard.o)
                0x00007c08                __gnu_cxx::__concurrence_broadcast_error::~__concurrence_broadcast_error()
 .text._ZN9__gnu_cxx24__concurrence_wait_errorD1Ev
                0x00007c30       0x28 C:\android-ndk-r8e\sources\cxx-stl\gnu-libstdc++\4.4.3\libs\armeabi\libgnustl_static.a(guard.o)
                0x00007c30                __gnu_cxx::__concurrence_wait_error::~__concurrence_wait_error()
 .text._ZN12_GLOBAL__N_113mutex_wrapperD1Ev
                0x00007c58       0x6c C:\android-ndk-r8e\sources\cxx-stl\gnu-libstdc++\4.4.3\libs\armeabi\libgnustl_static.a(guard.o)
 .text._ZN9__gnu_cxx29__concurrence_broadcast_errorD0Ev
                0x00007cc4       0x30 C:\android-ndk-r8e\sources\cxx-stl\gnu-libstdc++\4.4.3\libs\armeabi\libgnustl_static.a(guard.o)
                0x00007cc4                __gnu_cxx::__concurrence_broadcast_error::~__concurrence_broadcast_error()
 .text._ZN9__gnu_cxx24__concurrence_wait_errorD0Ev
                0x00007cf4       0x30 C:\android-ndk-r8e\sources\cxx-stl\gnu-libstdc++\4.4.3\libs\armeabi\libgnustl_static.a(guard.o)
                0x00007cf4                __gnu_cxx::__concurrence_wait_error::~__concurrence_wait_error()
 .text.__cxa_guard_abort
                0x00007d24      0x168 C:\android-ndk-r8e\sources\cxx-stl\gnu-libstdc++\4.4.3\libs\armeabi\libgnustl_static.a(guard.o)
                0x00007d24                __cxa_guard_abort
 .text.__cxa_guard_release
                0x00007e8c      0x16c C:\android-ndk-r8e\sources\cxx-stl\gnu-libstdc++\4.4.3\libs\armeabi\libgnustl_static.a(guard.o)
                0x00007e8c                __cxa_guard_release
 .text.__cxa_guard_acquire
                0x00007ff8      0x1e8 C:\android-ndk-r8e\sources\cxx-stl\gnu-libstdc++\4.4.3\libs\armeabi\libgnustl_static.a(guard.o)
                0x00007ff8                __cxa_guard_acquire
 .text._Znwj    0x000081e0       0xb4 C:\android-ndk-r8e\sources\cxx-stl\gnu-libstdc++\4.4.3\libs\armeabi\libgnustl_static.a(new_op.o)
                0x000081e0                operator new(unsigned int)
 .text._ZNK10__cxxabiv119__pointer_type_info14__is_pointer_pEv
                0x00008294        0x8 C:\android-ndk-r8e\sources\cxx-stl\gnu-libstdc++\4.4.3\libs\armeabi\libgnustl_static.a(pointer_type_info.o)
                0x00008294                __cxxabiv1::__pointer_type_info::__is_pointer_p() const
 .text._ZNK10__cxxabiv119__pointer_type_info15__pointer_catchEPKNS_17__pbase_type_infoEPPvj
                0x0000829c       0x88 C:\android-ndk-r8e\sources\cxx-stl\gnu-libstdc++\4.4.3\libs\armeabi\libgnustl_static.a(pointer_type_info.o)
                0x0000829c                __cxxabiv1::__pointer_type_info::__pointer_catch(__cxxabiv1::__pbase_type_info const*, void**, unsigned int) const
 .text._ZN10__cxxabiv119__pointer_type_infoD1Ev
                0x00008324       0x34 C:\android-ndk-r8e\sources\cxx-stl\gnu-libstdc++\4.4.3\libs\armeabi\libgnustl_static.a(pointer_type_info.o)
                0x00008324                __cxxabiv1::__pointer_type_info::~__pointer_type_info()
 .text._ZN10__cxxabiv119__pointer_type_infoD0Ev
                0x00008358       0x1c C:\android-ndk-r8e\sources\cxx-stl\gnu-libstdc++\4.4.3\libs\armeabi\libgnustl_static.a(pointer_type_info.o)
                0x00008358                __cxxabiv1::__pointer_type_info::~__pointer_type_info()
 .text._ZN10__cxxabiv119__pointer_type_infoD2Ev
                0x00008374       0x34 C:\android-ndk-r8e\sources\cxx-stl\gnu-libstdc++\4.4.3\libs\armeabi\libgnustl_static.a(pointer_type_info.o)
                0x00008374                __cxxabiv1::__pointer_type_info::~__pointer_type_info()
 .text.__cxa_pure_virtual
                0x000083a8       0x20 C:\android-ndk-r8e\sources\cxx-stl\gnu-libstdc++\4.4.3\libs\armeabi\libgnustl_static.a(pure.o)
                0x000083a8                __cxa_pure_virtual
 .text._ZNK10__cxxabiv120__si_class_type_info11__do_upcastEPKNS_17__class_type_infoEPKvRNS1_15__upcast_resultE
                0x000083c8       0x48 C:\android-ndk-r8e\sources\cxx-stl\gnu-libstdc++\4.4.3\libs\armeabi\libgnustl_static.a(si_class_type_info.o)
                0x000083c8                __cxxabiv1::__si_class_type_info::__do_upcast(__cxxabiv1::__class_type_info const*, void const*, __cxxabiv1::__class_type_info::__upcast_result&) const
 .text._ZNK10__cxxabiv120__si_class_type_info12__do_dyncastEiNS_17__class_type_info10__sub_kindEPKS1_PKvS4_S6_RNS1_16__dyncast_resultE
                0x00008410       0xd0 C:\android-ndk-r8e\sources\cxx-stl\gnu-libstdc++\4.4.3\libs\armeabi\libgnustl_static.a(si_class_type_info.o)
                0x00008410                __cxxabiv1::__si_class_type_info::__do_dyncast(int, __cxxabiv1::__class_type_info::__sub_kind, __cxxabiv1::__class_type_info const*, void const*, __cxxabiv1::__class_type_info const*, void const*, __cxxabiv1::__class_type_info::__dyncast_result&) const
 .text._ZNK10__cxxabiv120__si_class_type_info20__do_find_public_srcEiPKvPKNS_17__class_type_infoES2_
                0x000084e0       0x68 C:\android-ndk-r8e\sources\cxx-stl\gnu-libstdc++\4.4.3\libs\armeabi\libgnustl_static.a(si_class_type_info.o)
                0x000084e0                __cxxabiv1::__si_class_type_info::__do_find_public_src(int, void const*, __cxxabiv1::__class_type_info const*, void const*) const
 .text._ZN10__cxxabiv120__si_class_type_infoD1Ev
                0x00008548       0x34 C:\android-ndk-r8e\sources\cxx-stl\gnu-libstdc++\4.4.3\libs\armeabi\libgnustl_static.a(si_class_type_info.o)
                0x00008548                __cxxabiv1::__si_class_type_info::~__si_class_type_info()
 .text._ZN10__cxxabiv120__si_class_type_infoD0Ev
                0x0000857c       0x1c C:\android-ndk-r8e\sources\cxx-stl\gnu-libstdc++\4.4.3\libs\armeabi\libgnustl_static.a(si_class_type_info.o)
                0x0000857c                __cxxabiv1::__si_class_type_info::~__si_class_type_info()
 .text._ZN10__cxxabiv120__si_class_type_infoD2Ev
                0x00008598       0x34 C:\android-ndk-r8e\sources\cxx-stl\gnu-libstdc++\4.4.3\libs\armeabi\libgnustl_static.a(si_class_type_info.o)
                0x00008598                __cxxabiv1::__si_class_type_info::~__si_class_type_info()
 .text._ZNSt9type_infoD2Ev
                0x000085cc        0x4 C:\android-ndk-r8e\sources\cxx-stl\gnu-libstdc++\4.4.3\libs\armeabi\libgnustl_static.a(tinfo.o)
                0x000085cc                std::type_info::~type_info()
 .text._ZNKSt9type_info14__is_pointer_pEv
                0x000085d0        0x8 C:\android-ndk-r8e\sources\cxx-stl\gnu-libstdc++\4.4.3\libs\armeabi\libgnustl_static.a(tinfo.o)
                0x000085d0                std::type_info::__is_pointer_p() const
 .text._ZNKSt9type_info15__is_function_pEv
                0x000085d8        0x8 C:\android-ndk-r8e\sources\cxx-stl\gnu-libstdc++\4.4.3\libs\armeabi\libgnustl_static.a(tinfo.o)
                0x000085d8                std::type_info::__is_function_p() const
 .text._ZNKSt9type_info11__do_upcastEPKN10__cxxabiv117__class_type_infoEPPv
                0x000085e0        0x8 C:\android-ndk-r8e\sources\cxx-stl\gnu-libstdc++\4.4.3\libs\armeabi\libgnustl_static.a(tinfo.o)
                0x000085e0                std::type_info::__do_upcast(__cxxabiv1::__class_type_info const*, void**) const
 .text._ZNKSt9type_infoeqERKS_
                0x000085e8       0x54 C:\android-ndk-r8e\sources\cxx-stl\gnu-libstdc++\4.4.3\libs\armeabi\libgnustl_static.a(tinfo.o)
                0x000085e8                std::type_info::operator==(std::type_info const&) const
 .text._ZNKSt9type_info10__do_catchEPKS_PPvj
                0x0000863c        0x4 C:\android-ndk-r8e\sources\cxx-stl\gnu-libstdc++\4.4.3\libs\armeabi\libgnustl_static.a(tinfo.o)
                0x0000863c                std::type_info::__do_catch(std::type_info const*, void**, unsigned int) const
 .text._ZNSt12length_errorD1Ev
                0x00008640       0x2c C:\android-ndk-r8e\sources\cxx-stl\gnu-libstdc++\4.4.3\libs\armeabi\libgnustl_static.a(functexcept.o)
                0x00008640                std::length_error::~length_error()
 .text._ZNSt12length_errorD0Ev
                0x0000866c       0x34 C:\android-ndk-r8e\sources\cxx-stl\gnu-libstdc++\4.4.3\libs\armeabi\libgnustl_static.a(functexcept.o)
                0x0000866c                std::length_error::~length_error()
 .text._ZSt20__throw_length_errorPKc
                0x000086a0       0xcc C:\android-ndk-r8e\sources\cxx-stl\gnu-libstdc++\4.4.3\libs\armeabi\libgnustl_static.a(functexcept.o)
                0x000086a0                std::__throw_length_error(char const*)
 .text._ZSt19__throw_logic_errorPKc
                0x0000876c       0xcc C:\android-ndk-r8e\sources\cxx-stl\gnu-libstdc++\4.4.3\libs\armeabi\libgnustl_static.a(functexcept.o)
                0x0000876c                std::__throw_logic_error(char const*)
 .text._ZNKSt11logic_error4whatEv
                0x00008838        0x8 C:\android-ndk-r8e\sources\cxx-stl\gnu-libstdc++\4.4.3\libs\armeabi\libgnustl_static.a(stdexcept.o)
                0x00008838                std::logic_error::what() const
 .text._ZNSt11logic_errorC1ERKSs
                0x00008840       0x3c C:\android-ndk-r8e\sources\cxx-stl\gnu-libstdc++\4.4.3\libs\armeabi\libgnustl_static.a(stdexcept.o)
                0x00008840                std::logic_error::logic_error(std::string const&)
 .text._ZNSt11logic_errorC2ERKSs
                0x0000887c       0x3c C:\android-ndk-r8e\sources\cxx-stl\gnu-libstdc++\4.4.3\libs\armeabi\libgnustl_static.a(stdexcept.o)
                0x0000887c                std::logic_error::logic_error(std::string const&)
 .text._ZNSt12length_errorC1ERKSs
                0x000088b8       0x28 C:\android-ndk-r8e\sources\cxx-stl\gnu-libstdc++\4.4.3\libs\armeabi\libgnustl_static.a(stdexcept.o)
                0x000088b8                std::length_error::length_error(std::string const&)
 .text._ZNSt11logic_errorD1Ev
                0x000088e0       0x9c C:\android-ndk-r8e\sources\cxx-stl\gnu-libstdc++\4.4.3\libs\armeabi\libgnustl_static.a(stdexcept.o)
                0x000088e0                std::logic_error::~logic_error()
 .text._ZNSt11logic_errorD0Ev
                0x0000897c       0x1c C:\android-ndk-r8e\sources\cxx-stl\gnu-libstdc++\4.4.3\libs\armeabi\libgnustl_static.a(stdexcept.o)
                0x0000897c                std::logic_error::~logic_error()
 .text._ZNSt11logic_errorD2Ev
                0x00008998       0x9c C:\android-ndk-r8e\sources\cxx-stl\gnu-libstdc++\4.4.3\libs\armeabi\libgnustl_static.a(stdexcept.o)
                0x00008998                std::logic_error::~logic_error()
 .text._ZNK12_GLOBAL__N_122generic_error_category4nameEv
                0x00008a34       0x10 C:\android-ndk-r8e\sources\cxx-stl\gnu-libstdc++\4.4.3\libs\armeabi\libgnustl_static.a(system_error.o)
 .text._ZNK12_GLOBAL__N_121system_error_category4nameEv
                0x00008a44       0x10 C:\android-ndk-r8e\sources\cxx-stl\gnu-libstdc++\4.4.3\libs\armeabi\libgnustl_static.a(system_error.o)
 .text._ZNKSt14error_category23default_error_conditionEi
                0x00008a54        0xc C:\android-ndk-r8e\sources\cxx-stl\gnu-libstdc++\4.4.3\libs\armeabi\libgnustl_static.a(system_error.o)
                0x00008a54                std::error_category::default_error_condition(int) const
 .text._ZNKSt14error_category10equivalentEiRKSt15error_condition
                0x00008a60       0x5c C:\android-ndk-r8e\sources\cxx-stl\gnu-libstdc++\4.4.3\libs\armeabi\libgnustl_static.a(system_error.o)
                0x00008a60                std::error_category::equivalent(int, std::error_condition const&) const
 .text._ZNKSt14error_category10equivalentERKSt10error_codei
                0x00008abc       0x24 C:\android-ndk-r8e\sources\cxx-stl\gnu-libstdc++\4.4.3\libs\armeabi\libgnustl_static.a(system_error.o)
                0x00008abc                std::error_category::equivalent(std::error_code const&, int) const
 .text._ZN12_GLOBAL__N_122generic_error_categoryD1Ev
                0x00008ae0        0x4 C:\android-ndk-r8e\sources\cxx-stl\gnu-libstdc++\4.4.3\libs\armeabi\libgnustl_static.a(system_error.o)
 .text._ZN12_GLOBAL__N_121system_error_categoryD1Ev
                0x00008ae4        0x4 C:\android-ndk-r8e\sources\cxx-stl\gnu-libstdc++\4.4.3\libs\armeabi\libgnustl_static.a(system_error.o)
 .text._ZN12_GLOBAL__N_121system_error_categoryD0Ev
                0x00008ae8       0x14 C:\android-ndk-r8e\sources\cxx-stl\gnu-libstdc++\4.4.3\libs\armeabi\libgnustl_static.a(system_error.o)
 .text._ZN12_GLOBAL__N_122generic_error_categoryD0Ev
                0x00008afc       0x14 C:\android-ndk-r8e\sources\cxx-stl\gnu-libstdc++\4.4.3\libs\armeabi\libgnustl_static.a(system_error.o)
 .text._GLOBAL__I_system_error.cc
                0x00008b10       0x7c C:\android-ndk-r8e\sources\cxx-stl\gnu-libstdc++\4.4.3\libs\armeabi\libgnustl_static.a(system_error.o)
 .text._ZNK12_GLOBAL__N_122generic_error_category7messageEi
                0x00008b8c       0x34 C:\android-ndk-r8e\sources\cxx-stl\gnu-libstdc++\4.4.3\libs\armeabi\libgnustl_static.a(system_error.o)
 .text._ZNK12_GLOBAL__N_121system_error_category7messageEi
                0x00008bc0       0x34 C:\android-ndk-r8e\sources\cxx-stl\gnu-libstdc++\4.4.3\libs\armeabi\libgnustl_static.a(system_error.o)
 .text.__aeabi_atexit
                0x00008bf4       0x10 C:\android-ndk-r8e\sources\cxx-stl\gnu-libstdc++\4.4.3\libs\armeabi\libgnustl_static.a(atexit_arm.o)
                0x00008bf4                __aeabi_atexit
 .text._ZNKSt8bad_cast4whatEv
                0x00008c04       0x10 C:\android-ndk-r8e\sources\cxx-stl\gnu-libstdc++\4.4.3\libs\armeabi\libgnustl_static.a(bad_cast.o)
                0x00008c04                std::bad_cast::what() const
 .text._ZNSt8bad_castD1Ev
                0x00008c14       0x34 C:\android-ndk-r8e\sources\cxx-stl\gnu-libstdc++\4.4.3\libs\armeabi\libgnustl_static.a(bad_cast.o)
                0x00008c14                std::bad_cast::~bad_cast()
 .text._ZNSt8bad_castD0Ev
                0x00008c48       0x1c C:\android-ndk-r8e\sources\cxx-stl\gnu-libstdc++\4.4.3\libs\armeabi\libgnustl_static.a(bad_cast.o)
                0x00008c48                std::bad_cast::~bad_cast()
 .text._ZNSt8bad_castD2Ev
                0x00008c64       0x34 C:\android-ndk-r8e\sources\cxx-stl\gnu-libstdc++\4.4.3\libs\armeabi\libgnustl_static.a(bad_cast.o)
                0x00008c64                std::bad_cast::~bad_cast()
 .text._ZNKSt10bad_typeid4whatEv
                0x00008c98       0x10 C:\android-ndk-r8e\sources\cxx-stl\gnu-libstdc++\4.4.3\libs\armeabi\libgnustl_static.a(bad_typeid.o)
                0x00008c98                std::bad_typeid::what() const
 .text._ZNSt10bad_typeidD1Ev
                0x00008ca8       0x34 C:\android-ndk-r8e\sources\cxx-stl\gnu-libstdc++\4.4.3\libs\armeabi\libgnustl_static.a(bad_typeid.o)
                0x00008ca8                std::bad_typeid::~bad_typeid()
 .text._ZNSt10bad_typeidD0Ev
                0x00008cdc       0x1c C:\android-ndk-r8e\sources\cxx-stl\gnu-libstdc++\4.4.3\libs\armeabi\libgnustl_static.a(bad_typeid.o)
                0x00008cdc                std::bad_typeid::~bad_typeid()
 .text._ZNSt10bad_typeidD2Ev
                0x00008cf8       0x34 C:\android-ndk-r8e\sources\cxx-stl\gnu-libstdc++\4.4.3\libs\armeabi\libgnustl_static.a(bad_typeid.o)
                0x00008cf8                std::bad_typeid::~bad_typeid()
 .text._ZNK10__cxxabiv117__class_type_info11__do_upcastEPKS0_PPv
                0x00008d2c       0x5c C:\android-ndk-r8e\sources\cxx-stl\gnu-libstdc++\4.4.3\libs\armeabi\libgnustl_static.a(class_type_info.o)
                0x00008d2c                __cxxabiv1::__class_type_info::__do_upcast(__cxxabiv1::__class_type_info const*, void**) const
 .text._ZNK10__cxxabiv117__class_type_info20__do_find_public_srcEiPKvPKS0_S2_
                0x00008d88       0x14 C:\android-ndk-r8e\sources\cxx-stl\gnu-libstdc++\4.4.3\libs\armeabi\libgnustl_static.a(class_type_info.o)
                0x00008d88                __cxxabiv1::__class_type_info::__do_find_public_src(int, void const*, __cxxabiv1::__class_type_info const*, void const*) const
 .text._ZNK10__cxxabiv117__class_type_info11__do_upcastEPKS0_PKvRNS0_15__upcast_resultE
                0x00008d9c       0x34 C:\android-ndk-r8e\sources\cxx-stl\gnu-libstdc++\4.4.3\libs\armeabi\libgnustl_static.a(class_type_info.o)
                0x00008d9c                __cxxabiv1::__class_type_info::__do_upcast(__cxxabiv1::__class_type_info const*, void const*, __cxxabiv1::__class_type_info::__upcast_result&) const
 .text._ZNK10__cxxabiv117__class_type_info12__do_dyncastEiNS0_10__sub_kindEPKS0_PKvS3_S5_RNS0_16__dyncast_resultE
                0x00008dd0       0x6c C:\android-ndk-r8e\sources\cxx-stl\gnu-libstdc++\4.4.3\libs\armeabi\libgnustl_static.a(class_type_info.o)
                0x00008dd0                __cxxabiv1::__class_type_info::__do_dyncast(int, __cxxabiv1::__class_type_info::__sub_kind, __cxxabiv1::__class_type_info const*, void const*, __cxxabiv1::__class_type_info const*, void const*, __cxxabiv1::__class_type_info::__dyncast_result&) const
 .text._ZNK10__cxxabiv117__class_type_info10__do_catchEPKSt9type_infoPPvj
                0x00008e3c       0x48 C:\android-ndk-r8e\sources\cxx-stl\gnu-libstdc++\4.4.3\libs\armeabi\libgnustl_static.a(class_type_info.o)
                0x00008e3c                __cxxabiv1::__class_type_info::__do_catch(std::type_info const*, void**, unsigned int) const
 .text._ZN10__cxxabiv117__class_type_infoD1Ev
                0x00008e84       0x34 C:\android-ndk-r8e\sources\cxx-stl\gnu-libstdc++\4.4.3\libs\armeabi\libgnustl_static.a(class_type_info.o)
                0x00008e84                __cxxabiv1::__class_type_info::~__class_type_info()
 .text._ZN10__cxxabiv117__class_type_infoD0Ev
                0x00008eb8       0x1c C:\android-ndk-r8e\sources\cxx-stl\gnu-libstdc++\4.4.3\libs\armeabi\libgnustl_static.a(class_type_info.o)
                0x00008eb8                __cxxabiv1::__class_type_info::~__class_type_info()
 .text._ZN10__cxxabiv117__class_type_infoD2Ev
                0x00008ed4       0x34 C:\android-ndk-r8e\sources\cxx-stl\gnu-libstdc++\4.4.3\libs\armeabi\libgnustl_static.a(class_type_info.o)
                0x00008ed4                __cxxabiv1::__class_type_info::~__class_type_info()
 .text._ZSt15set_new_handlerPFvvE
                0x00008f08       0x1c C:\android-ndk-r8e\sources\cxx-stl\gnu-libstdc++\4.4.3\libs\armeabi\libgnustl_static.a(new_handler.o)
                0x00008f08                std::set_new_handler(void (*)())
 .text._ZNKSt9bad_alloc4whatEv
                0x00008f24       0x10 C:\android-ndk-r8e\sources\cxx-stl\gnu-libstdc++\4.4.3\libs\armeabi\libgnustl_static.a(new_handler.o)
                0x00008f24                std::bad_alloc::what() const
 .text._ZNSt9bad_allocD1Ev
                0x00008f34       0x34 C:\android-ndk-r8e\sources\cxx-stl\gnu-libstdc++\4.4.3\libs\armeabi\libgnustl_static.a(new_handler.o)
                0x00008f34                std::bad_alloc::~bad_alloc()
 .text._ZNSt9bad_allocD0Ev
                0x00008f68       0x1c C:\android-ndk-r8e\sources\cxx-stl\gnu-libstdc++\4.4.3\libs\armeabi\libgnustl_static.a(new_handler.o)
                0x00008f68                std::bad_alloc::~bad_alloc()
 .text._ZNSt9bad_allocD2Ev
                0x00008f84       0x34 C:\android-ndk-r8e\sources\cxx-stl\gnu-libstdc++\4.4.3\libs\armeabi\libgnustl_static.a(new_handler.o)
                0x00008f84                std::bad_alloc::~bad_alloc()
 .text._ZNK10__cxxabiv117__pbase_type_info15__pointer_catchEPKS0_PPvj
                0x00008fb8       0x24 C:\android-ndk-r8e\sources\cxx-stl\gnu-libstdc++\4.4.3\libs\armeabi\libgnustl_static.a(pbase_type_info.o)
                0x00008fb8                __cxxabiv1::__pbase_type_info::__pointer_catch(__cxxabiv1::__pbase_type_info const*, void**, unsigned int) const
 .text._ZNK10__cxxabiv117__pbase_type_info10__do_catchEPKSt9type_infoPPvj
                0x00008fdc       0x94 C:\android-ndk-r8e\sources\cxx-stl\gnu-libstdc++\4.4.3\libs\armeabi\libgnustl_static.a(pbase_type_info.o)
                0x00008fdc                __cxxabiv1::__pbase_type_info::__do_catch(std::type_info const*, void**, unsigned int) const
 .text._ZN10__cxxabiv117__pbase_type_infoD1Ev
                0x00009070       0x34 C:\android-ndk-r8e\sources\cxx-stl\gnu-libstdc++\4.4.3\libs\armeabi\libgnustl_static.a(pbase_type_info.o)
                0x00009070                __cxxabiv1::__pbase_type_info::~__pbase_type_info()
 .text._ZN10__cxxabiv117__pbase_type_infoD0Ev
                0x000090a4       0x1c C:\android-ndk-r8e\sources\cxx-stl\gnu-libstdc++\4.4.3\libs\armeabi\libgnustl_static.a(pbase_type_info.o)
                0x000090a4                __cxxabiv1::__pbase_type_info::~__pbase_type_info()
 .text._ZN10__cxxabiv117__pbase_type_infoD2Ev
                0x000090c0       0x34 C:\android-ndk-r8e\sources\cxx-stl\gnu-libstdc++\4.4.3\libs\armeabi\libgnustl_static.a(pbase_type_info.o)
                0x000090c0                __cxxabiv1::__pbase_type_info::~__pbase_type_info()
 .text._ZN9__gnu_cxx27__verbose_terminate_handlerEv
                0x000090f4      0x1c4 C:\android-ndk-r8e\sources\cxx-stl\gnu-libstdc++\4.4.3\libs\armeabi\libgnustl_static.a(vterminate.o)
                0x000090f4                __gnu_cxx::__verbose_terminate_handler()
 .text          0x000092b8     0x4974 C:\android-ndk-r8e\sources\cxx-stl\gnu-libstdc++\4.4.3\libs\armeabi\libgnustl_static.a(cp-demangle.o)
                0x0000d004                __cxa_demangle
                0x0000cfd0                __gcclibcxx_demangle_callback
 .text.__cxa_current_exception_type
                0x0000dc2c       0x2c C:\android-ndk-r8e\sources\cxx-stl\gnu-libstdc++\4.4.3\libs\armeabi\libgnustl_static.a(eh_type.o)
                0x0000dc2c                __cxa_current_exception_type
 .text          0x0000dc58      0xec4 c:/android-ndk-r8e/toolchains/arm-linux-androideabi-4.4.3/prebuilt/windows/bin/../lib/gcc/arm-linux-androideabi/4.4.3\libgcc.a(unwind-arm.o)
                0x0000e680                __gnu_Unwind_RaiseException
                0x0000e1d8                __aeabi_unwind_cpp_pr0
                0x0000dd08                _Unwind_GetCFA
                0x0000dca4                _Unwind_VRS_Set
                0x0000e41c                __gnu_Unwind_Backtrace
                0x0000e7b0                _Unwind_VRS_Pop
                0x0000e1c8                __aeabi_unwind_cpp_pr2
                0x0000dd14                _Unwind_DeleteException
                0x0000dd10                _Unwind_Complete
                0x0000e744                __gnu_Unwind_Resume
                0x0000e60c                __gnu_Unwind_ForcedUnwind
                0x0000e724                __gnu_Unwind_Resume_or_Rethrow
                0x0000dc58                _Unwind_VRS_Get
                0x0000e1d0                __aeabi_unwind_cpp_pr1
 .text          0x0000eb1c      0x1a8 c:/android-ndk-r8e/toolchains/arm-linux-androideabi-4.4.3/prebuilt/windows/bin/../lib/gcc/arm-linux-androideabi/4.4.3\libgcc.a(libunwind.o)
                0x0000ec7c                ___Unwind_ForcedUnwind
                0x0000eb38                __gnu_Unwind_Save_VFP
                0x0000ec58                _Unwind_Resume_or_Rethrow
                0x0000ec58                ___Unwind_Resume_or_Rethrow
                0x0000eca0                _Unwind_Backtrace
                0x0000eb1c                __restore_core_regs
                0x0000eb58                __gnu_Unwind_Save_VFP_D_16_to_31
                0x0000eb48                __gnu_Unwind_Save_VFP_D
                0x0000eca0                ___Unwind_Backtrace
                0x0000ec10                ___Unwind_RaiseException
                0x0000ec34                ___Unwind_Resume
                0x0000eb60                __gnu_Unwind_Restore_WMMXD
                0x0000eb30                __gnu_Unwind_Restore_VFP
                0x0000ec34                _Unwind_Resume
                0x0000eb40                __gnu_Unwind_Restore_VFP_D
                0x0000eb50                __gnu_Unwind_Restore_VFP_D_16_to_31
                0x0000ec10                _Unwind_RaiseException
                0x0000eb1c                restore_core_regs
                0x0000ebfc                __gnu_Unwind_Save_WMMXC
                0x0000ebe8                __gnu_Unwind_Restore_WMMXC
                0x0000ec7c                _Unwind_ForcedUnwind
                0x0000eba4                __gnu_Unwind_Save_WMMXD
 .text          0x0000ecc4      0x484 c:/android-ndk-r8e/toolchains/arm-linux-androideabi-4.4.3/prebuilt/windows/bin/../lib/gcc/arm-linux-androideabi/4.4.3\libgcc.a(pr-support.o)
                0x0000ed64                _Unwind_GetRegionStart
                0x0000ed90                __gnu_unwind_execute
                0x0000ed1c                _Unwind_GetTextRelBase
                0x0000ed2c                _Unwind_GetLanguageSpecificData
                0x0000f108                __gnu_unwind_frame
                0x0000ed24                _Unwind_GetDataRelBase
 *(.gnu.warning)
 *(.glue_7t)
 .glue_7t       0x00000000        0x0 linker stubs
 *(.glue_7)
 .glue_7        0x00000000        0x0 linker stubs
 *(.vfp11_veneer)
 .vfp11_veneer  0x00000000        0x0 linker stubs
 *(.v4_bx)
 .v4_bx         0x00000000        0x0 linker stubs

.fini
 *(.fini)
                0x0000f148                PROVIDE (__etext, .)
                0x0000f148                PROVIDE (_etext, .)
                0x0000f148                PROVIDE (etext, .)

.rodata         0x0000f148      0xe5c
 *(.rodata .rodata.* .gnu.linkonce.r.*)
 .rodata.str1.4
                0x0000f148      0x11e release\lsUtilities_platform.os
                                0x120 (size before relaxing)
 .rodata.str1.4
                0x00000000        0xc release\lsUtilities_register.os
 *fill*         0x0000f266        0x2 00
 .rodata.str1.4
                0x0000f268      0x161 C:\android-ndk-r8e\sources\cxx-stl\gnu-libstdc++\4.4.3\libs\armeabi\libgnustl_static.a(string-inst.o)
                                0x164 (size before relaxing)
 *fill*         0x0000f3c9        0x3 00
 .rodata._ZTSN9__gnu_cxx24__concurrence_lock_errorE
                0x0000f3cc       0x28 C:\android-ndk-r8e\sources\cxx-stl\gnu-libstdc++\4.4.3\libs\armeabi\libgnustl_static.a(atomicity.o)
                0x0000f3cc                typeinfo name for __gnu_cxx::__concurrence_lock_error
 .rodata._ZTSN9__gnu_cxx26__concurrence_unlock_errorE
                0x0000f3f4       0x2c C:\android-ndk-r8e\sources\cxx-stl\gnu-libstdc++\4.4.3\libs\armeabi\libgnustl_static.a(atomicity.o)
                0x0000f3f4                typeinfo name for __gnu_cxx::__concurrence_unlock_error
 .rodata.str1.4
                0x0000f420       0x4a C:\android-ndk-r8e\sources\cxx-stl\gnu-libstdc++\4.4.3\libs\armeabi\libgnustl_static.a(atomicity.o)
                                 0x4c (size before relaxing)
 *fill*         0x0000f46a        0x2 00
 .rodata._ZTSN10__cxxabiv115__forced_unwindE
                0x0000f46c       0x20 C:\android-ndk-r8e\sources\cxx-stl\gnu-libstdc++\4.4.3\libs\armeabi\libgnustl_static.a(eh_exception.o)
                0x0000f46c                typeinfo name for __cxxabiv1::__forced_unwind
 .rodata._ZTSN10__cxxabiv119__foreign_exceptionE
                0x0000f48c       0x24 C:\android-ndk-r8e\sources\cxx-stl\gnu-libstdc++\4.4.3\libs\armeabi\libgnustl_static.a(eh_exception.o)
                0x0000f48c                typeinfo name for __cxxabiv1::__foreign_exception
 .rodata.str1.4
                0x0000f4b0       0x23 C:\android-ndk-r8e\sources\cxx-stl\gnu-libstdc++\4.4.3\libs\armeabi\libgnustl_static.a(eh_exception.o)
                                 0x24 (size before relaxing)
 *fill*         0x0000f4d3        0x1 00
 .rodata._ZTSSt9exception
                0x0000f4d4       0x10 C:\android-ndk-r8e\sources\cxx-stl\gnu-libstdc++\4.4.3\libs\armeabi\libgnustl_static.a(eh_exception.o)
                0x0000f4d4                typeinfo name for std::exception
 .rodata._ZTSSt13bad_exception
                0x0000f4e4       0x14 C:\android-ndk-r8e\sources\cxx-stl\gnu-libstdc++\4.4.3\libs\armeabi\libgnustl_static.a(eh_exception.o)
                0x0000f4e4                typeinfo name for std::bad_exception
 .rodata._ZTSPKe
                0x0000f4f8        0x4 C:\android-ndk-r8e\sources\cxx-stl\gnu-libstdc++\4.4.3\libs\armeabi\libgnustl_static.a(fundamental_type_info.o)
                0x0000f4f8                typeinfo name for long double const*
 .rodata._ZTSPe
                0x0000f4fc        0x4 C:\android-ndk-r8e\sources\cxx-stl\gnu-libstdc++\4.4.3\libs\armeabi\libgnustl_static.a(fundamental_type_info.o)
                0x0000f4fc                typeinfo name for long double*
 .rodata._ZTSe  0x0000f500        0x4 C:\android-ndk-r8e\sources\cxx-stl\gnu-libstdc++\4.4.3\libs\armeabi\libgnustl_static.a(fundamental_type_info.o)
                0x0000f500                typeinfo name for long double
 .rodata._ZTSPKd
                0x0000f504        0x4 C:\android-ndk-r8e\sources\cxx-stl\gnu-libstdc++\4.4.3\libs\armeabi\libgnustl_static.a(fundamental_type_info.o)
                0x0000f504                typeinfo name for double const*
 .rodata._ZTSPd
                0x0000f508        0x4 C:\android-ndk-r8e\sources\cxx-stl\gnu-libstdc++\4.4.3\libs\armeabi\libgnustl_static.a(fundamental_type_info.o)
                0x0000f508                typeinfo name for double*
 .rodata._ZTSd  0x0000f50c        0x4 C:\android-ndk-r8e\sources\cxx-stl\gnu-libstdc++\4.4.3\libs\armeabi\libgnustl_static.a(fundamental_type_info.o)
                0x0000f50c                typeinfo name for double
 .rodata._ZTSPKf
                0x0000f510        0x4 C:\android-ndk-r8e\sources\cxx-stl\gnu-libstdc++\4.4.3\libs\armeabi\libgnustl_static.a(fundamental_type_info.o)
                0x0000f510                typeinfo name for float const*
 .rodata._ZTSPf
                0x0000f514        0x4 C:\android-ndk-r8e\sources\cxx-stl\gnu-libstdc++\4.4.3\libs\armeabi\libgnustl_static.a(fundamental_type_info.o)
                0x0000f514                typeinfo name for float*
 .rodata._ZTSf  0x0000f518        0x4 C:\android-ndk-r8e\sources\cxx-stl\gnu-libstdc++\4.4.3\libs\armeabi\libgnustl_static.a(fundamental_type_info.o)
                0x0000f518                typeinfo name for float
 .rodata._ZTSPKy
                0x0000f51c        0x4 C:\android-ndk-r8e\sources\cxx-stl\gnu-libstdc++\4.4.3\libs\armeabi\libgnustl_static.a(fundamental_type_info.o)
                0x0000f51c                typeinfo name for unsigned long long const*
 .rodata._ZTSPy
                0x0000f520        0x4 C:\android-ndk-r8e\sources\cxx-stl\gnu-libstdc++\4.4.3\libs\armeabi\libgnustl_static.a(fundamental_type_info.o)
                0x0000f520                typeinfo name for unsigned long long*
 .rodata._ZTSy  0x0000f524        0x4 C:\android-ndk-r8e\sources\cxx-stl\gnu-libstdc++\4.4.3\libs\armeabi\libgnustl_static.a(fundamental_type_info.o)
                0x0000f524                typeinfo name for unsigned long long
 .rodata._ZTSPKx
                0x0000f528        0x4 C:\android-ndk-r8e\sources\cxx-stl\gnu-libstdc++\4.4.3\libs\armeabi\libgnustl_static.a(fundamental_type_info.o)
                0x0000f528                typeinfo name for long long const*
 .rodata._ZTSPx
                0x0000f52c        0x4 C:\android-ndk-r8e\sources\cxx-stl\gnu-libstdc++\4.4.3\libs\armeabi\libgnustl_static.a(fundamental_type_info.o)
                0x0000f52c                typeinfo name for long long*
 .rodata._ZTSx  0x0000f530        0x4 C:\android-ndk-r8e\sources\cxx-stl\gnu-libstdc++\4.4.3\libs\armeabi\libgnustl_static.a(fundamental_type_info.o)
                0x0000f530                typeinfo name for long long
 .rodata._ZTSPKm
                0x0000f534        0x4 C:\android-ndk-r8e\sources\cxx-stl\gnu-libstdc++\4.4.3\libs\armeabi\libgnustl_static.a(fundamental_type_info.o)
                0x0000f534                typeinfo name for unsigned long const*
 .rodata._ZTSPm
                0x0000f538        0x4 C:\android-ndk-r8e\sources\cxx-stl\gnu-libstdc++\4.4.3\libs\armeabi\libgnustl_static.a(fundamental_type_info.o)
                0x0000f538                typeinfo name for unsigned long*
 .rodata._ZTSm  0x0000f53c        0x4 C:\android-ndk-r8e\sources\cxx-stl\gnu-libstdc++\4.4.3\libs\armeabi\libgnustl_static.a(fundamental_type_info.o)
                0x0000f53c                typeinfo name for unsigned long
 .rodata._ZTSPKl
                0x0000f540        0x4 C:\android-ndk-r8e\sources\cxx-stl\gnu-libstdc++\4.4.3\libs\armeabi\libgnustl_static.a(fundamental_type_info.o)
                0x0000f540                typeinfo name for long const*
 .rodata._ZTSPl
                0x0000f544        0x4 C:\android-ndk-r8e\sources\cxx-stl\gnu-libstdc++\4.4.3\libs\armeabi\libgnustl_static.a(fundamental_type_info.o)
                0x0000f544                typeinfo name for long*
 .rodata._ZTSl  0x0000f548        0x4 C:\android-ndk-r8e\sources\cxx-stl\gnu-libstdc++\4.4.3\libs\armeabi\libgnustl_static.a(fundamental_type_info.o)
                0x0000f548                typeinfo name for long
 .rodata._ZTSPKj
                0x0000f54c        0x4 C:\android-ndk-r8e\sources\cxx-stl\gnu-libstdc++\4.4.3\libs\armeabi\libgnustl_static.a(fundamental_type_info.o)
                0x0000f54c                typeinfo name for unsigned int const*
 .rodata._ZTSPj
                0x0000f550        0x4 C:\android-ndk-r8e\sources\cxx-stl\gnu-libstdc++\4.4.3\libs\armeabi\libgnustl_static.a(fundamental_type_info.o)
                0x0000f550                typeinfo name for unsigned int*
 .rodata._ZTSj  0x0000f554        0x4 C:\android-ndk-r8e\sources\cxx-stl\gnu-libstdc++\4.4.3\libs\armeabi\libgnustl_static.a(fundamental_type_info.o)
                0x0000f554                typeinfo name for unsigned int
 .rodata._ZTSPKi
                0x0000f558        0x4 C:\android-ndk-r8e\sources\cxx-stl\gnu-libstdc++\4.4.3\libs\armeabi\libgnustl_static.a(fundamental_type_info.o)
                0x0000f558                typeinfo name for int const*
 .rodata._ZTSPi
                0x0000f55c        0x4 C:\android-ndk-r8e\sources\cxx-stl\gnu-libstdc++\4.4.3\libs\armeabi\libgnustl_static.a(fundamental_type_info.o)
                0x0000f55c                typeinfo name for int*
 .rodata._ZTSi  0x0000f560        0x4 C:\android-ndk-r8e\sources\cxx-stl\gnu-libstdc++\4.4.3\libs\armeabi\libgnustl_static.a(fundamental_type_info.o)
                0x0000f560                typeinfo name for int
 .rodata._ZTSPKt
                0x0000f564        0x4 C:\android-ndk-r8e\sources\cxx-stl\gnu-libstdc++\4.4.3\libs\armeabi\libgnustl_static.a(fundamental_type_info.o)
                0x0000f564                typeinfo name for unsigned short const*
 .rodata._ZTSPt
                0x0000f568        0x4 C:\android-ndk-r8e\sources\cxx-stl\gnu-libstdc++\4.4.3\libs\armeabi\libgnustl_static.a(fundamental_type_info.o)
                0x0000f568                typeinfo name for unsigned short*
 .rodata._ZTSt  0x0000f56c        0x4 C:\android-ndk-r8e\sources\cxx-stl\gnu-libstdc++\4.4.3\libs\armeabi\libgnustl_static.a(fundamental_type_info.o)
                0x0000f56c                typeinfo name for unsigned short
 .rodata._ZTSPKs
                0x0000f570        0x4 C:\android-ndk-r8e\sources\cxx-stl\gnu-libstdc++\4.4.3\libs\armeabi\libgnustl_static.a(fundamental_type_info.o)
                0x0000f570                typeinfo name for short const*
 .rodata._ZTSPs
                0x0000f574        0x4 C:\android-ndk-r8e\sources\cxx-stl\gnu-libstdc++\4.4.3\libs\armeabi\libgnustl_static.a(fundamental_type_info.o)
                0x0000f574                typeinfo name for short*
 .rodata._ZTSs  0x0000f578        0x4 C:\android-ndk-r8e\sources\cxx-stl\gnu-libstdc++\4.4.3\libs\armeabi\libgnustl_static.a(fundamental_type_info.o)
                0x0000f578                typeinfo name for short
 .rodata._ZTSPKh
                0x0000f57c        0x4 C:\android-ndk-r8e\sources\cxx-stl\gnu-libstdc++\4.4.3\libs\armeabi\libgnustl_static.a(fundamental_type_info.o)
                0x0000f57c                typeinfo name for unsigned char const*
 .rodata._ZTSPh
                0x0000f580        0x4 C:\android-ndk-r8e\sources\cxx-stl\gnu-libstdc++\4.4.3\libs\armeabi\libgnustl_static.a(fundamental_type_info.o)
                0x0000f580                typeinfo name for unsigned char*
 .rodata._ZTSh  0x0000f584        0x4 C:\android-ndk-r8e\sources\cxx-stl\gnu-libstdc++\4.4.3\libs\armeabi\libgnustl_static.a(fundamental_type_info.o)
                0x0000f584                typeinfo name for unsigned char
 .rodata._ZTSPKa
                0x0000f588        0x4 C:\android-ndk-r8e\sources\cxx-stl\gnu-libstdc++\4.4.3\libs\armeabi\libgnustl_static.a(fundamental_type_info.o)
                0x0000f588                typeinfo name for signed char const*
 .rodata._ZTSPa
                0x0000f58c        0x4 C:\android-ndk-r8e\sources\cxx-stl\gnu-libstdc++\4.4.3\libs\armeabi\libgnustl_static.a(fundamental_type_info.o)
                0x0000f58c                typeinfo name for signed char*
 .rodata._ZTSa  0x0000f590        0x4 C:\android-ndk-r8e\sources\cxx-stl\gnu-libstdc++\4.4.3\libs\armeabi\libgnustl_static.a(fundamental_type_info.o)
                0x0000f590                typeinfo name for signed char
 .rodata._ZTSPKc
                0x0000f594        0x4 C:\android-ndk-r8e\sources\cxx-stl\gnu-libstdc++\4.4.3\libs\armeabi\libgnustl_static.a(fundamental_type_info.o)
                0x0000f594                typeinfo name for char const*
 .rodata._ZTSPc
                0x0000f598        0x4 C:\android-ndk-r8e\sources\cxx-stl\gnu-libstdc++\4.4.3\libs\armeabi\libgnustl_static.a(fundamental_type_info.o)
                0x0000f598                typeinfo name for char*
 .rodata._ZTSc  0x0000f59c        0x4 C:\android-ndk-r8e\sources\cxx-stl\gnu-libstdc++\4.4.3\libs\armeabi\libgnustl_static.a(fundamental_type_info.o)
                0x0000f59c                typeinfo name for char
 .rodata._ZTSPKDi
                0x0000f5a0        0x8 C:\android-ndk-r8e\sources\cxx-stl\gnu-libstdc++\4.4.3\libs\armeabi\libgnustl_static.a(fundamental_type_info.o)
                0x0000f5a0                _ZTSPKDi
 .rodata._ZTSPDi
                0x0000f5a8        0x4 C:\android-ndk-r8e\sources\cxx-stl\gnu-libstdc++\4.4.3\libs\armeabi\libgnustl_static.a(fundamental_type_info.o)
                0x0000f5a8                _ZTSPDi
 .rodata._ZTSDi
                0x0000f5ac        0x4 C:\android-ndk-r8e\sources\cxx-stl\gnu-libstdc++\4.4.3\libs\armeabi\libgnustl_static.a(fundamental_type_info.o)
                0x0000f5ac                _ZTSDi
 .rodata._ZTSPKDs
                0x0000f5b0        0x8 C:\android-ndk-r8e\sources\cxx-stl\gnu-libstdc++\4.4.3\libs\armeabi\libgnustl_static.a(fundamental_type_info.o)
                0x0000f5b0                _ZTSPKDs
 .rodata._ZTSPDs
                0x0000f5b8        0x4 C:\android-ndk-r8e\sources\cxx-stl\gnu-libstdc++\4.4.3\libs\armeabi\libgnustl_static.a(fundamental_type_info.o)
                0x0000f5b8                _ZTSPDs
 .rodata._ZTSDs
                0x0000f5bc        0x4 C:\android-ndk-r8e\sources\cxx-stl\gnu-libstdc++\4.4.3\libs\armeabi\libgnustl_static.a(fundamental_type_info.o)
                0x0000f5bc                _ZTSDs
 .rodata._ZTSPKw
                0x0000f5c0        0x4 C:\android-ndk-r8e\sources\cxx-stl\gnu-libstdc++\4.4.3\libs\armeabi\libgnustl_static.a(fundamental_type_info.o)
                0x0000f5c0                typeinfo name for wchar_t const*
 .rodata._ZTSPw
                0x0000f5c4        0x4 C:\android-ndk-r8e\sources\cxx-stl\gnu-libstdc++\4.4.3\libs\armeabi\libgnustl_static.a(fundamental_type_info.o)
                0x0000f5c4                typeinfo name for wchar_t*
 .rodata._ZTSw  0x0000f5c8        0x4 C:\android-ndk-r8e\sources\cxx-stl\gnu-libstdc++\4.4.3\libs\armeabi\libgnustl_static.a(fundamental_type_info.o)
                0x0000f5c8                typeinfo name for wchar_t
 .rodata._ZTSPKb
                0x0000f5cc        0x4 C:\android-ndk-r8e\sources\cxx-stl\gnu-libstdc++\4.4.3\libs\armeabi\libgnustl_static.a(fundamental_type_info.o)
                0x0000f5cc                typeinfo name for bool const*
 .rodata._ZTSPb
                0x0000f5d0        0x4 C:\android-ndk-r8e\sources\cxx-stl\gnu-libstdc++\4.4.3\libs\armeabi\libgnustl_static.a(fundamental_type_info.o)
                0x0000f5d0                typeinfo name for bool*
 .rodata._ZTSb  0x0000f5d4        0x4 C:\android-ndk-r8e\sources\cxx-stl\gnu-libstdc++\4.4.3\libs\armeabi\libgnustl_static.a(fundamental_type_info.o)
                0x0000f5d4                typeinfo name for bool
 .rodata._ZTSPKv
                0x0000f5d8        0x4 C:\android-ndk-r8e\sources\cxx-stl\gnu-libstdc++\4.4.3\libs\armeabi\libgnustl_static.a(fundamental_type_info.o)
                0x0000f5d8                typeinfo name for void const*
 .rodata._ZTSPv
                0x0000f5dc        0x4 C:\android-ndk-r8e\sources\cxx-stl\gnu-libstdc++\4.4.3\libs\armeabi\libgnustl_static.a(fundamental_type_info.o)
                0x0000f5dc                typeinfo name for void*
 .rodata._ZTSv  0x0000f5e0        0x4 C:\android-ndk-r8e\sources\cxx-stl\gnu-libstdc++\4.4.3\libs\armeabi\libgnustl_static.a(fundamental_type_info.o)
                0x0000f5e0                typeinfo name for void
 .rodata._ZTSN10__cxxabiv123__fundamental_type_infoE
                0x0000f5e4       0x28 C:\android-ndk-r8e\sources\cxx-stl\gnu-libstdc++\4.4.3\libs\armeabi\libgnustl_static.a(fundamental_type_info.o)
                0x0000f5e4                typeinfo name for __cxxabiv1::__fundamental_type_info
 .rodata._ZTSN9__gnu_cxx29__concurrence_broadcast_errorE
                0x0000f60c       0x2c C:\android-ndk-r8e\sources\cxx-stl\gnu-libstdc++\4.4.3\libs\armeabi\libgnustl_static.a(guard.o)
                0x0000f60c                typeinfo name for __gnu_cxx::__concurrence_broadcast_error
 .rodata._ZTSN9__gnu_cxx24__concurrence_wait_errorE
                0x0000f638       0x28 C:\android-ndk-r8e\sources\cxx-stl\gnu-libstdc++\4.4.3\libs\armeabi\libgnustl_static.a(guard.o)
                0x0000f638                typeinfo name for __gnu_cxx::__concurrence_wait_error
 .rodata.str1.4
                0x0000f660       0x50 C:\android-ndk-r8e\sources\cxx-stl\gnu-libstdc++\4.4.3\libs\armeabi\libgnustl_static.a(guard.o)
                                 0x9c (size before relaxing)
 .rodata._ZTSN10__cxxabiv119__pointer_type_infoE
                0x0000f6b0       0x24 C:\android-ndk-r8e\sources\cxx-stl\gnu-libstdc++\4.4.3\libs\armeabi\libgnustl_static.a(pointer_type_info.o)
                0x0000f6b0                typeinfo name for __cxxabiv1::__pointer_type_info
 .rodata.str1.4
                0x0000f6d4       0x1c C:\android-ndk-r8e\sources\cxx-stl\gnu-libstdc++\4.4.3\libs\armeabi\libgnustl_static.a(pure.o)
 .rodata._ZTSN10__cxxabiv120__si_class_type_infoE
                0x0000f6f0       0x28 C:\android-ndk-r8e\sources\cxx-stl\gnu-libstdc++\4.4.3\libs\armeabi\libgnustl_static.a(si_class_type_info.o)
                0x0000f6f0                typeinfo name for __cxxabiv1::__si_class_type_info
 .rodata._ZTSSt9type_info
                0x0000f718       0x10 C:\android-ndk-r8e\sources\cxx-stl\gnu-libstdc++\4.4.3\libs\armeabi\libgnustl_static.a(tinfo.o)
                0x0000f718                typeinfo name for std::type_info
 .rodata._ZTSSt12length_error
                0x0000f728       0x14 C:\android-ndk-r8e\sources\cxx-stl\gnu-libstdc++\4.4.3\libs\armeabi\libgnustl_static.a(functexcept.o)
                0x0000f728                typeinfo name for std::length_error
 .rodata._ZTSSt11logic_error
                0x0000f73c       0x10 C:\android-ndk-r8e\sources\cxx-stl\gnu-libstdc++\4.4.3\libs\armeabi\libgnustl_static.a(stdexcept.o)
                0x0000f73c                typeinfo name for std::logic_error
 .rodata._ZTSN12_GLOBAL__N_121system_error_categoryE
                0x0000f74c       0x28 C:\android-ndk-r8e\sources\cxx-stl\gnu-libstdc++\4.4.3\libs\armeabi\libgnustl_static.a(system_error.o)
 .rodata._ZTSN12_GLOBAL__N_122generic_error_categoryE
                0x0000f774       0x2c C:\android-ndk-r8e\sources\cxx-stl\gnu-libstdc++\4.4.3\libs\armeabi\libgnustl_static.a(system_error.o)
 .rodata._ZTSSt14error_category
                0x0000f7a0       0x14 C:\android-ndk-r8e\sources\cxx-stl\gnu-libstdc++\4.4.3\libs\armeabi\libgnustl_static.a(system_error.o)
                0x0000f7a0                typeinfo name for std::error_category
 .rodata.str1.4
                0x0000f7b4        0xf C:\android-ndk-r8e\sources\cxx-stl\gnu-libstdc++\4.4.3\libs\armeabi\libgnustl_static.a(system_error.o)
                                 0x10 (size before relaxing)
 *fill*         0x0000f7c3        0x1 00
 .rodata._ZTSSt8bad_cast
                0x0000f7c4        0xc C:\android-ndk-r8e\sources\cxx-stl\gnu-libstdc++\4.4.3\libs\armeabi\libgnustl_static.a(bad_cast.o)
                0x0000f7c4                typeinfo name for std::bad_cast
 .rodata.str1.4
                0x0000f7d0        0xe C:\android-ndk-r8e\sources\cxx-stl\gnu-libstdc++\4.4.3\libs\armeabi\libgnustl_static.a(bad_cast.o)
                                 0x10 (size before relaxing)
 *fill*         0x0000f7de        0x2 00
 .rodata.str1.4
                0x0000f7e0       0x10 C:\android-ndk-r8e\sources\cxx-stl\gnu-libstdc++\4.4.3\libs\armeabi\libgnustl_static.a(bad_typeid.o)
 .rodata._ZTSSt10bad_typeid
                0x0000f7f0       0x10 C:\android-ndk-r8e\sources\cxx-stl\gnu-libstdc++\4.4.3\libs\armeabi\libgnustl_static.a(bad_typeid.o)
                0x0000f7f0                typeinfo name for std::bad_typeid
 .rodata._ZTSN10__cxxabiv117__class_type_infoE
                0x0000f800       0x24 C:\android-ndk-r8e\sources\cxx-stl\gnu-libstdc++\4.4.3\libs\armeabi\libgnustl_static.a(class_type_info.o)
                0x0000f800                typeinfo name for __cxxabiv1::__class_type_info
 .rodata._ZTSSt9bad_alloc
                0x0000f824       0x10 C:\android-ndk-r8e\sources\cxx-stl\gnu-libstdc++\4.4.3\libs\armeabi\libgnustl_static.a(new_handler.o)
                0x0000f824                typeinfo name for std::bad_alloc
 .rodata.str1.4
                0x0000f834        0xf C:\android-ndk-r8e\sources\cxx-stl\gnu-libstdc++\4.4.3\libs\armeabi\libgnustl_static.a(new_handler.o)
                                 0x10 (size before relaxing)
 *fill*         0x0000f843        0x1 00
 .rodata._ZSt7nothrow
                0x0000f844        0x4 C:\android-ndk-r8e\sources\cxx-stl\gnu-libstdc++\4.4.3\libs\armeabi\libgnustl_static.a(new_handler.o)
                0x0000f844                std::nothrow
 .rodata._ZTSN10__cxxabiv117__pbase_type_infoE
                0x0000f848       0x24 C:\android-ndk-r8e\sources\cxx-stl\gnu-libstdc++\4.4.3\libs\armeabi\libgnustl_static.a(pbase_type_info.o)
                0x0000f848                typeinfo name for __cxxabiv1::__pbase_type_info
 .rodata.str1.4
                0x0000f86c       0x92 C:\android-ndk-r8e\sources\cxx-stl\gnu-libstdc++\4.4.3\libs\armeabi\libgnustl_static.a(vterminate.o)
                                 0x94 (size before relaxing)
 *fill*         0x0000f8fe        0x2 00
 .rodata.str1.4
                0x0000f900      0x6a4 C:\android-ndk-r8e\sources\cxx-stl\gnu-libstdc++\4.4.3\libs\armeabi\libgnustl_static.a(cp-demangle.o)
                                0x6d0 (size before relaxing)

.rodata1
 *(.rodata1)

.ARM.extab      0x0000ffa4      0x4d4
 *(.ARM.extab* .gnu.linkonce.armextab.*)
 .ARM.extab.text._ZNSs4_Rep10_M_destroyERKSaIcE
                0x0000ffa4        0x0 C:\android-ndk-r8e\sources\cxx-stl\gnu-libstdc++\4.4.3\libs\armeabi\libgnustl_static.a(string-inst.o)
 .ARM.extab.text._ZNSs4_Rep9_S_createEjjRKSaIcE
                0x0000ffa4       0x18 C:\android-ndk-r8e\sources\cxx-stl\gnu-libstdc++\4.4.3\libs\armeabi\libgnustl_static.a(string-inst.o)
 .ARM.extab.text._ZNSs12_S_constructIPKcEEPcT_S3_RKSaIcESt20forward_iterator_tag
                0x0000ffbc        0x0 C:\android-ndk-r8e\sources\cxx-stl\gnu-libstdc++\4.4.3\libs\armeabi\libgnustl_static.a(string-inst.o)
 .ARM.extab.text._ZNSsC1EPKcRKSaIcE
                0x0000ffbc        0x0 C:\android-ndk-r8e\sources\cxx-stl\gnu-libstdc++\4.4.3\libs\armeabi\libgnustl_static.a(string-inst.o)
 .ARM.extab.text._ZNSsD1Ev